################################################################################
#                                                                              #
#      IAR Universal Linker V5.7.1.40                                          #
#                                                                              #
#           Link time     =  22/Feb/2014  23:21:56                             #
#           Target CPU    =  RL78                                              #
#           List file     =  C:\Users\Suddenlink\Dropbox\git_files\embedded_de #
#                            sign\project1\modified_RTCSched-G14\Debug\List\LC #
#                            DDemo.map                                         #
#           Output file 1 =  C:\Users\Suddenlink\Dropbox\git_files\embedded_de #
#                            sign\project1\modified_RTCSched-G14\Debug\Exe\LCD #
#                            Demo.d87                                          #
#                            Format: debug                                     #
#                            UBROF version 10.0.6                              #
#                            Using library modules for C-SPY (-rt)             #
#           Command line  =  C:\Users\Suddenlink\Dropbox\git_files\embedded_de #
#                            sign\project1\modified_RTCSched-G14\Debug\Obj\Lib #
#                            Replacement.r87                                   #
#                            C:\Users\Suddenlink\Dropbox\git_files\embedded_de #
#                            sign\project1\modified_RTCSched-G14\Debug\Obj\RDK #
#                            RL78_spi.r87                                      #
#                            C:\Users\Suddenlink\Dropbox\git_files\embedded_de #
#                            sign\project1\modified_RTCSched-G14\Debug\Obj\ST7 #
#                            579_LCD.r87                                       #
#                            C:\Users\Suddenlink\Dropbox\git_files\embedded_de #
#                            sign\project1\modified_RTCSched-G14\Debug\Obj\YRD #
#                            KRL78_LCD.r87                                     #
#                            C:\Users\Suddenlink\Dropbox\git_files\embedded_de #
#                            sign\project1\modified_RTCSched-G14\Debug\Obj\bit #
#                            map_font.r87                                      #
#                            C:\Users\Suddenlink\Dropbox\git_files\embedded_de #
#                            sign\project1\modified_RTCSched-G14\Debug\Obj\dec #
#                            ode.r87                                           #
#                            C:\Users\Suddenlink\Dropbox\git_files\embedded_de #
#                            sign\project1\modified_RTCSched-G14\Debug\Obj\fon #
#                            t_8x16.r87                                        #
#                            C:\Users\Suddenlink\Dropbox\git_files\embedded_de #
#                            sign\project1\modified_RTCSched-G14\Debug\Obj\fon #
#                            t_8x8.r87                                         #
#                            C:\Users\Suddenlink\Dropbox\git_files\embedded_de #
#                            sign\project1\modified_RTCSched-G14\Debug\Obj\fon #
#                            t_helvr10.r87                                     #
#                            C:\Users\Suddenlink\Dropbox\git_files\embedded_de #
#                            sign\project1\modified_RTCSched-G14\Debug\Obj\fon #
#                            t_logos.r87                                       #
#                            C:\Users\Suddenlink\Dropbox\git_files\embedded_de #
#                            sign\project1\modified_RTCSched-G14\Debug\Obj\fon #
#                            t_winfreesystem14x16.r87                          #
#                            C:\Users\Suddenlink\Dropbox\git_files\embedded_de #
#                            sign\project1\modified_RTCSched-G14\Debug\Obj\fon #
#                            t_x5x7.r87                                        #
#                            C:\Users\Suddenlink\Dropbox\git_files\embedded_de #
#                            sign\project1\modified_RTCSched-G14\Debug\Obj\fon #
#                            t_x6x13.r87                                       #
#                            C:\Users\Suddenlink\Dropbox\git_files\embedded_de #
#                            sign\project1\modified_RTCSched-G14\Debug\Obj\gly #
#                            ph.r87                                            #
#                            C:\Users\Suddenlink\Dropbox\git_files\embedded_de #
#                            sign\project1\modified_RTCSched-G14\Debug\Obj\gly #
#                            ph_register.r87                                   #
#                            C:\Users\Suddenlink\Dropbox\git_files\embedded_de #
#                            sign\project1\modified_RTCSched-G14\Debug\Obj\lcd #
#                            .r87                                              #
#                            C:\Users\Suddenlink\Dropbox\git_files\embedded_de #
#                            sign\project1\modified_RTCSched-G14\Debug\Obj\que #
#                            u.r87                                             #
#                            C:\Users\Suddenlink\Dropbox\git_files\embedded_de #
#                            sign\project1\modified_RTCSched-G14\Debug\Obj\r_c #
#                            g_adc.r87                                         #
#                            C:\Users\Suddenlink\Dropbox\git_files\embedded_de #
#                            sign\project1\modified_RTCSched-G14\Debug\Obj\r_c #
#                            g_adc_user.r87                                    #
#                            C:\Users\Suddenlink\Dropbox\git_files\embedded_de #
#                            sign\project1\modified_RTCSched-G14\Debug\Obj\r_c #
#                            g_cgc.r87                                         #
#                            C:\Users\Suddenlink\Dropbox\git_files\embedded_de #
#                            sign\project1\modified_RTCSched-G14\Debug\Obj\r_c #
#                            g_cgc_user.r87                                    #
#                            C:\Users\Suddenlink\Dropbox\git_files\embedded_de #
#                            sign\project1\modified_RTCSched-G14\Debug\Obj\r_c #
#                            g_it.r87                                          #
#                            C:\Users\Suddenlink\Dropbox\git_files\embedded_de #
#                            sign\project1\modified_RTCSched-G14\Debug\Obj\r_c #
#                            g_it_user.r87                                     #
#                            C:\Users\Suddenlink\Dropbox\git_files\embedded_de #
#                            sign\project1\modified_RTCSched-G14\Debug\Obj\r_c #
#                            g_port.r87                                        #
#                            C:\Users\Suddenlink\Dropbox\git_files\embedded_de #
#                            sign\project1\modified_RTCSched-G14\Debug\Obj\r_c #
#                            g_port_user.r87                                   #
#                            C:\Users\Suddenlink\Dropbox\git_files\embedded_de #
#                            sign\project1\modified_RTCSched-G14\Debug\Obj\r_c #
#                            g_serial.r87                                      #
#                            C:\Users\Suddenlink\Dropbox\git_files\embedded_de #
#                            sign\project1\modified_RTCSched-G14\Debug\Obj\r_c #
#                            g_serial_user.r87                                 #
#                            C:\Users\Suddenlink\Dropbox\git_files\embedded_de #
#                            sign\project1\modified_RTCSched-G14\Debug\Obj\r_m #
#                            ain.r87                                           #
#                            C:\Users\Suddenlink\Dropbox\git_files\embedded_de #
#                            sign\project1\modified_RTCSched-G14\Debug\Obj\r_s #
#                            ysteminit.r87                                     #
#                            C:\Users\Suddenlink\Dropbox\git_files\embedded_de #
#                            sign\project1\modified_RTCSched-G14\Debug\Obj\rtc #
#                            _sched.r87                                        #
#                            C:\Users\Suddenlink\Dropbox\git_files\embedded_de #
#                            sign\project1\modified_RTCSched-G14\Debug\Obj\tas #
#                            ks.r87                                            #
#                            -o                                                #
#                            C:\Users\Suddenlink\Dropbox\git_files\embedded_de #
#                            sign\project1\modified_RTCSched-G14\Debug\Exe\LCD #
#                            Demo.d87                                          #
#                            -l                                                #
#                            C:\Users\Suddenlink\Dropbox\git_files\embedded_de #
#                            sign\project1\modified_RTCSched-G14\Debug\List\LC #
#                            DDemo.map                                         #
#                            -xmsn                                             #
#                            "-IC:\Program Files\IAR Systems\Embedded Workbenc #
#                            h 6.5\rl78\LIB\"                                  #
#                            -f                                                #
#                            C:\Users\Suddenlink\Dropbox\git_files\embedded_de #
#                            sign\project1\modified_RTCSched-G14\applilet3_src #
#                            \md_lnkr5f104pj.xcl                               #
#                            (-cRL78 -Z(CODE)INTVEC=00000-0007F                #
#                            -Z(CODE)CLTVEC=00080-000BF                        #
#                            -Z(CODE)OPTBYTE=000C0-000C3                       #
#                            -Z(CODE)SECUID=000C4-000CD                        #
#                            -Z(CODE)OCNIROM1=000CE-000D7                      #
#                            -Z(CODE)OCNIROM2=3FE00-3FFFF --segment_mirror     #
#                            @NEAR_CONST=NEAR_CONST_ID                         #
#                            -Z(CONST)NEAR_CONST_ID=_NEAR_CONST_LOCATION_START #
#                            -_NEAR_CONST_LOCATION_END                         #
#                            -Z(DATA)NEAR_CONST=(_NEAR_CONST_LOCATION_START+F0 #
#                            000)-(_NEAR_CONST_LOCATION_END+F0000)             #
#                            -Z(CODE)RCODE,CODE=000D8-0FFFF                    #
#                            -Z(CONST)SWITCH=000D8-0FDFF                       #
#                            -Z(CONST)NEAR_ID=[000D8-0FDFF]/10000              #
#                            -Z(CONST)SADDR_ID=[000D8-0FDFF]/10000             #
#                            -Z(CONST)DIFUNCT=[000D8-0FDFF]/10000              #
#                            -Z(CONST)FAR_ID=[09F00-3FDFF]/10000               #
#                            -Z(DATA)FAR_I=[F9F00-FFE1F]/10000                 #
#                            -P(CONST)FAR_CONST,FSWITCH=[000D8-3FDFF]/10000    #
#                            -P(CODE)XCODE=[000D8-3FDFF]/10000                 #
#                            -Z(DATA)EEPROM=F1000-F2FFF                        #
#                            -Z(DATA)WRKSEG=FFE20-FFEDF                        #
#                            -Z(DATA)SADDR_I,SADDR_Z,SADDR_N=FFE20-FFEDF       #
#                            -Z(DATA)NEAR_I,NEAR_Z,NEAR_N=F9F00-FFE1F          #
#                            -Z(DATA)FAR_Z=[F9F00-FFE1F]/10000                 #
#                            -P(DATA)FAR_N=[F9F00-FFE1F]/10000                 #
#                            -Z(DATA)NEAR_HEAP+_NEAR_HEAP_SIZE=F9F00-FFE1F     #
#                            -Z(DATA)FAR_HEAP+_FAR_HEAP_SIZE=[F9F00-FFE1F]/100 #
#                            00                                                #
#                            -Z(DATA)CSTACK+_CSTACK_SIZE=F9F00-FFE1F) -rt -s   #
#                            __program_start -D_NEAR_CONST_LOCATION=0          #
#                            -D_NEAR_CONST_LOCATION_START=3000                 #
#                            -D_NEAR_CONST_LOCATION_END=9EFF                   #
#                            "C:\Program Files\IAR Systems\Embedded Workbench  #
#                            6.5\rl78\LIB\dlrl78nn2n.r87"                      #
#                            -eHWDIV_8_8_8=?UC_DIV_L01                         #
#                            -eHWMOD_8_8_8=?UC_MOD_L01                         #
#                            -eHWSDIV_8_8_8=?SC_DIV_L01                        #
#                            -eHWSMOD_8_8_8=?SC_MOD_L01                        #
#                            -eHWSDIV_16_16_16=?SI_DIV_L02                     #
#                            -eHWSMOD_16_16_16=?SI_MOD_L02                     #
#                            -eHWSDIV_32_32_32=?SL_DIV_L03                     #
#                            -eHWSMOD_32_32_32=?SL_MOD_L03                     #
#                            -e_PrintfLargeNoMb=_Printf                        #
#                            -e__iar_sin_small=sin -e__iar_cos_small=cos       #
#                            -e__iar_tan_small=tan -e__iar_log_small=log       #
#                            -e__iar_log10_small=log10 -e__iar_exp_small=exp   #
#                            -e__iar_pow_small=pow                             #
#                            -e__iar_Sin_small=__iar_Sin                       #
#                            -e__iar_sin_smallf=sinf -e__iar_cos_smallf=cosf   #
#                            -e__iar_tan_smallf=tanf -e__iar_log_smallf=logf   #
#                            -e__iar_log10_smallf=log10f                       #
#                            -e__iar_exp_smallf=expf -e__iar_pow_smallf=powf   #
#                            -e__iar_Sin_smallf=__iar_Sinf                     #
#                            -e__iar_sin_smalll=sinl -e__iar_cos_smalll=cosl   #
#                            -e__iar_tan_smalll=tanl -e__iar_log_smalll=logl   #
#                            -e__iar_log10_smalll=log10l                       #
#                            -e__iar_exp_smalll=expl -e__iar_pow_smalll=powl   #
#                            -e__iar_Sin_smalll=__iar_Sinl                     #
#                            -D_CSTACK_SIZE=200 -D_NEAR_HEAP_SIZE=100          #
#                            -D_FAR_HEAP_SIZE=1000                             #
#                                                                              #
#                           Copyright (C) 1987-2013 IAR Systems AB.            #
################################################################################





                ****************************************
                *                                      *
                *           CROSS REFERENCE            *
                *                                      *
                ****************************************

       Program entry at :           000001F4  Relocatable, from module : ?CSTARTUP




                ****************************************
                *                                      *
                *            RUNTIME MODEL             *
                *                                      *
                ****************************************

  __Heap_Handler             = Basic
  __SystemLibrary            = DLib
  __code_model               = near
  __core                     = rl78_2
  __data_model               = near
  __dlib_file_descriptor     = 0
  __dlib_full_locale_support = 0
  __far_rt_calls             = false
  __rt_version               = 1

                ****************************************
                *                                      *
                *    AUTOMATIC SYMBOL REDIRECTIONS     *
                *                                      *
                ****************************************

                  There are no automatic symbol redirections.



                ****************************************
                *                                      *
                *              MODULE MAP              *
                *                                      *
                ****************************************


  DEFINED ABSOLUTE ENTRIES
    *************************************************************************

  DEFINED ABSOLUTE ENTRIES
  PROGRAM MODULE, NAME : ?ABS_ENTRY_MOD

Absolute parts
           ENTRY                   ADDRESS         REF BY
           =====                   =======         ======
           _FAR_HEAP_SIZE          00001000 
           _NEAR_HEAP_SIZE         00000100 
           _CSTACK_SIZE            00000200 
           _NEAR_CONST_LOCATION_END
                                   00009EFF 
           _NEAR_CONST_LOCATION_START
                                   00003000 
           _NEAR_CONST_LOCATION    00000000        Segment part 3 (?CSTARTUP)
    *************************************************************************

  FILE NAME : C:\Users\Suddenlink\Dropbox\git_files\embedded_design\project1\modified_RTCSched-G14\Debug\Obj\LibReplacement.r87
  LIBRARY MODULE, NAME : __HWDIV_8_8_8

  SEGMENTS IN THE MODULE
  ======================
__aseg
  Relative segment, address: 00000000, align: 0
  Segment part 1. ROOT.
    -------------------------------------------------------------------------
RCODE
  Relative segment, address: 000000D8 - 000000E7 (0x10 bytes), align: 1
  Segment part 2. ROOT.
           ENTRY                   ADDRESS         REF BY
           =====                   =======         ======
           HWDIV_8_8_8             000000D8 
           LOCAL                   ADDRESS         
           =====                   =======         
           LABEL2                  000000E5 

    -------------------------------------------------------------------------
  LIBRARY MODULE, NAME : __HWSDIV_16_16_16

  SEGMENTS IN THE MODULE
  ======================
__aseg
  Relative segment, address: 00000000, align: 0
  Segment part 1. ROOT.
    -------------------------------------------------------------------------
RCODE
  Relative segment, address: 000000E8 - 00000128 (0x41 bytes), align: 1
  Segment part 2. ROOT.
           ENTRY                   ADDRESS         REF BY
           =====                   =======         ======
           HWSDIV_16_16_16         000000E8        div (?div)
           LOCAL                   ADDRESS         
           =====                   =======         
           LABEL1                  000000FC 
           LABEL2                  00000109 
           LABEL3                  00000123 

    -------------------------------------------------------------------------
  LIBRARY MODULE, NAME : __HWSDIV_32_32_32

  SEGMENTS IN THE MODULE
  ======================
__aseg
  Relative segment, address: 00000000, align: 0
  Segment part 1. ROOT.
    -------------------------------------------------------------------------
RCODE
  Relative segment, address: 0000012A - 000001D6 (0xad bytes), align: 1
  Segment part 2. ROOT.
           ENTRY                   ADDRESS         REF BY
           =====                   =======         ======
           HWSDIV_32_32_32         0000012A        _LdtobLargeNoMb (?xprintflarge_nomb)
           LOCAL                   ADDRESS         
           =====                   =======         
           LABEL1                  000001D2 
           LABEL2                  000001D3 
           LABEL3                  0000015F 
           LABEL4                  00000191 
           LABEL5                  00000141 
           LABEL6                  00000159 
           Label8                  000001A6 

    -------------------------------------------------------------------------
  LIBRARY MODULE, NAME : __HWSxxx_32_32_32

  SEGMENTS IN THE MODULE
  ======================
__aseg
  Relative segment, address: 00000000, align: 0
  Segment part 1. ROOT.
    -------------------------------------------------------------------------
RCODE
  Relative segment, address: 000001D8 - 000001EE (0x17 bytes), align: 1
  Segment part 2. ROOT.
           ENTRY                   ADDRESS         REF BY
           =====                   =======         ======
           CHGSIGN_32              000001D8        HWSDIV_32_32_32 (__HWSDIV_32_32_32)

    *************************************************************************

  FILE NAME : C:\Users\Suddenlink\Dropbox\git_files\embedded_design\project1\modified_RTCSched-G14\Debug\Obj\RDKRL78_spi.r87
  PROGRAM MODULE, NAME : RDKRL78_spi

  SEGMENTS IN THE MODULE
  ======================
SADDR_A
  Relative segment, address: 000FFF0D - 000FFF0D (0x1 bytes), align: 0
  Segment part 1. ROOT.       Intra module refs:   IO_Reset
                                                   R_PORT_Create (r_cg_port)
           ENTRY                   ADDRESS         REF BY
           =====                   =======         ======
           _A_P13                  000FFF0D 
           LOCAL                   ADDRESS         
           =====                   =======         
           P13                     000FFF0D 
           P13_bit                 000FFF0D 
    -------------------------------------------------------------------------
SADDR_A
  Relative segment, address: 000FFF0E - 000FFF0E (0x1 bytes), align: 0
  Segment part 2. ROOT.       Intra module refs:   R_PORT_Create (r_cg_port)
                                                   Segment part 5
                                                   SetSendData (YRDKRL78_LCD)
                                                   YRDKRL78_CommandSend (YRDKRL78_LCD)
           ENTRY                   ADDRESS         REF BY
           =====                   =======         ======
           _A_P14                  000FFF0E 
           LOCAL                   ADDRESS         
           =====                   =======         
           P14                     000FFF0E 
           P14_bit                 000FFF0E 
    -------------------------------------------------------------------------
NEAR_I
  Relative segment, address: 000F9F00 - 000F9F03 (0x4 bytes), align: 1
  Segment part 4.             Intra module refs:   ?Subroutine2
           ENTRY                   ADDRESS         REF BY
           =====                   =======         ======
           SPI_CS_Port             000F9F00 
    -------------------------------------------------------------------------
NEAR_I
  Relative segment, address: 000F9F04 - 000F9F05 (0x2 bytes), align: 1
  Segment part 6.             Intra module refs:   ?Subroutine1
           ENTRY                   ADDRESS         REF BY
           =====                   =======         ======
           SPI_CS_Pin              000F9F04 
    -------------------------------------------------------------------------
CODE
  Relative segment, address: 0000424A - 00004252 (0x9 bytes), align: 0
  Segment part 8.
           ENTRY                   ADDRESS         REF BY
           =====                   =======         ======
           SPI_Init                0000424A        YRDKRL78_RSPIOpen (YRDKRL78_LCD)
                                                   main (r_main)
               calls direct
    -------------------------------------------------------------------------
CODE
  Relative segment, address: 00004253 - 00004281 (0x2f bytes), align: 0
  Segment part 9.             Intra module refs:   SPI_Init
           ENTRY                   ADDRESS         REF BY
           =====                   =======         ======
           IO_Reset                00004253 
               CSTACK = 00000000 ( 00000002 )
    -------------------------------------------------------------------------
CODE
  Relative segment, address: 00004282 - 0000428E (0xd bytes), align: 0
  Segment part 10.            Intra module refs:   SPI_Send
           ENTRY                   ADDRESS         REF BY
           =====                   =======         ======
           SPI_CS_Start            00004282 
               CSTACK = 00000000 ( 00000002 )
    -------------------------------------------------------------------------
CODE
  Relative segment, address: 0000428F - 00004299 (0xb bytes), align: 0
  Segment part 11.            Intra module refs:   SPI_Send
           ENTRY                   ADDRESS         REF BY
           =====                   =======         ======
           SPI_CS_End              0000428F 
               CSTACK = 00000000 ( 00000002 )
    -------------------------------------------------------------------------
CODE
  Relative segment, address: 0000429A - 000042A4 (0xb bytes), align: 0
  Segment part 12.            Intra module refs:   SPI_CS_End
                                                   SPI_CS_Start
           LOCAL                   ADDRESS         
           =====                   =======         
           ?Subroutine2            0000429A 
    -------------------------------------------------------------------------
CODE
  Relative segment, address: 000042A5 - 000042B4 (0x10 bytes), align: 0
  Segment part 13.            Intra module refs:   SPI_CS_End
                                                   SPI_CS_Start
           LOCAL                   ADDRESS         
           =====                   =======         
           ?Subroutine1            000042A5 
    -------------------------------------------------------------------------
CODE
  Relative segment, address: 000042B5 - 000042EC (0x38 bytes), align: 0
  Segment part 14.
           ENTRY                   ADDRESS         REF BY
           =====                   =======         ======
           SPI_Send                000042B5        ?Subroutine0 (YRDKRL78_LCD)
               calls direct
               CSTACK = 00000004 ( 0000000A )
    -------------------------------------------------------------------------
CODE
  Relative segment, address: 000042ED - 000042F1 (0x5 bytes), align: 0
  Segment part 15.            Intra module refs:   SPI_Send
           LOCAL                   ADDRESS         
           =====                   =======         
           ?Subroutine0            000042ED 
    -------------------------------------------------------------------------
NEAR_ID
  Relative segment, address: 00006912 - 00006915 (0x4 bytes), align: 1
  Segment part 5.             Intra module refs:   SPI_CS_Port
    -------------------------------------------------------------------------
NEAR_ID
  Relative segment, address: 00006916 - 00006917 (0x2 bytes), align: 1
  Segment part 7.             Intra module refs:   SPI_CS_Pin

    *************************************************************************

  FILE NAME : C:\Users\Suddenlink\Dropbox\git_files\embedded_design\project1\modified_RTCSched-G14\Debug\Obj\ST7579_LCD.r87
  PROGRAM MODULE, NAME : ST7579_LCD

  SEGMENTS IN THE MODULE
  ======================
CODE
  Relative segment, address: 000042F2 - 00004344 (0x53 bytes), align: 0
  Segment part 2.
           ENTRY                   ADDRESS         REF BY
           =====                   =======         ======
           ST7579_Open             000042F2        GlyphLCDOpen (glyph_register)
               calls direct
               CSTACK = 00000000 ( 00000002 )
    -------------------------------------------------------------------------
CODE
  Relative segment, address: 00004345 - 00004346 (0x2 bytes), align: 0
  Segment part 3.
           ENTRY                   ADDRESS         REF BY
           =====                   =======         ======
           ST7579_Close            00004345        GlyphLCDOpen (glyph_register)
    -------------------------------------------------------------------------
CODE
  Relative segment, address: 00004347 - 00004766 (0x420 bytes), align: 0
  Segment part 4.             Intra module refs:   Segment part 32
           ENTRY                   ADDRESS         REF BY
           =====                   =======         ======
           ST7579_Write            00004347        GlyphLCDOpen (glyph_register)
               calls direct and indirect
               CSTACK = 00000000 ( 0000000C )
    -------------------------------------------------------------------------
CODE
  Relative segment, address: 00004767 - 0000476B (0x5 bytes), align: 0
  Segment part 5.             Intra module refs:   ST7579_Write
           LOCAL                   ADDRESS         
           =====                   =======         
           ?Subroutine12           00004767 
    -------------------------------------------------------------------------
CODE
  Relative segment, address: 0000476C - 00004776 (0xb bytes), align: 0
  Segment part 6.             Intra module refs:   ST7579_Write
           LOCAL                   ADDRESS         
           =====                   =======         
           ?Subroutine10           0000476C 
    -------------------------------------------------------------------------
CODE
  Relative segment, address: 00004777 - 00004779 (0x3 bytes), align: 0
  Segment part 7.             Intra module refs:   ST7579_Write
           LOCAL                   ADDRESS         
           =====                   =======         
           ?Subroutine8            00004777 
    -------------------------------------------------------------------------
CODE
  Relative segment, address: 0000477A - 0000477E (0x5 bytes), align: 0
  Segment part 8.             Intra module refs:   ?Subroutine8
                                                   ?Subroutine9
           LOCAL                   ADDRESS         
           =====                   =======         
           ?Subroutine15           0000477A 
    -------------------------------------------------------------------------
CODE
  Relative segment, address: 0000477F - 00004790 (0x12 bytes), align: 0
  Segment part 9.             Intra module refs:   ST7579_Write
           LOCAL                   ADDRESS         
           =====                   =======         
           ?Subroutine6            0000477F 
    -------------------------------------------------------------------------
CODE
  Relative segment, address: 00004791 - 0000479A (0xa bytes), align: 0
  Segment part 10.            Intra module refs:   ST7579_Write
           LOCAL                   ADDRESS         
           =====                   =======         
           ?Subroutine5            00004791 
    -------------------------------------------------------------------------
CODE
  Relative segment, address: 0000479B - 000047A0 (0x6 bytes), align: 0
  Segment part 11.            Intra module refs:   ST7579_Write
           LOCAL                   ADDRESS         
           =====                   =======         
           ?Subroutine4            0000479B 
    -------------------------------------------------------------------------
CODE
  Relative segment, address: 000047A1 - 000047A6 (0x6 bytes), align: 0
  Segment part 12.            Intra module refs:   ?Subroutine4
                                                   ST7579_Read
                                                   ST7579_Write
           LOCAL                   ADDRESS         
           =====                   =======         
           ?Subroutine14           000047A1 
    -------------------------------------------------------------------------
CODE
  Relative segment, address: 000047A7 - 0000484D (0xa7 bytes), align: 0
  Segment part 13.            Intra module refs:   Segment part 33
           ENTRY                   ADDRESS         REF BY
           =====                   =======         ======
           ST7579_Read             000047A7        GlyphLCDOpen (glyph_register)
               CSTACK = 00000000 ( 00000004 )
    -------------------------------------------------------------------------
CODE
  Relative segment, address: 0000484E - 00004856 (0x9 bytes), align: 0
  Segment part 14.            Intra module refs:   ST7579_Read
                                                   ST7579_Write
           LOCAL                   ADDRESS         
           =====                   =======         
           ?Subroutine7            0000484E 
    -------------------------------------------------------------------------
CODE
  Relative segment, address: 00004857 - 000048F0 (0x9a bytes), align: 0
  Segment part 15.            Intra module refs:   ST7579_Config
                                                   ST7579_Write
                                                   Segment part 34
           ENTRY                   ADDRESS         REF BY
           =====                   =======         ======
           ST7579_SetSystemBiasBooster
                                   00004857 
               calls indirect
               CSTACK = 00000000 ( 00000008 )
    -------------------------------------------------------------------------
CODE
  Relative segment, address: 000048F1 - 000048F5 (0x5 bytes), align: 0
  Segment part 16.            Intra module refs:   ST7579_Config
                                                   ST7579_SetSystemBiasBooster
           LOCAL                   ADDRESS         
           =====                   =======         
           ?Subroutine1            000048F1 
    -------------------------------------------------------------------------
CODE
  Relative segment, address: 000048F6 - 0000496C (0x77 bytes), align: 0
  Segment part 17.            Intra module refs:   ST7579_Config
                                                   ST7579_Write
           ENTRY                   ADDRESS         REF BY
           =====                   =======         ======
           ST7579_SetVO_Range      000048F6 
               calls indirect
               CSTACK = 00000000 ( 00000006 )
    -------------------------------------------------------------------------
CODE
  Relative segment, address: 0000496D - 000049AE (0x42 bytes), align: 0
  Segment part 18.            Intra module refs:   ST7579_Open
           ENTRY                   ADDRESS         REF BY
           =====                   =======         ======
           ST7579_Config           0000496D 
               calls direct
               CSTACK = 00000000 ( 00000006 )
    -------------------------------------------------------------------------
CODE
  Relative segment, address: 000049AF - 000049C7 (0x19 bytes), align: 0
  Segment part 19.            Intra module refs:   ST7579_Write
           ENTRY                   ADDRESS         REF BY
           =====                   =======         ======
           ST7579_Send16bitsCommand
                                   000049AF 
               calls indirect
               CSTACK = 00000000 ( 00000004 )
    -------------------------------------------------------------------------
CODE
  Relative segment, address: 000049C8 - 000049CD (0x6 bytes), align: 0
  Segment part 20.            Intra module refs:   ST7579_Send16bitsCommand
                                                   ST7579_SetFrameRate
           LOCAL                   ADDRESS         
           =====                   =======         
           ?Subroutine0            000049C8 
    -------------------------------------------------------------------------
CODE
  Relative segment, address: 000049CE - 00004A3B (0x6e bytes), align: 0
  Segment part 22.            Intra module refs:   ST7579_Config
                                                   ST7579_Write
           ENTRY                   ADDRESS         REF BY
           =====                   =======         ======
           ST7579_SetFrameRate     000049CE 
               calls indirect
               CSTACK = 00000000 ( 00000004 )
    -------------------------------------------------------------------------
CODE
  Relative segment, address: 00004A3C - 00004A44 (0x9 bytes), align: 0
  Segment part 23.            Intra module refs:   ST7579_Send16bitsCommand
                                                   ST7579_SetFrameRate
           LOCAL                   ADDRESS         
           =====                   =======         
           ?Subroutine13           00004A3C 
    -------------------------------------------------------------------------
CODE
  Relative segment, address: 00004A45 - 00004A6D (0x29 bytes), align: 0
  Segment part 24.            Intra module refs:   ST7579_Config
                                                   ST7579_Write
           ENTRY                   ADDRESS         REF BY
           =====                   =======         ======
           ST7579_SetPage          00004A45 
               calls indirect
               CSTACK = 00000000 ( 00000004 )
    -------------------------------------------------------------------------
CODE
  Relative segment, address: 00004A6E - 00004A73 (0x6 bytes), align: 0
  Segment part 25.            Intra module refs:   ST7579_SetChar
                                                   ST7579_SetPage
                                                   ST7579_SetSystemBiasBooster
                                                   ST7579_SetVO_Range
           LOCAL                   ADDRESS         
           =====                   =======         
           ?Subroutine11           00004A6E 
    -------------------------------------------------------------------------
CODE
  Relative segment, address: 00004A74 - 00004A79 (0x6 bytes), align: 0
  Segment part 26.            Intra module refs:   ST7579_SetChar
                                                   ST7579_SetPage
                                                   ST7579_SetSystemBiasBooster
                                                   ST7579_SetVO_Range
           LOCAL                   ADDRESS         
           =====                   =======         
           ?Subroutine9            00004A74 
    -------------------------------------------------------------------------
CODE
  Relative segment, address: 00004A7A - 00004A85 (0xc bytes), align: 0
  Segment part 27.            Intra module refs:   ST7579_SetChar
                                                   ST7579_SetLine
                                                   ST7579_SetPage
                                                   ST7579_SetSystemBiasBooster
                                                   ST7579_SetVO_Range
           LOCAL                   ADDRESS         
           =====                   =======         
           ?Subroutine2            00004A7A 
    -------------------------------------------------------------------------
CODE
  Relative segment, address: 00004A86 - 00004AAC (0x27 bytes), align: 0
  Segment part 28.            Intra module refs:   ST7579_Config
                                                   ST7579_Write
           ENTRY                   ADDRESS         REF BY
           =====                   =======         ======
           ST7579_SetChar          00004A86 
               calls indirect
               CSTACK = 00000000 ( 00000004 )
    -------------------------------------------------------------------------
CODE
  Relative segment, address: 00004AAD - 00004B1B (0x6f bytes), align: 0
  Segment part 29.            Intra module refs:   ST7579_Write
           ENTRY                   ADDRESS         REF BY
           =====                   =======         ======
           ST7579_SetLine          00004AAD 
               calls indirect
               CSTACK = 00000000 ( 00000008 )
    -------------------------------------------------------------------------
CODE
  Relative segment, address: 00004B1C - 00004B1C (0x1 bytes), align: 0
  Segment part 30.            Intra module refs:   ST7579_SetFrameRate
           LOCAL                   ADDRESS         
           =====                   =======         
           ?Subroutine3            00004B1C 
    -------------------------------------------------------------------------
CODE
  Relative segment, address: 00004B1D - 00004B24 (0x8 bytes), align: 0
  Segment part 31.            Intra module refs:   ?Subroutine3
                                                   ST7579_Send16bitsCommand
                                                   ST7579_SetLine
                                                   ST7579_SetSystemBiasBooster
    -------------------------------------------------------------------------
SWITCH
  Relative segment, address: 00006864 - 00006893 (0x30 bytes), align: 1
  Segment part 32.            Intra module refs:   ST7579_Write
    -------------------------------------------------------------------------
SWITCH
  Relative segment, address: 00006894 - 000068C5 (0x32 bytes), align: 1
  Segment part 33.            Intra module refs:   ST7579_Read
    -------------------------------------------------------------------------
SWITCH
  Relative segment, address: 000068C6 - 000068EF (0x2a bytes), align: 1
  Segment part 34.            Intra module refs:   ST7579_SetSystemBiasBooster

    *************************************************************************

  FILE NAME : C:\Users\Suddenlink\Dropbox\git_files\embedded_design\project1\modified_RTCSched-G14\Debug\Obj\YRDKRL78_LCD.r87
  PROGRAM MODULE, NAME : YRDKRL78_LCD

  SEGMENTS IN THE MODULE
  ======================
CODE
  Relative segment, address: 00004B25 - 00004B29 (0x5 bytes), align: 0
  Segment part 3.
           ENTRY                   ADDRESS         REF BY
           =====                   =======         ======
           YRDKRL78_RSPIOpen       00004B25        GlyphCommOpen (glyph_register)
               calls direct
    -------------------------------------------------------------------------
CODE
  Relative segment, address: 00004B2A - 00004B2D (0x4 bytes), align: 0
  Segment part 4.             Intra module refs:   ?Subroutine0
                                                   YRDKRL78_DataSend
           LOCAL                   ADDRESS         
           =====                   =======         
           SetSendData             00004B2A 
    -------------------------------------------------------------------------
CODE
  Relative segment, address: 00004B2E - 00004B32 (0x5 bytes), align: 0
  Segment part 5.
           ENTRY                   ADDRESS         REF BY
           =====                   =======         ======
           YRDKRL78_CommandSend    00004B2E        GlyphCommOpen (glyph_register)
               calls direct
               CSTACK = 00000000 ( 00000008 )
    -------------------------------------------------------------------------
CODE
  Relative segment, address: 00004B33 - 00004B47 (0x15 bytes), align: 0
  Segment part 6.             Intra module refs:   YRDKRL78_CommandSend
                                                   YRDKRL78_DataSend
           LOCAL                   ADDRESS         
           =====                   =======         
           ?Subroutine0            00004B33 
    -------------------------------------------------------------------------
CODE
  Relative segment, address: 00004B48 - 00004B4F (0x8 bytes), align: 0
  Segment part 7.
           ENTRY                   ADDRESS         REF BY
           =====                   =======         ======
           YRDKRL78_DataSend       00004B48        GlyphCommOpen (glyph_register)
               calls direct
               CSTACK = 00000000 ( 00000008 )

    *************************************************************************

  FILE NAME : C:\Users\Suddenlink\Dropbox\git_files\embedded_design\project1\modified_RTCSched-G14\Debug\Obj\bitmap_font.r87
    *************************************************************************

  FILE NAME : C:\Users\Suddenlink\Dropbox\git_files\embedded_design\project1\modified_RTCSched-G14\Debug\Obj\decode.r87
  PROGRAM MODULE, NAME : decode

  SEGMENTS IN THE MODULE
  ======================
SADDR_A
  Relative segment, address: 000FFF04 - 000FFF04 (0x1 bytes), align: 0
  Segment part 1. ROOT.       Intra module refs:   DecodeNMEA
                                                   Init_RTC_Scheduler (rtc_sched)
                                                   R_PORT_Create (r_cg_port)
                                                   Run_RTC_Scheduler (rtc_sched)
                                                   Task1 (tasks)
                                                   r_uart1_interrupt_receive (queu)
           ENTRY                   ADDRESS         REF BY
           =====                   =======         ======
           _A_P4                   000FFF04 
           LOCAL                   ADDRESS         
           =====                   =======         
           P4                      000FFF04 
           P4_bit                  000FFF04 
    -------------------------------------------------------------------------
CODE
  Relative segment, address: 00004B50 - 00004DF5 (0x2a6 bytes), align: 0
  Segment part 10.            Intra module refs:   Segment part 16
           ENTRY                   ADDRESS         REF BY
           =====                   =======         ======
           DecodeNMEA              00004B50        Task2 (tasks)
               calls direct
               CSTACK = 00000000 ( 0000000A )
    -------------------------------------------------------------------------
CODE
  Relative segment, address: 00004DF6 - 00004DFA (0x5 bytes), align: 0
  Segment part 11.            Intra module refs:   DecodeNMEA
           LOCAL                   ADDRESS         
           =====                   =======         
           ?Subroutine1            00004DF6 
    -------------------------------------------------------------------------
CODE
  Relative segment, address: 00004DFB - 00004E09 (0xf bytes), align: 0
  Segment part 12.            Intra module refs:   DecodeNMEA
           LOCAL                   ADDRESS         
           =====                   =======         
           ?Subroutine0            00004DFB 
    -------------------------------------------------------------------------
NEAR_I
  Relative segment, address: 000F9F20 - 000F9F20 (0x1 bytes), align: 0
  Segment part 5.             Intra module refs:   ?Subroutine1
           LOCAL                   ADDRESS         
           =====                   =======         
           DecodeNMEA::comma       000F9F20 
    -------------------------------------------------------------------------
NEAR_Z
  Relative segment, address: 000F9F24 - 000F9F25 (0x2 bytes), align: 1
  Segment part 7.             Intra module refs:   DecodeNMEA
           LOCAL                   ADDRESS         
           =====                   =======         
           DecodeNMEA::temp        000F9F24 
    -------------------------------------------------------------------------
NEAR_Z
  Relative segment, address: 000FA044 - 000FA044 (0x1 bytes), align: 0
  Segment part 8.             Intra module refs:   ?Subroutine0
           LOCAL                   ADDRESS         
           =====                   =======         
           DecodeNMEA::led_state   000FA044 
    -------------------------------------------------------------------------
CODE
  Relative segment, address: 00004E0A - 00004E34 (0x2b bytes), align: 0
  Segment part 13.            Intra module refs:   DecodeNMEA
           ENTRY                   ADDRESS         REF BY
           =====                   =======         ======
           char2int                00004E0A 
               CSTACK = 00000000 ( 00000010 )
    -------------------------------------------------------------------------
CODE
  Relative segment, address: 00004E35 - 00004E9A (0x66 bytes), align: 0
  Segment part 14.            Intra module refs:   DecodeNMEA
           ENTRY                   ADDRESS         REF BY
           =====                   =======         ======
           char2float              00004E35 
               CSTACK = 00000002 ( 00000010 )
    -------------------------------------------------------------------------
CODE
  Relative segment, address: 00004E9B - 00004ECA (0x30 bytes), align: 0
  Segment part 15.            Intra module refs:   DecodeNMEA
           ENTRY                   ADDRESS         REF BY
           =====                   =======         ======
           Init_NMEA               00004E9B 
    -------------------------------------------------------------------------
NEAR_ID
  Relative segment, address: 00006932 - 00006932 (0x1 bytes), align: 0
  Segment part 6.             Intra module refs:   DecodeNMEA::comma
    -------------------------------------------------------------------------
SWITCH
  Relative segment, address: 000068F0 - 00006911 (0x22 bytes), align: 1
  Segment part 16.            Intra module refs:   DecodeNMEA

    *************************************************************************

  FILE NAME : C:\Users\Suddenlink\Dropbox\git_files\embedded_design\project1\modified_RTCSched-G14\Debug\Obj\font_8x16.r87
    *************************************************************************

  FILE NAME : C:\Users\Suddenlink\Dropbox\git_files\embedded_design\project1\modified_RTCSched-G14\Debug\Obj\font_8x8.r87
  PROGRAM MODULE, NAME : font_8x8

  SEGMENTS IN THE MODULE
  ======================
NEAR_CONST
  Relative segment, address: 000F3000 - 000F3009 (0xa bytes), align: 1
  Segment part 2.             Intra module refs:   Font8x8_table
           ENTRY                   ADDRESS         REF BY
           =====                   =======         ======
           Font8x8_char_0          000F3000 
    -------------------------------------------------------------------------
NEAR_CONST
  Relative segment, address: 000F300A - 000F3013 (0xa bytes), align: 1
  Segment part 3.             Intra module refs:   Font8x8_table
           ENTRY                   ADDRESS         REF BY
           =====                   =======         ======
           Font8x8_char_1          000F300A 
    -------------------------------------------------------------------------
NEAR_CONST
  Relative segment, address: 000F3014 - 000F301D (0xa bytes), align: 1
  Segment part 4.             Intra module refs:   Font8x8_table
           ENTRY                   ADDRESS         REF BY
           =====                   =======         ======
           Font8x8_char_2          000F3014 
    -------------------------------------------------------------------------
NEAR_CONST
  Relative segment, address: 000F301E - 000F3027 (0xa bytes), align: 1
  Segment part 5.             Intra module refs:   Font8x8_table
           ENTRY                   ADDRESS         REF BY
           =====                   =======         ======
           Font8x8_char_3          000F301E 
    -------------------------------------------------------------------------
NEAR_CONST
  Relative segment, address: 000F3028 - 000F3031 (0xa bytes), align: 1
  Segment part 6.             Intra module refs:   Font8x8_table
           ENTRY                   ADDRESS         REF BY
           =====                   =======         ======
           Font8x8_char_4          000F3028 
    -------------------------------------------------------------------------
NEAR_CONST
  Relative segment, address: 000F3032 - 000F303B (0xa bytes), align: 1
  Segment part 7.             Intra module refs:   Font8x8_table
           ENTRY                   ADDRESS         REF BY
           =====                   =======         ======
           Font8x8_char_5          000F3032 
    -------------------------------------------------------------------------
NEAR_CONST
  Relative segment, address: 000F303C - 000F3045 (0xa bytes), align: 1
  Segment part 8.             Intra module refs:   Font8x8_table
           ENTRY                   ADDRESS         REF BY
           =====                   =======         ======
           Font8x8_char_6          000F303C 
    -------------------------------------------------------------------------
NEAR_CONST
  Relative segment, address: 000F3046 - 000F304F (0xa bytes), align: 1
  Segment part 9.             Intra module refs:   Font8x8_table
           ENTRY                   ADDRESS         REF BY
           =====                   =======         ======
           Font8x8_char_7          000F3046 
    -------------------------------------------------------------------------
NEAR_CONST
  Relative segment, address: 000F3050 - 000F3059 (0xa bytes), align: 1
  Segment part 10.            Intra module refs:   Font8x8_table
           ENTRY                   ADDRESS         REF BY
           =====                   =======         ======
           Font8x8_char_8          000F3050 
    -------------------------------------------------------------------------
NEAR_CONST
  Relative segment, address: 000F305A - 000F3063 (0xa bytes), align: 1
  Segment part 11.            Intra module refs:   Font8x8_table
           ENTRY                   ADDRESS         REF BY
           =====                   =======         ======
           Font8x8_char_9          000F305A 
    -------------------------------------------------------------------------
NEAR_CONST
  Relative segment, address: 000F3064 - 000F306D (0xa bytes), align: 1
  Segment part 12.            Intra module refs:   Font8x8_table
           ENTRY                   ADDRESS         REF BY
           =====                   =======         ======
           Font8x8_char_10         000F3064 
    -------------------------------------------------------------------------
NEAR_CONST
  Relative segment, address: 000F306E - 000F3077 (0xa bytes), align: 1
  Segment part 13.            Intra module refs:   Font8x8_table
           ENTRY                   ADDRESS         REF BY
           =====                   =======         ======
           Font8x8_char_11         000F306E 
    -------------------------------------------------------------------------
NEAR_CONST
  Relative segment, address: 000F3078 - 000F3081 (0xa bytes), align: 1
  Segment part 14.            Intra module refs:   Font8x8_table
           ENTRY                   ADDRESS         REF BY
           =====                   =======         ======
           Font8x8_char_12         000F3078 
    -------------------------------------------------------------------------
NEAR_CONST
  Relative segment, address: 000F3082 - 000F308B (0xa bytes), align: 1
  Segment part 15.            Intra module refs:   Font8x8_table
           ENTRY                   ADDRESS         REF BY
           =====                   =======         ======
           Font8x8_char_13         000F3082 
    -------------------------------------------------------------------------
NEAR_CONST
  Relative segment, address: 000F308C - 000F3095 (0xa bytes), align: 1
  Segment part 16.            Intra module refs:   Font8x8_table
           ENTRY                   ADDRESS         REF BY
           =====                   =======         ======
           Font8x8_char_14         000F308C 
    -------------------------------------------------------------------------
NEAR_CONST
  Relative segment, address: 000F3096 - 000F309F (0xa bytes), align: 1
  Segment part 17.            Intra module refs:   Font8x8_table
           ENTRY                   ADDRESS         REF BY
           =====                   =======         ======
           Font8x8_char_15         000F3096 
    -------------------------------------------------------------------------
NEAR_CONST
  Relative segment, address: 000F30A0 - 000F30A9 (0xa bytes), align: 1
  Segment part 18.            Intra module refs:   Font8x8_table
           ENTRY                   ADDRESS         REF BY
           =====                   =======         ======
           Font8x8_char_16         000F30A0 
    -------------------------------------------------------------------------
NEAR_CONST
  Relative segment, address: 000F30AA - 000F30B3 (0xa bytes), align: 1
  Segment part 19.            Intra module refs:   Font8x8_table
           ENTRY                   ADDRESS         REF BY
           =====                   =======         ======
           Font8x8_char_17         000F30AA 
    -------------------------------------------------------------------------
NEAR_CONST
  Relative segment, address: 000F30B4 - 000F30BD (0xa bytes), align: 1
  Segment part 20.            Intra module refs:   Font8x8_table
           ENTRY                   ADDRESS         REF BY
           =====                   =======         ======
           Font8x8_char_18         000F30B4 
    -------------------------------------------------------------------------
NEAR_CONST
  Relative segment, address: 000F30BE - 000F30C7 (0xa bytes), align: 1
  Segment part 21.            Intra module refs:   Font8x8_table
           ENTRY                   ADDRESS         REF BY
           =====                   =======         ======
           Font8x8_char_19         000F30BE 
    -------------------------------------------------------------------------
NEAR_CONST
  Relative segment, address: 000F30C8 - 000F30D1 (0xa bytes), align: 1
  Segment part 22.            Intra module refs:   Font8x8_table
           ENTRY                   ADDRESS         REF BY
           =====                   =======         ======
           Font8x8_char_20         000F30C8 
    -------------------------------------------------------------------------
NEAR_CONST
  Relative segment, address: 000F30D2 - 000F30DB (0xa bytes), align: 1
  Segment part 23.            Intra module refs:   Font8x8_table
           ENTRY                   ADDRESS         REF BY
           =====                   =======         ======
           Font8x8_char_21         000F30D2 
    -------------------------------------------------------------------------
NEAR_CONST
  Relative segment, address: 000F30DC - 000F30E5 (0xa bytes), align: 1
  Segment part 24.            Intra module refs:   Font8x8_table
           ENTRY                   ADDRESS         REF BY
           =====                   =======         ======
           Font8x8_char_22         000F30DC 
    -------------------------------------------------------------------------
NEAR_CONST
  Relative segment, address: 000F30E6 - 000F30EF (0xa bytes), align: 1
  Segment part 25.            Intra module refs:   Font8x8_table
           ENTRY                   ADDRESS         REF BY
           =====                   =======         ======
           Font8x8_char_23         000F30E6 
    -------------------------------------------------------------------------
NEAR_CONST
  Relative segment, address: 000F30F0 - 000F30F9 (0xa bytes), align: 1
  Segment part 26.            Intra module refs:   Font8x8_table
           ENTRY                   ADDRESS         REF BY
           =====                   =======         ======
           Font8x8_char_24         000F30F0 
    -------------------------------------------------------------------------
NEAR_CONST
  Relative segment, address: 000F30FA - 000F3103 (0xa bytes), align: 1
  Segment part 27.            Intra module refs:   Font8x8_table
           ENTRY                   ADDRESS         REF BY
           =====                   =======         ======
           Font8x8_char_25         000F30FA 
    -------------------------------------------------------------------------
NEAR_CONST
  Relative segment, address: 000F3104 - 000F310D (0xa bytes), align: 1
  Segment part 28.            Intra module refs:   Font8x8_table
           ENTRY                   ADDRESS         REF BY
           =====                   =======         ======
           Font8x8_char_26         000F3104 
    -------------------------------------------------------------------------
NEAR_CONST
  Relative segment, address: 000F310E - 000F3117 (0xa bytes), align: 1
  Segment part 29.            Intra module refs:   Font8x8_table
           ENTRY                   ADDRESS         REF BY
           =====                   =======         ======
           Font8x8_char_27         000F310E 
    -------------------------------------------------------------------------
NEAR_CONST
  Relative segment, address: 000F3118 - 000F3121 (0xa bytes), align: 1
  Segment part 30.            Intra module refs:   Font8x8_table
           ENTRY                   ADDRESS         REF BY
           =====                   =======         ======
           Font8x8_char_28         000F3118 
    -------------------------------------------------------------------------
NEAR_CONST
  Relative segment, address: 000F3122 - 000F312B (0xa bytes), align: 1
  Segment part 31.            Intra module refs:   Font8x8_table
           ENTRY                   ADDRESS         REF BY
           =====                   =======         ======
           Font8x8_char_29         000F3122 
    -------------------------------------------------------------------------
NEAR_CONST
  Relative segment, address: 000F312C - 000F3135 (0xa bytes), align: 1
  Segment part 32.            Intra module refs:   Font8x8_table
           ENTRY                   ADDRESS         REF BY
           =====                   =======         ======
           Font8x8_char_30         000F312C 
    -------------------------------------------------------------------------
NEAR_CONST
  Relative segment, address: 000F3136 - 000F313F (0xa bytes), align: 1
  Segment part 33.            Intra module refs:   Font8x8_table
           ENTRY                   ADDRESS         REF BY
           =====                   =======         ======
           Font8x8_char_31         000F3136 
    -------------------------------------------------------------------------
NEAR_CONST
  Relative segment, address: 000F3140 - 000F3149 (0xa bytes), align: 1
  Segment part 34.            Intra module refs:   Font8x8_table
           ENTRY                   ADDRESS         REF BY
           =====                   =======         ======
           Font8x8_char_32         000F3140 
    -------------------------------------------------------------------------
NEAR_CONST
  Relative segment, address: 000F314A - 000F3153 (0xa bytes), align: 1
  Segment part 35.            Intra module refs:   Font8x8_table
           ENTRY                   ADDRESS         REF BY
           =====                   =======         ======
           Font8x8_char_33         000F314A 
    -------------------------------------------------------------------------
NEAR_CONST
  Relative segment, address: 000F3154 - 000F315D (0xa bytes), align: 1
  Segment part 36.            Intra module refs:   Font8x8_table
           ENTRY                   ADDRESS         REF BY
           =====                   =======         ======
           Font8x8_char_34         000F3154 
    -------------------------------------------------------------------------
NEAR_CONST
  Relative segment, address: 000F315E - 000F3167 (0xa bytes), align: 1
  Segment part 37.            Intra module refs:   Font8x8_table
           ENTRY                   ADDRESS         REF BY
           =====                   =======         ======
           Font8x8_char_35         000F315E 
    -------------------------------------------------------------------------
NEAR_CONST
  Relative segment, address: 000F3168 - 000F3171 (0xa bytes), align: 1
  Segment part 38.            Intra module refs:   Font8x8_table
           ENTRY                   ADDRESS         REF BY
           =====                   =======         ======
           Font8x8_char_36         000F3168 
    -------------------------------------------------------------------------
NEAR_CONST
  Relative segment, address: 000F3172 - 000F317B (0xa bytes), align: 1
  Segment part 39.            Intra module refs:   Font8x8_table
           ENTRY                   ADDRESS         REF BY
           =====                   =======         ======
           Font8x8_char_37         000F3172 
    -------------------------------------------------------------------------
NEAR_CONST
  Relative segment, address: 000F317C - 000F3185 (0xa bytes), align: 1
  Segment part 40.            Intra module refs:   Font8x8_table
           ENTRY                   ADDRESS         REF BY
           =====                   =======         ======
           Font8x8_char_38         000F317C 
    -------------------------------------------------------------------------
NEAR_CONST
  Relative segment, address: 000F3186 - 000F318F (0xa bytes), align: 1
  Segment part 41.            Intra module refs:   Font8x8_table
           ENTRY                   ADDRESS         REF BY
           =====                   =======         ======
           Font8x8_char_39         000F3186 
    -------------------------------------------------------------------------
NEAR_CONST
  Relative segment, address: 000F3190 - 000F3199 (0xa bytes), align: 1
  Segment part 42.            Intra module refs:   Font8x8_table
           ENTRY                   ADDRESS         REF BY
           =====                   =======         ======
           Font8x8_char_40         000F3190 
    -------------------------------------------------------------------------
NEAR_CONST
  Relative segment, address: 000F319A - 000F31A3 (0xa bytes), align: 1
  Segment part 43.            Intra module refs:   Font8x8_table
           ENTRY                   ADDRESS         REF BY
           =====                   =======         ======
           Font8x8_char_41         000F319A 
    -------------------------------------------------------------------------
NEAR_CONST
  Relative segment, address: 000F31A4 - 000F31AD (0xa bytes), align: 1
  Segment part 44.            Intra module refs:   Font8x8_table
           ENTRY                   ADDRESS         REF BY
           =====                   =======         ======
           Font8x8_char_42         000F31A4 
    -------------------------------------------------------------------------
NEAR_CONST
  Relative segment, address: 000F31AE - 000F31B7 (0xa bytes), align: 1
  Segment part 45.            Intra module refs:   Font8x8_table
           ENTRY                   ADDRESS         REF BY
           =====                   =======         ======
           Font8x8_char_43         000F31AE 
    -------------------------------------------------------------------------
NEAR_CONST
  Relative segment, address: 000F31B8 - 000F31C1 (0xa bytes), align: 1
  Segment part 46.            Intra module refs:   Font8x8_table
           ENTRY                   ADDRESS         REF BY
           =====                   =======         ======
           Font8x8_char_44         000F31B8 
    -------------------------------------------------------------------------
NEAR_CONST
  Relative segment, address: 000F31C2 - 000F31CB (0xa bytes), align: 1
  Segment part 47.            Intra module refs:   Font8x8_table
           ENTRY                   ADDRESS         REF BY
           =====                   =======         ======
           Font8x8_char_45         000F31C2 
    -------------------------------------------------------------------------
NEAR_CONST
  Relative segment, address: 000F31CC - 000F31D5 (0xa bytes), align: 1
  Segment part 48.            Intra module refs:   Font8x8_table
           ENTRY                   ADDRESS         REF BY
           =====                   =======         ======
           Font8x8_char_46         000F31CC 
    -------------------------------------------------------------------------
NEAR_CONST
  Relative segment, address: 000F31D6 - 000F31DF (0xa bytes), align: 1
  Segment part 49.            Intra module refs:   Font8x8_table
           ENTRY                   ADDRESS         REF BY
           =====                   =======         ======
           Font8x8_char_47         000F31D6 
    -------------------------------------------------------------------------
NEAR_CONST
  Relative segment, address: 000F31E0 - 000F31E9 (0xa bytes), align: 1
  Segment part 50.            Intra module refs:   Font8x8_table
           ENTRY                   ADDRESS         REF BY
           =====                   =======         ======
           Font8x8_char_48         000F31E0 
    -------------------------------------------------------------------------
NEAR_CONST
  Relative segment, address: 000F31EA - 000F31F3 (0xa bytes), align: 1
  Segment part 51.            Intra module refs:   Font8x8_table
           ENTRY                   ADDRESS         REF BY
           =====                   =======         ======
           Font8x8_char_49         000F31EA 
    -------------------------------------------------------------------------
NEAR_CONST
  Relative segment, address: 000F31F4 - 000F31FD (0xa bytes), align: 1
  Segment part 52.            Intra module refs:   Font8x8_table
           ENTRY                   ADDRESS         REF BY
           =====                   =======         ======
           Font8x8_char_50         000F31F4 
    -------------------------------------------------------------------------
NEAR_CONST
  Relative segment, address: 000F31FE - 000F3207 (0xa bytes), align: 1
  Segment part 53.            Intra module refs:   Font8x8_table
           ENTRY                   ADDRESS         REF BY
           =====                   =======         ======
           Font8x8_char_51         000F31FE 
    -------------------------------------------------------------------------
NEAR_CONST
  Relative segment, address: 000F3208 - 000F3211 (0xa bytes), align: 1
  Segment part 54.            Intra module refs:   Font8x8_table
           ENTRY                   ADDRESS         REF BY
           =====                   =======         ======
           Font8x8_char_52         000F3208 
    -------------------------------------------------------------------------
NEAR_CONST
  Relative segment, address: 000F3212 - 000F321B (0xa bytes), align: 1
  Segment part 55.            Intra module refs:   Font8x8_table
           ENTRY                   ADDRESS         REF BY
           =====                   =======         ======
           Font8x8_char_53         000F3212 
    -------------------------------------------------------------------------
NEAR_CONST
  Relative segment, address: 000F321C - 000F3225 (0xa bytes), align: 1
  Segment part 56.            Intra module refs:   Font8x8_table
           ENTRY                   ADDRESS         REF BY
           =====                   =======         ======
           Font8x8_char_54         000F321C 
    -------------------------------------------------------------------------
NEAR_CONST
  Relative segment, address: 000F3226 - 000F322F (0xa bytes), align: 1
  Segment part 57.            Intra module refs:   Font8x8_table
           ENTRY                   ADDRESS         REF BY
           =====                   =======         ======
           Font8x8_char_55         000F3226 
    -------------------------------------------------------------------------
NEAR_CONST
  Relative segment, address: 000F3230 - 000F3239 (0xa bytes), align: 1
  Segment part 58.            Intra module refs:   Font8x8_table
           ENTRY                   ADDRESS         REF BY
           =====                   =======         ======
           Font8x8_char_56         000F3230 
    -------------------------------------------------------------------------
NEAR_CONST
  Relative segment, address: 000F323A - 000F3243 (0xa bytes), align: 1
  Segment part 59.            Intra module refs:   Font8x8_table
           ENTRY                   ADDRESS         REF BY
           =====                   =======         ======
           Font8x8_char_57         000F323A 
    -------------------------------------------------------------------------
NEAR_CONST
  Relative segment, address: 000F3244 - 000F324D (0xa bytes), align: 1
  Segment part 60.            Intra module refs:   Font8x8_table
           ENTRY                   ADDRESS         REF BY
           =====                   =======         ======
           Font8x8_char_58         000F3244 
    -------------------------------------------------------------------------
NEAR_CONST
  Relative segment, address: 000F324E - 000F3257 (0xa bytes), align: 1
  Segment part 61.            Intra module refs:   Font8x8_table
           ENTRY                   ADDRESS         REF BY
           =====                   =======         ======
           Font8x8_char_59         000F324E 
    -------------------------------------------------------------------------
NEAR_CONST
  Relative segment, address: 000F3258 - 000F3261 (0xa bytes), align: 1
  Segment part 62.            Intra module refs:   Font8x8_table
           ENTRY                   ADDRESS         REF BY
           =====                   =======         ======
           Font8x8_char_60         000F3258 
    -------------------------------------------------------------------------
NEAR_CONST
  Relative segment, address: 000F3262 - 000F326B (0xa bytes), align: 1
  Segment part 63.            Intra module refs:   Font8x8_table
           ENTRY                   ADDRESS         REF BY
           =====                   =======         ======
           Font8x8_char_61         000F3262 
    -------------------------------------------------------------------------
NEAR_CONST
  Relative segment, address: 000F326C - 000F3275 (0xa bytes), align: 1
  Segment part 64.            Intra module refs:   Font8x8_table
           ENTRY                   ADDRESS         REF BY
           =====                   =======         ======
           Font8x8_char_62         000F326C 
    -------------------------------------------------------------------------
NEAR_CONST
  Relative segment, address: 000F3276 - 000F327F (0xa bytes), align: 1
  Segment part 65.            Intra module refs:   Font8x8_table
           ENTRY                   ADDRESS         REF BY
           =====                   =======         ======
           Font8x8_char_63         000F3276 
    -------------------------------------------------------------------------
NEAR_CONST
  Relative segment, address: 000F3280 - 000F3289 (0xa bytes), align: 1
  Segment part 66.            Intra module refs:   Font8x8_table
           ENTRY                   ADDRESS         REF BY
           =====                   =======         ======
           Font8x8_char_64         000F3280 
    -------------------------------------------------------------------------
NEAR_CONST
  Relative segment, address: 000F328A - 000F3293 (0xa bytes), align: 1
  Segment part 67.            Intra module refs:   Font8x8_table
           ENTRY                   ADDRESS         REF BY
           =====                   =======         ======
           Font8x8_char_65         000F328A 
    -------------------------------------------------------------------------
NEAR_CONST
  Relative segment, address: 000F3294 - 000F329D (0xa bytes), align: 1
  Segment part 68.            Intra module refs:   Font8x8_table
           ENTRY                   ADDRESS         REF BY
           =====                   =======         ======
           Font8x8_char_66         000F3294 
    -------------------------------------------------------------------------
NEAR_CONST
  Relative segment, address: 000F329E - 000F32A7 (0xa bytes), align: 1
  Segment part 69.            Intra module refs:   Font8x8_table
           ENTRY                   ADDRESS         REF BY
           =====                   =======         ======
           Font8x8_char_67         000F329E 
    -------------------------------------------------------------------------
NEAR_CONST
  Relative segment, address: 000F32A8 - 000F32B1 (0xa bytes), align: 1
  Segment part 70.            Intra module refs:   Font8x8_table
           ENTRY                   ADDRESS         REF BY
           =====                   =======         ======
           Font8x8_char_68         000F32A8 
    -------------------------------------------------------------------------
NEAR_CONST
  Relative segment, address: 000F32B2 - 000F32BB (0xa bytes), align: 1
  Segment part 71.            Intra module refs:   Font8x8_table
           ENTRY                   ADDRESS         REF BY
           =====                   =======         ======
           Font8x8_char_69         000F32B2 
    -------------------------------------------------------------------------
NEAR_CONST
  Relative segment, address: 000F32BC - 000F32C5 (0xa bytes), align: 1
  Segment part 72.            Intra module refs:   Font8x8_table
           ENTRY                   ADDRESS         REF BY
           =====                   =======         ======
           Font8x8_char_70         000F32BC 
    -------------------------------------------------------------------------
NEAR_CONST
  Relative segment, address: 000F32C6 - 000F32CF (0xa bytes), align: 1
  Segment part 73.            Intra module refs:   Font8x8_table
           ENTRY                   ADDRESS         REF BY
           =====                   =======         ======
           Font8x8_char_71         000F32C6 
    -------------------------------------------------------------------------
NEAR_CONST
  Relative segment, address: 000F32D0 - 000F32D9 (0xa bytes), align: 1
  Segment part 74.            Intra module refs:   Font8x8_table
           ENTRY                   ADDRESS         REF BY
           =====                   =======         ======
           Font8x8_char_72         000F32D0 
    -------------------------------------------------------------------------
NEAR_CONST
  Relative segment, address: 000F32DA - 000F32E3 (0xa bytes), align: 1
  Segment part 75.            Intra module refs:   Font8x8_table
           ENTRY                   ADDRESS         REF BY
           =====                   =======         ======
           Font8x8_char_73         000F32DA 
    -------------------------------------------------------------------------
NEAR_CONST
  Relative segment, address: 000F32E4 - 000F32ED (0xa bytes), align: 1
  Segment part 76.            Intra module refs:   Font8x8_table
           ENTRY                   ADDRESS         REF BY
           =====                   =======         ======
           Font8x8_char_74         000F32E4 
    -------------------------------------------------------------------------
NEAR_CONST
  Relative segment, address: 000F32EE - 000F32F7 (0xa bytes), align: 1
  Segment part 77.            Intra module refs:   Font8x8_table
           ENTRY                   ADDRESS         REF BY
           =====                   =======         ======
           Font8x8_char_75         000F32EE 
    -------------------------------------------------------------------------
NEAR_CONST
  Relative segment, address: 000F32F8 - 000F3301 (0xa bytes), align: 1
  Segment part 78.            Intra module refs:   Font8x8_table
           ENTRY                   ADDRESS         REF BY
           =====                   =======         ======
           Font8x8_char_76         000F32F8 
    -------------------------------------------------------------------------
NEAR_CONST
  Relative segment, address: 000F3302 - 000F330B (0xa bytes), align: 1
  Segment part 79.            Intra module refs:   Font8x8_table
           ENTRY                   ADDRESS         REF BY
           =====                   =======         ======
           Font8x8_char_77         000F3302 
    -------------------------------------------------------------------------
NEAR_CONST
  Relative segment, address: 000F330C - 000F3315 (0xa bytes), align: 1
  Segment part 80.            Intra module refs:   Font8x8_table
           ENTRY                   ADDRESS         REF BY
[...]
CODE
  Relative segment, address: 00005DD4 - 00005DD9 (0x6 bytes), align: 0
  Segment part 16.            Intra module refs:   _PrintfLargeNoMb
    -------------------------------------------------------------------------
CODE
  Relative segment, address: 00005DDA - 00005DDF (0x6 bytes), align: 0
  Segment part 17.            Intra module refs:   _PrintfLargeNoMb
    -------------------------------------------------------------------------
CODE
  Relative segment, address: 00005DE0 - 00005E23 (0x44 bytes), align: 0
  Segment part 18.            Intra module refs:   _PrintfLargeNoMb
           LOCAL                   ADDRESS         
           =====                   =======         
           LoadInt                 00005DE0 
               CSTACK = 00000000 ( 00000002 )
    -------------------------------------------------------------------------
CODE
  Relative segment, address: 00005E24 - 00005E2A (0x7 bytes), align: 0
  Segment part 19.            Intra module refs:   LoadInt
    -------------------------------------------------------------------------
CODE
  Relative segment, address: 00005E2B - 00005E5A (0x30 bytes), align: 0
  Segment part 20.            Intra module refs:   _PrintfLargeNoMb
           LOCAL                   ADDRESS         
           =====                   =======         
           pad                     00005E2B 
               calls direct
               CSTACK = 00000002 ( 0000000A )
    -------------------------------------------------------------------------
CODE
  Relative segment, address: 00005E5B - 00005FD7 (0x17d bytes), align: 0
  Segment part 21.            Intra module refs:   _PrintfLargeNoMb
           LOCAL                   ADDRESS         
           =====                   =======         
           _LitobLargeNoMb         00005E5B 
               CSTACK = 00000000 ( 0000001A )
    -------------------------------------------------------------------------
CODE
  Relative segment, address: 00005FD8 - 00005FD8 (0x1 bytes), align: 0
  Segment part 22.            Intra module refs:   _GenldLargeNoMb
                                                   _LitobLargeNoMb
    -------------------------------------------------------------------------
CODE
  Relative segment, address: 00005FD9 - 00005FDD (0x5 bytes), align: 0
  Segment part 23.            Intra module refs:   Segment part 22
                                                   _GenldLargeNoMb
                                                   _LitobLargeNoMb
                                                   _PrintfLargeNoMb
    -------------------------------------------------------------------------
CODE
  Relative segment, address: 00005FDE - 00006031 (0x54 bytes), align: 0
  Segment part 24.            Intra module refs:   _LdtobLargeNoMb
           LOCAL                   ADDRESS         
           =====                   =======         
           scale                   00005FDE 
               CSTACK = 00000000 ( 0000000E )
    -------------------------------------------------------------------------
CODE
  Relative segment, address: 00006032 - 00006298 (0x267 bytes), align: 0
  Segment part 25.            Intra module refs:   _PrintfLargeNoMb
           LOCAL                   ADDRESS         
           =====                   =======         
           _LdtobLargeNoMb         00006032 
               calls direct
               CSTACK = 00000000 ( 0000004C )
    -------------------------------------------------------------------------
CODE
  Relative segment, address: 00006299 - 0000629E (0x6 bytes), align: 0
  Segment part 26.            Intra module refs:   _GenldLargeNoMb
                                                   _LdtobLargeNoMb
                                                   _LitobLargeNoMb
    -------------------------------------------------------------------------
CODE
  Relative segment, address: 0000629F - 000062A5 (0x7 bytes), align: 0
  Segment part 27.            Intra module refs:   _GenldLargeNoMb
                                                   _LdtobLargeNoMb
                                                   _PrintfLargeNoMb
    -------------------------------------------------------------------------
CODE
  Relative segment, address: 000062A6 - 00006645 (0x3a0 bytes), align: 0
  Segment part 28.            Intra module refs:   _LdtobLargeNoMb
           LOCAL                   ADDRESS         
           =====                   =======         
           _GenldLargeNoMb         000062A6 
               calls direct
               CSTACK = 00000004 ( 00000020 )
    -------------------------------------------------------------------------
CODE
  Relative segment, address: 00006646 - 0000664E (0x9 bytes), align: 0
  Segment part 29.            Intra module refs:   _GenldLargeNoMb
    -------------------------------------------------------------------------
CODE
  Relative segment, address: 0000664F - 00006657 (0x9 bytes), align: 0
  Segment part 30.            Intra module refs:   _GenldLargeNoMb
    -------------------------------------------------------------------------
CODE
  Relative segment, address: 00006658 - 0000667B (0x24 bytes), align: 0
  Segment part 31.            Intra module refs:   _PrintfLargeNoMb
                                                   _PutcharsLargeNoMb
           LOCAL                   ADDRESS         
           =====                   =======         
           _PutcharLargeNoMb       00006658 
               calls indirect
               CSTACK = 00000000 ( 00000004 )
    -------------------------------------------------------------------------
CODE
  Relative segment, address: 0000667C - 000066A9 (0x2e bytes), align: 0
  Segment part 32.            Intra module refs:   _PrintfLargeNoMb
                                                   pad
           LOCAL                   ADDRESS         
           =====                   =======         
           _PutcharsLargeNoMb      0000667C 
               calls direct
               CSTACK = 00000002 ( 00000006 )
    -------------------------------------------------------------------------
NEAR_ID
  Relative segment, address: 00006918 - 0000691F (0x8 bytes), align: 1
  Segment part 3.             Intra module refs:   Segment part 2
    -------------------------------------------------------------------------
NEAR_ID
  Relative segment, address: 00006920 - 00006923 (0x4 bytes), align: 1
  Segment part 5.             Intra module refs:   Segment part 4
    -------------------------------------------------------------------------
NEAR_ID
  Relative segment, address: 00006924 - 00006927 (0x4 bytes), align: 1
  Segment part 7.             Intra module refs:   Segment part 6
    -------------------------------------------------------------------------
NEAR_ID
  Relative segment, address: 00006928 - 0000692B (0x4 bytes), align: 1
  Segment part 9.             Intra module refs:   Segment part 8
    -------------------------------------------------------------------------
NEAR_ID
  Relative segment, address: 0000692C - 0000692F (0x4 bytes), align: 1
  Segment part 11.            Intra module refs:   Segment part 10
    -------------------------------------------------------------------------
NEAR_ID
  Relative segment, address: 00006930 - 00006931 (0x2 bytes), align: 1
  Segment part 13.            Intra module refs:   Segment part 12
    -------------------------------------------------------------------------
NEAR_I
  Relative segment, address: 000F9F06 - 000F9F0D (0x8 bytes), align: 1
  Segment part 2.             Intra module refs:   _PrintfLargeNoMb
    -------------------------------------------------------------------------
NEAR_I
  Relative segment, address: 000F9F0E - 000F9F11 (0x4 bytes), align: 1
  Segment part 4.             Intra module refs:   _LdtobLargeNoMb
    -------------------------------------------------------------------------
NEAR_I
  Relative segment, address: 000F9F12 - 000F9F15 (0x4 bytes), align: 1
  Segment part 6.             Intra module refs:   _LdtobLargeNoMb
    -------------------------------------------------------------------------
NEAR_I
  Relative segment, address: 000F9F16 - 000F9F19 (0x4 bytes), align: 1
  Segment part 8.             Intra module refs:   _LdtobLargeNoMb
    -------------------------------------------------------------------------
NEAR_I
  Relative segment, address: 000F9F1A - 000F9F1D (0x4 bytes), align: 1
  Segment part 10.            Intra module refs:   _LdtobLargeNoMb
    -------------------------------------------------------------------------
NEAR_I
  Relative segment, address: 000F9F1E - 000F9F1F (0x2 bytes), align: 1
  Segment part 12.            Intra module refs:   _GenldLargeNoMb

    -------------------------------------------------------------------------
  LIBRARY MODULE, NAME : ?xsprout

  SEGMENTS IN THE MODULE
  ======================
CODE
  Relative segment, address: 000066AA - 000066B5 (0xc bytes), align: 0
  Segment part 2.
           ENTRY                   ADDRESS         REF BY
           =====                   =======         ======
           _SProut                 000066AA        vsprintf (?vsprintf)
               CSTACK = 00000000 ( 00000002 )

    -------------------------------------------------------------------------
  LIBRARY MODULE, NAME : ?xxmemxfree

  SEGMENTS IN THE MODULE
  ======================
CODE
  Relative segment, address: 000066B6 - 00006774 (0xbf bytes), align: 0
  Segment part 2.
           ENTRY                   ADDRESS         REF BY
           =====                   =======         ======
           __near_free             000066B6        __near_findmem (?xxmemxmalloc)
               CSTACK = 00000000 ( 0000000A )

    -------------------------------------------------------------------------
  LIBRARY MODULE, NAME : ?xxmemxmalloc

  SEGMENTS IN THE MODULE
  ======================
NEAR_Z
  Relative segment, address: 000FA040 - 000FA043 (0x4 bytes), align: 1
  Segment part 2.             Intra module refs:   __near_findmem
                                                   __near_malloc
           ENTRY                   ADDRESS         REF BY
           =====                   =======         ======
           __near_Aldata           000FA040        __near_free (?xxmemxfree)
    -------------------------------------------------------------------------
CODE
  Relative segment, address: 00006775 - 000067D7 (0x63 bytes), align: 0
  Segment part 4.             Intra module refs:   __near_malloc
           LOCAL                   ADDRESS         
           =====                   =======         
           __near_findmem          00006775 
               calls direct
               CSTACK = 00000000 ( 00000006 )
    -------------------------------------------------------------------------
CODE
  Relative segment, address: 000067D8 - 00006859 (0x82 bytes), align: 0
  Segment part 8.
           ENTRY                   ADDRESS         REF BY
           =====                   =======         ======
           __near_malloc           000067D8        malloc (glyph)
               calls direct
               CSTACK = 00000000 ( 00000008 )
    -------------------------------------------------------------------------
CODE
  Relative segment, address: 0000685A - 00006862 (0x9 bytes), align: 0
  Segment part 12.            Intra module refs:   __near_malloc




                ****************************************
                *                                      *
                *            MODULE SUMMARY            *
                *                                      *
                ****************************************

Module                     CODE      DATA       CONST
------                     ----      ----       -----
                          (Rel)   (Rel)  (Abs)  (Rel)
?CHAR_SSWITCH_L10            23
?CSTARTUP                    47
  + common                    2
?FCMP_LT                     77
?FLOAT_2_SIGNED_LONG        107
?FLOAT_ADD_SUB              604
?FLOAT_DIV                  376
?FLOAT_MUL                  341
?FLOAT_NEG_L04               41
?FUNCTION_LEAVE_L06          50
?INT_LSH_L02                 12
?INT_SSWITCH_L10             33
?LONG_FLOAT_DEALLOC_L06      23
?LONG_NEG_L03                31
?MEMCPY_NEAR                 12
?MEMCPY_SMALL_NEAR            8
?MOVE_LONG_OBJECT_L06        50
?SIGNED_LONG_2_FLOAT        105
?SINT_CMP_L02                12
?SINT_RSH_L02                13
?SLONG_CMP_L03               51
?SUBN_ARG                    11
?WRKSEG_DEFINE_L09                    9
?__INIT_NEAR_I               26
?__INIT_NEAR_Z               19
?__INIT_WRKSEG               11
?__MAIN_CALL                  6
?__dbg_break                  3
?__exit                      16
?_exit                        5
?div                         28
?exit                         3
?memchr                      21
?strchr                      16
?strlen                      14
?vsprintf                    42
?xdnorm                      90
?xdunscal                    86
?xgetmemchunk                30       2
?xprintflarge_nomb        3 576      26            26
?xsprout                     12
?xxmemxfree                 191
?xxmemxmalloc               238       4
RDKRL78_spi                 168       6             6
  + shared                                   2
ST7579_LCD                2 099                   140
YRDKRL78_LCD                 43
__HWDIV_8_8_8                16
__HWSDIV_16_16_16            65
__HWSDIV_32_32_32           173
__HWSxxx_32_32_32            23
decode                      891       4            35
  + shared                                   1
font_8x8                          3 072         3 072
font_x5x7                         1 528         1 528
glyph                       260
glyph_register              100
lcd                         185       4             2
queu                        216     107      2
  + shared                   40              4
  + common
r_cg_adc                     77             13
  + shared                                  12
r_cg_adc_user                 2
  + common                   54
r_cg_cgc                     42              4
r_cg_it                      39              2
r_cg_it_user                 15
  + common                   58
r_cg_port                    51              8
  + shared                                   3
r_cg_serial                 281       6     39
  + shared                                   4
r_cg_serial_user             96       2      2
  + common                   24
r_main                       97       8  1 024      8
r_systeminit                 47              5
rtc_sched                   281     105
tasks                       411     141            74
N/A (command line)                  768
N/A (alignment)               2  -4 682
----------               ------   -----  -----  -----
Total:                   12 140   1 110  1 125  4 891
  + common                   58


                ****************************************
                *                                      *
                *      SEGMENTS IN ADDRESS ORDER       *
                *                                      *
                ****************************************


SEGMENT              SPACE    START ADDRESS   END ADDRESS     SIZE  TYPE  ALIGN
=======              =====    =============   ===========     ====  ====  =====
__aseg                                  00000000                     rel    0
INTVEC                             00000000 - 00000039          3A   com    1
OPTBYTE                            000000C0 - 000000C3           4   rel    0
SECUID                             000000C4 - 000000CD           A   rel    1
RCODE                              000000D8 - 00000A1C         945   rel    1
NEAR_CONST_ID                      00003000 - 00004249        124A   rel    1
CODE                               0000424A - 00006862        2619   rel    0
SWITCH                             00006864 - 00006911          AE   rel    1
NEAR_ID                            00006912 - 00006934          23   rel    1
NEAR_A                             000F0010 - 000F0012           3   rel    0
                                   000F0060 - 000F0060           1 
                                   000F006A - 000F006A           1 
                                   000F006C - 000F006C           1 
                                   000F006E - 000F006E           1 
                                   000F0070 - 000F0070           1 
                                   000F0076 - 000F0079           4 
                                   000F007B - 000F007B           1 
                                   000F00F0 - 000F00F0           1 
                                   000F00F3 - 000F00F3           1 
                                   000F0106 - 000F0107           2 
                                   000F010E - 000F010F           2 
                                   000F0114 - 000F0117           4 
                                   000F011E - 000F011F           2 
                                   000F0122 - 000F0127           6 
                                   000F012A - 000F012B           2 
                                   000F0142 - 000F0143           2 
                                   000F014A - 000F014B           2 
                                   000F0152 - 000F0153           2 
                                   000F015A - 000F015B           2 
                                   000F0162 - 000F016B           A 
                                   000F02F0 - 000F02F0           1 
NEAR_CONST                         000F3000 - 000F4249        124A   rel    1
NEAR_I                             000F9F00 - 000F9F22          23   rel    1
NEAR_Z                             000F9F24 - 000FA04D         12A   rel    1
FAR_Z                                   000FA04E                     rel    0
NEAR_HEAP                          000FA04E - 000FA14D         100   rel    1
NEAR_A                             000FA300 - 000FA6FF         400   rel    0
CSTACK                             000FA700 - 000FA8FF         200   rel    1
WRKSEG                             000FFE20 - 000FFE28           9   rel    1
SADDR_A                            000FFF00 - 000FFF01           2   rel    0
                                   000FFF04 - 000FFF04           1 
                                   000FFF06 - 000FFF07           2 
                                   000FFF0A - 000FFF0A           1 
                                   000FFF0D - 000FFF0F           3 
                                   000FFF1E - 000FFF1F           2 
NEAR_A                             000FFF20 - 000FFF22           3   rel    0
                                   000FFF24 - 000FFF24           1 
                                   000FFF26 - 000FFF27           2 
                                   000FFF2A - 000FFF2A           1 
                                   000FFF2C - 000FFF2C           1 
                                   000FFF2E - 000FFF32           5 
                                   000FFF46 - 000FFF47           2 
                                   000FFF4A - 000FFF4B           2 
                                   000FFF90 - 000FFF91           2 
                                   000FFFA0 - 000FFFA1           2 
                                   000FFFA4 - 000FFFA4           1 
NEAR_A                             000FFFE0 - 000FFFEF          10   rel    0

                ****************************************
                *                                      *
                *        END OF CROSS REFERENCE        *
                *                                      *
                ****************************************

 12 198 bytes of CODE  memory
  1 110 bytes of DATA  memory (+ 1 125 absolute )
  4 891 bytes of CONST memory

Errors: none
Warnings: none

