################################################################################
#                                                                              #
#      IAR Universal Linker V5.7.1.40                                          #
#                                                                              #
#           Link time     =  27/Jan/2014  13:04:09                             #
#           Target CPU    =  RL78                                              #
#           List file     =  C:\Users\Suddenlink\Dropbox\git_files\embedded_de #
#                            sign\LCDDemo-G14\LCDDemo\LCDDemo-G14\Debug\List\L #
#                            CDDemo.map                                        #
#           Output file 1 =  C:\Users\Suddenlink\Dropbox\git_files\embedded_de #
#                            sign\LCDDemo-G14\LCDDemo\LCDDemo-G14\Debug\Exe\LC #
#                            DDemo.d87                                         #
#                            Format: debug                                     #
#                            UBROF version 10.0.6                              #
#                            Using library modules for C-SPY (-rt)             #
#           Command line  =  C:\Users\Suddenlink\Dropbox\git_files\embedded_de #
#                            sign\LCDDemo-G14\LCDDemo\LCDDemo-G14\Debug\Obj\Li #
#                            bReplacement.r87                                  #
#                            C:\Users\Suddenlink\Dropbox\git_files\embedded_de #
#                            sign\LCDDemo-G14\LCDDemo\LCDDemo-G14\Debug\Obj\RD #
#                            KRL78_spi.r87                                     #
#                            C:\Users\Suddenlink\Dropbox\git_files\embedded_de #
#                            sign\LCDDemo-G14\LCDDemo\LCDDemo-G14\Debug\Obj\ST #
#                            7579_LCD.r87                                      #
#                            C:\Users\Suddenlink\Dropbox\git_files\embedded_de #
#                            sign\LCDDemo-G14\LCDDemo\LCDDemo-G14\Debug\Obj\YR #
#                            DKRL78_LCD.r87                                    #
#                            C:\Users\Suddenlink\Dropbox\git_files\embedded_de #
#                            sign\LCDDemo-G14\LCDDemo\LCDDemo-G14\Debug\Obj\bi #
#                            tmap_font.r87                                     #
#                            C:\Users\Suddenlink\Dropbox\git_files\embedded_de #
#                            sign\LCDDemo-G14\LCDDemo\LCDDemo-G14\Debug\Obj\fo #
#                            nt_8x16.r87                                       #
#                            C:\Users\Suddenlink\Dropbox\git_files\embedded_de #
#                            sign\LCDDemo-G14\LCDDemo\LCDDemo-G14\Debug\Obj\fo #
#                            nt_8x8.r87                                        #
#                            C:\Users\Suddenlink\Dropbox\git_files\embedded_de #
#                            sign\LCDDemo-G14\LCDDemo\LCDDemo-G14\Debug\Obj\fo #
#                            nt_helvr10.r87                                    #
#                            C:\Users\Suddenlink\Dropbox\git_files\embedded_de #
#                            sign\LCDDemo-G14\LCDDemo\LCDDemo-G14\Debug\Obj\fo #
#                            nt_logos.r87                                      #
#                            C:\Users\Suddenlink\Dropbox\git_files\embedded_de #
#                            sign\LCDDemo-G14\LCDDemo\LCDDemo-G14\Debug\Obj\fo #
#                            nt_winfreesystem14x16.r87                         #
#                            C:\Users\Suddenlink\Dropbox\git_files\embedded_de #
#                            sign\LCDDemo-G14\LCDDemo\LCDDemo-G14\Debug\Obj\fo #
#                            nt_x5x7.r87                                       #
#                            C:\Users\Suddenlink\Dropbox\git_files\embedded_de #
#                            sign\LCDDemo-G14\LCDDemo\LCDDemo-G14\Debug\Obj\fo #
#                            nt_x6x13.r87                                      #
#                            C:\Users\Suddenlink\Dropbox\git_files\embedded_de #
#                            sign\LCDDemo-G14\LCDDemo\LCDDemo-G14\Debug\Obj\gl #
#                            yph.r87                                           #
#                            C:\Users\Suddenlink\Dropbox\git_files\embedded_de #
#                            sign\LCDDemo-G14\LCDDemo\LCDDemo-G14\Debug\Obj\gl #
#                            yph_register.r87                                  #
#                            C:\Users\Suddenlink\Dropbox\git_files\embedded_de #
#                            sign\LCDDemo-G14\LCDDemo\LCDDemo-G14\Debug\Obj\lc #
#                            d.r87                                             #
#                            C:\Users\Suddenlink\Dropbox\git_files\embedded_de #
#                            sign\LCDDemo-G14\LCDDemo\LCDDemo-G14\Debug\Obj\r_ #
#                            cg_cgc.r87                                        #
#                            C:\Users\Suddenlink\Dropbox\git_files\embedded_de #
#                            sign\LCDDemo-G14\LCDDemo\LCDDemo-G14\Debug\Obj\r_ #
#                            cg_cgc_user.r87                                   #
#                            C:\Users\Suddenlink\Dropbox\git_files\embedded_de #
#                            sign\LCDDemo-G14\LCDDemo\LCDDemo-G14\Debug\Obj\r_ #
#                            cg_it.r87                                         #
#                            C:\Users\Suddenlink\Dropbox\git_files\embedded_de #
#                            sign\LCDDemo-G14\LCDDemo\LCDDemo-G14\Debug\Obj\r_ #
#                            cg_it_user.r87                                    #
#                            C:\Users\Suddenlink\Dropbox\git_files\embedded_de #
#                            sign\LCDDemo-G14\LCDDemo\LCDDemo-G14\Debug\Obj\r_ #
#                            cg_port.r87                                       #
#                            C:\Users\Suddenlink\Dropbox\git_files\embedded_de #
#                            sign\LCDDemo-G14\LCDDemo\LCDDemo-G14\Debug\Obj\r_ #
#                            cg_port_user.r87                                  #
#                            C:\Users\Suddenlink\Dropbox\git_files\embedded_de #
#                            sign\LCDDemo-G14\LCDDemo\LCDDemo-G14\Debug\Obj\r_ #
#                            cg_serial.r87                                     #
#                            C:\Users\Suddenlink\Dropbox\git_files\embedded_de #
#                            sign\LCDDemo-G14\LCDDemo\LCDDemo-G14\Debug\Obj\r_ #
#                            cg_serial_user.r87                                #
#                            C:\Users\Suddenlink\Dropbox\git_files\embedded_de #
#                            sign\LCDDemo-G14\LCDDemo\LCDDemo-G14\Debug\Obj\r_ #
#                            main.r87                                          #
#                            C:\Users\Suddenlink\Dropbox\git_files\embedded_de #
#                            sign\LCDDemo-G14\LCDDemo\LCDDemo-G14\Debug\Obj\r_ #
#                            systeminit.r87                                    #
#                            -o                                                #
#                            C:\Users\Suddenlink\Dropbox\git_files\embedded_de #
#                            sign\LCDDemo-G14\LCDDemo\LCDDemo-G14\Debug\Exe\LC #
#                            DDemo.d87                                         #
#                            -l                                                #
#                            C:\Users\Suddenlink\Dropbox\git_files\embedded_de #
#                            sign\LCDDemo-G14\LCDDemo\LCDDemo-G14\Debug\List\L #
#                            CDDemo.map                                        #
#                            -xmsn                                             #
#                            "-IC:\Program Files\IAR Systems\Embedded Workbenc #
#                            h 6.5\rl78\LIB\"                                  #
#                            -f                                                #
#                            C:\Users\Suddenlink\Dropbox\git_files\embedded_de #
#                            sign\LCDDemo-G14\LCDDemo\LCDDemo-G14\applilet3_sr #
#                            c\md_lnkr5f104pj.xcl                              #
#                            (-cRL78 -Z(CODE)INTVEC=00000-0007F                #
#                            -Z(CODE)CLTVEC=00080-000BD                        #
#                            -Z(CODE)OPTBYTE=000C0-000C3                       #
#                            -Z(CODE)SECUID=000C4-000CD                        #
#                            -Z(CODE)OCNIROM1=000CE-000D7                      #
#                            -Z(CODE)OCNIROM2=3FE00-3FFFF                      #
#                            -Z(CONST)FAR_ID=[0AF00-3FBFF]/10000               #
#                            -Z(DATA)FAR_I=[FAF00-FFE1F]/10000                 #
#                            -Z(CODE)RCODE,CODE=000D8-0FFFF                    #
#                            -Z(CONST)NEAR_ID=[000D8-0FBFF]/10000              #
#                            -Z(CONST)SADDR_ID=[000D8-0FBFF]/10000             #
#                            -Z(CONST)DIFUNCT=[000D8-0FBFF]/10000              #
#                            -Z(CONST)NEAR_CONST=_NEAR_CONST_LOCATION_START-_N #
#                            EAR_CONST_LOCATION_END                            #
#                            -Z(CONST)SWITCH=000D8-0FBFF                       #
#                            -P(CONST)FAR_CONST,FSWITCH=[000D8-3FBFF]/10000    #
#                            -P(CODE)XCODE=[000D8-3FBFF]/10000                 #
#                            -Z(DATA)EEPROM=F1000-F2FFF                        #
#                            -Z(DATA)WRKSEG=FFE20-FFEDF                        #
#                            -Z(DATA)SADDR_I,SADDR_Z,SADDR_N=FFE20-FFEDF       #
#                            -Z(DATA)NEAR_I,NEAR_Z,NEAR_N=FAF00-FFE1F          #
#                            -Z(DATA)FAR_Z=[FAF00-FFE1F]/10000                 #
#                            -P(DATA)FAR_N=[FAF00-FFE1F]/10000                 #
#                            -Z(DATA)NEAR_HEAP+_NEAR_HEAP_SIZE=FAF00-FFE1F     #
#                            -Z(DATA)FAR_HEAP+_FAR_HEAP_SIZE=[FAF00-FFE1F]/100 #
#                            00                                                #
#                            -Z(DATA)CSTACK+_CSTACK_SIZE=FAF00-FFE1F) -rt -s   #
#                            __program_start -D_NEAR_CONST_LOCATION=0          #
#                            -D_NEAR_CONST_LOCATION_START=3000                 #
#                            -D_NEAR_CONST_LOCATION_END=9EFF                   #
#                            "C:\Program Files\IAR Systems\Embedded Workbench  #
#                            6.5\rl78\LIB\dlrl78nn2n.r87"                      #
#                            -eHWDIV_8_8_8=?UC_DIV_L01                         #
#                            -eHWMOD_8_8_8=?UC_MOD_L01                         #
#                            -eHWSDIV_8_8_8=?SC_DIV_L01                        #
#                            -eHWSMOD_8_8_8=?SC_MOD_L01                        #
#                            -eHWSDIV_16_16_16=?SI_DIV_L02                     #
#                            -eHWSMOD_16_16_16=?SI_MOD_L02                     #
#                            -eHWSDIV_32_32_32=?SL_DIV_L03                     #
#                            -eHWSMOD_32_32_32=?SL_MOD_L03                     #
#                            -e_PrintfLargeNoMb=_Printf                        #
#                            -e__iar_sin_small=sin -e__iar_cos_small=cos       #
#                            -e__iar_tan_small=tan -e__iar_log_small=log       #
#                            -e__iar_log10_small=log10 -e__iar_exp_small=exp   #
#                            -e__iar_pow_small=pow                             #
#                            -e__iar_Sin_small=__iar_Sin                       #
#                            -e__iar_sin_smallf=sinf -e__iar_cos_smallf=cosf   #
#                            -e__iar_tan_smallf=tanf -e__iar_log_smallf=logf   #
#                            -e__iar_log10_smallf=log10f                       #
#                            -e__iar_exp_smallf=expf -e__iar_pow_smallf=powf   #
#                            -e__iar_Sin_smallf=__iar_Sinf                     #
#                            -e__iar_sin_smalll=sinl -e__iar_cos_smalll=cosl   #
#                            -e__iar_tan_smalll=tanl -e__iar_log_smalll=logl   #
#                            -e__iar_log10_smalll=log10l                       #
#                            -e__iar_exp_smalll=expl -e__iar_pow_smalll=powl   #
#                            -e__iar_Sin_smalll=__iar_Sinl                     #
#                            -D_CSTACK_SIZE=200 -D_NEAR_HEAP_SIZE=100          #
#                            -D_FAR_HEAP_SIZE=1000                             #
#                                                                              #
#                           Copyright (C) 1987-2013 IAR Systems AB.            #
################################################################################





                ****************************************
                *                                      *
                *           CROSS REFERENCE            *
                *                                      *
                ****************************************

       Program entry at :           000001F4  Relocatable, from module : ?CSTARTUP




                ****************************************
                *                                      *
                *            RUNTIME MODEL             *
                *                                      *
                ****************************************

  __Heap_Handler             = Basic
  __SystemLibrary            = DLib
  __code_model               = near
  __core                     = rl78_2
  __data_model               = near
  __dlib_file_descriptor     = 0
  __dlib_full_locale_support = 0
  __far_rt_calls             = false
  __rt_version               = 1

                ****************************************
                *                                      *
                *    AUTOMATIC SYMBOL REDIRECTIONS     *
                *                                      *
                ****************************************

                  There are no automatic symbol redirections.



                ****************************************
                *                                      *
                *              MODULE MAP              *
                *                                      *
                ****************************************


  DEFINED ABSOLUTE ENTRIES
    *************************************************************************

  DEFINED ABSOLUTE ENTRIES
  PROGRAM MODULE, NAME : ?ABS_ENTRY_MOD

Absolute parts
           ENTRY                   ADDRESS         REF BY
           =====                   =======         ======
           _FAR_HEAP_SIZE          00001000 
           _NEAR_HEAP_SIZE         00000100 
           _CSTACK_SIZE            00000200 
           _NEAR_CONST_LOCATION_END
                                   00009EFF 
           _NEAR_CONST_LOCATION_START
                                   00003000 
           _NEAR_CONST_LOCATION    00000000        Segment part 3 (?CSTARTUP)
    *************************************************************************

  FILE NAME : C:\Users\Suddenlink\Dropbox\git_files\embedded_design\LCDDemo-G14\LCDDemo\LCDDemo-G14\Debug\Obj\LibReplacement.r87
  LIBRARY MODULE, NAME : __HWDIV_8_8_8

  SEGMENTS IN THE MODULE
  ======================
__aseg
  Relative segment, address: 00000000, align: 0
  Segment part 1. ROOT.
    -------------------------------------------------------------------------
RCODE
  Relative segment, address: 000000D8 - 000000E7 (0x10 bytes), align: 1
  Segment part 2. ROOT.
           ENTRY                   ADDRESS         REF BY
           =====                   =======         ======
           HWDIV_8_8_8             000000D8        LCDTest2 (lcd)
           LOCAL                   ADDRESS         
           =====                   =======         
           LABEL2                  000000E5 

    -------------------------------------------------------------------------
  LIBRARY MODULE, NAME : __HWSDIV_16_16_16

  SEGMENTS IN THE MODULE
  ======================
__aseg
  Relative segment, address: 00000000, align: 0
  Segment part 1. ROOT.
    -------------------------------------------------------------------------
RCODE
  Relative segment, address: 000000E8 - 00000128 (0x41 bytes), align: 1
  Segment part 2. ROOT.
           ENTRY                   ADDRESS         REF BY
           =====                   =======         ======
           HWSDIV_16_16_16         000000E8        div (?div)
           LOCAL                   ADDRESS         
           =====                   =======         
           LABEL1                  000000FC 
           LABEL2                  00000109 
           LABEL3                  00000123 

    -------------------------------------------------------------------------
  LIBRARY MODULE, NAME : __HWSDIV_32_32_32

  SEGMENTS IN THE MODULE
  ======================
__aseg
  Relative segment, address: 00000000, align: 0
  Segment part 1. ROOT.
    -------------------------------------------------------------------------
RCODE
  Relative segment, address: 0000012A - 000001D6 (0xad bytes), align: 1
  Segment part 2. ROOT.
           ENTRY                   ADDRESS         REF BY
           =====                   =======         ======
           HWSDIV_32_32_32         0000012A        _LdtobLargeNoMb (?xprintflarge_nomb)
           LOCAL                   ADDRESS         
           =====                   =======         
           LABEL1                  000001D2 
           LABEL2                  000001D3 
           LABEL3                  0000015F 
           LABEL4                  00000191 
           LABEL5                  00000141 
           LABEL6                  00000159 
           Label8                  000001A6 

    -------------------------------------------------------------------------
  LIBRARY MODULE, NAME : __HWSxxx_32_32_32

  SEGMENTS IN THE MODULE
  ======================
__aseg
  Relative segment, address: 00000000, align: 0
  Segment part 1. ROOT.
    -------------------------------------------------------------------------
RCODE
  Relative segment, address: 000001D8 - 000001EE (0x17 bytes), align: 1
  Segment part 2. ROOT.
           ENTRY                   ADDRESS         REF BY
           =====                   =======         ======
           CHGSIGN_32              000001D8        HWSDIV_32_32_32 (__HWSDIV_32_32_32)

    *************************************************************************

  FILE NAME : C:\Users\Suddenlink\Dropbox\git_files\embedded_design\LCDDemo-G14\LCDDemo\LCDDemo-G14\Debug\Obj\RDKRL78_spi.r87
  PROGRAM MODULE, NAME : RDKRL78_spi

  SEGMENTS IN THE MODULE
  ======================
SADDR_A
  Relative segment, address: 000FFF0D - 000FFF0D (0x1 bytes), align: 0
  Segment part 1. ROOT.       Intra module refs:   IO_Reset
                                                   R_PORT_Create (r_cg_port)
           ENTRY                   ADDRESS         REF BY
           =====                   =======         ======
           _A_P13                  000FFF0D 
           LOCAL                   ADDRESS         
           =====                   =======         
           P13                     000FFF0D 
           P13_bit                 000FFF0D 
    -------------------------------------------------------------------------
SADDR_A
  Relative segment, address: 000FFF0E - 000FFF0E (0x1 bytes), align: 0
  Segment part 2. ROOT.       Intra module refs:   R_PORT_Create (r_cg_port)
                                                   Segment part 5
                                                   SetSendData (YRDKRL78_LCD)
                                                   YRDKRL78_CommandSend (YRDKRL78_LCD)
           ENTRY                   ADDRESS         REF BY
           =====                   =======         ======
           _A_P14                  000FFF0E 
           LOCAL                   ADDRESS         
           =====                   =======         
           P14                     000FFF0E 
           P14_bit                 000FFF0E 
    -------------------------------------------------------------------------
NEAR_I
  Relative segment, address: 000FAF00 - 000FAF03 (0x4 bytes), align: 1
  Segment part 4.             Intra module refs:   ?Subroutine2
           ENTRY                   ADDRESS         REF BY
           =====                   =======         ======
           SPI_CS_Port             000FAF00 
    -------------------------------------------------------------------------
NEAR_I
  Relative segment, address: 000FAF04 - 000FAF05 (0x2 bytes), align: 1
  Segment part 6.             Intra module refs:   ?Subroutine1
           ENTRY                   ADDRESS         REF BY
           =====                   =======         ======
           SPI_CS_Pin              000FAF04 
    -------------------------------------------------------------------------
CODE
  Relative segment, address: 00000A51 - 00000A59 (0x9 bytes), align: 0
  Segment part 8.
           ENTRY                   ADDRESS         REF BY
           =====                   =======         ======
           SPI_Init                00000A51        YRDKRL78_RSPIOpen (YRDKRL78_LCD)
               calls direct
    -------------------------------------------------------------------------
CODE
  Relative segment, address: 00000A5A - 00000A88 (0x2f bytes), align: 0
  Segment part 9.             Intra module refs:   SPI_Init
           ENTRY                   ADDRESS         REF BY
           =====                   =======         ======
           IO_Reset                00000A5A 
               CSTACK = 00000000 ( 00000002 )
    -------------------------------------------------------------------------
CODE
  Relative segment, address: 00000A89 - 00000A95 (0xd bytes), align: 0
  Segment part 10.            Intra module refs:   SPI_Send
           ENTRY                   ADDRESS         REF BY
           =====                   =======         ======
           SPI_CS_Start            00000A89 
               CSTACK = 00000000 ( 00000002 )
    -------------------------------------------------------------------------
CODE
  Relative segment, address: 00000A96 - 00000AA0 (0xb bytes), align: 0
  Segment part 11.            Intra module refs:   SPI_Send
           ENTRY                   ADDRESS         REF BY
           =====                   =======         ======
           SPI_CS_End              00000A96 
               CSTACK = 00000000 ( 00000002 )
    -------------------------------------------------------------------------
CODE
  Relative segment, address: 00000AA1 - 00000AAB (0xb bytes), align: 0
  Segment part 12.            Intra module refs:   SPI_CS_End
                                                   SPI_CS_Start
           LOCAL                   ADDRESS         
           =====                   =======         
           ?Subroutine2            00000AA1 
    -------------------------------------------------------------------------
CODE
  Relative segment, address: 00000AAC - 00000ABB (0x10 bytes), align: 0
  Segment part 13.            Intra module refs:   SPI_CS_End
                                                   SPI_CS_Start
           LOCAL                   ADDRESS         
           =====                   =======         
           ?Subroutine1            00000AAC 
    -------------------------------------------------------------------------
CODE
  Relative segment, address: 00000ABC - 00000AF3 (0x38 bytes), align: 0
  Segment part 14.
           ENTRY                   ADDRESS         REF BY
           =====                   =======         ======
           SPI_Send                00000ABC        ?Subroutine0 (YRDKRL78_LCD)
               calls direct
               CSTACK = 00000004 ( 0000000A )
    -------------------------------------------------------------------------
CODE
  Relative segment, address: 00000AF4 - 00000AF8 (0x5 bytes), align: 0
  Segment part 15.            Intra module refs:   SPI_Send
           LOCAL                   ADDRESS         
           =====                   =======         
           ?Subroutine0            00000AF4 
    -------------------------------------------------------------------------
NEAR_ID
  Relative segment, address: 00002DCA - 00002DCD (0x4 bytes), align: 1
  Segment part 5.             Intra module refs:   SPI_CS_Port
    -------------------------------------------------------------------------
NEAR_ID
  Relative segment, address: 00002DCE - 00002DCF (0x2 bytes), align: 1
  Segment part 7.             Intra module refs:   SPI_CS_Pin

    *************************************************************************

  FILE NAME : C:\Users\Suddenlink\Dropbox\git_files\embedded_design\LCDDemo-G14\LCDDemo\LCDDemo-G14\Debug\Obj\ST7579_LCD.r87
  PROGRAM MODULE, NAME : ST7579_LCD

  SEGMENTS IN THE MODULE
  ======================
CODE
  Relative segment, address: 00000AF9 - 00000B4B (0x53 bytes), align: 0
  Segment part 2.
           ENTRY                   ADDRESS         REF BY
           =====                   =======         ======
           ST7579_Open             00000AF9        GlyphLCDOpen (glyph_register)
               calls direct
               CSTACK = 00000000 ( 00000002 )
    -------------------------------------------------------------------------
CODE
  Relative segment, address: 00000B4C - 00000B4D (0x2 bytes), align: 0
  Segment part 3.
           ENTRY                   ADDRESS         REF BY
           =====                   =======         ======
           ST7579_Close            00000B4C        GlyphLCDOpen (glyph_register)
    -------------------------------------------------------------------------
CODE
  Relative segment, address: 00000B4E - 00000F60 (0x413 bytes), align: 0
  Segment part 4.             Intra module refs:   Segment part 32
           ENTRY                   ADDRESS         REF BY
           =====                   =======         ======
           ST7579_Write            00000B4E        GlyphLCDOpen (glyph_register)
               calls direct and indirect
               CSTACK = 00000000 ( 0000000C )
    -------------------------------------------------------------------------
CODE
  Relative segment, address: 00000F61 - 00000F65 (0x5 bytes), align: 0
  Segment part 5.             Intra module refs:   ST7579_Write
           LOCAL                   ADDRESS         
           =====                   =======         
           ?Subroutine12           00000F61 
    -------------------------------------------------------------------------
CODE
  Relative segment, address: 00000F66 - 00000F70 (0xb bytes), align: 0
  Segment part 6.             Intra module refs:   ST7579_Write
           LOCAL                   ADDRESS         
           =====                   =======         
           ?Subroutine10           00000F66 
    -------------------------------------------------------------------------
CODE
  Relative segment, address: 00000F71 - 00000F73 (0x3 bytes), align: 0
  Segment part 7.             Intra module refs:   ST7579_Write
           LOCAL                   ADDRESS         
           =====                   =======         
           ?Subroutine8            00000F71 
    -------------------------------------------------------------------------
CODE
  Relative segment, address: 00000F74 - 00000F78 (0x5 bytes), align: 0
  Segment part 8.             Intra module refs:   ?Subroutine8
                                                   ?Subroutine9
           LOCAL                   ADDRESS         
           =====                   =======         
           ?Subroutine15           00000F74 
    -------------------------------------------------------------------------
CODE
  Relative segment, address: 00000F79 - 00000F8A (0x12 bytes), align: 0
  Segment part 9.             Intra module refs:   ST7579_Write
           LOCAL                   ADDRESS         
           =====                   =======         
           ?Subroutine6            00000F79 
    -------------------------------------------------------------------------
CODE
  Relative segment, address: 00000F8B - 00000F94 (0xa bytes), align: 0
  Segment part 10.            Intra module refs:   ST7579_Write
           LOCAL                   ADDRESS         
           =====                   =======         
           ?Subroutine5            00000F8B 
    -------------------------------------------------------------------------
CODE
  Relative segment, address: 00000F95 - 00000F9A (0x6 bytes), align: 0
  Segment part 11.            Intra module refs:   ST7579_Write
           LOCAL                   ADDRESS         
           =====                   =======         
           ?Subroutine4            00000F95 
    -------------------------------------------------------------------------
CODE
  Relative segment, address: 00000F9B - 00000FA0 (0x6 bytes), align: 0
  Segment part 12.            Intra module refs:   ?Subroutine4
                                                   ST7579_Read
                                                   ST7579_Write
           LOCAL                   ADDRESS         
           =====                   =======         
           ?Subroutine14           00000F9B 
    -------------------------------------------------------------------------
CODE
  Relative segment, address: 00000FA1 - 00001047 (0xa7 bytes), align: 0
  Segment part 13.            Intra module refs:   Segment part 33
           ENTRY                   ADDRESS         REF BY
           =====                   =======         ======
           ST7579_Read             00000FA1        GlyphLCDOpen (glyph_register)
               CSTACK = 00000000 ( 00000004 )
    -------------------------------------------------------------------------
CODE
  Relative segment, address: 00001048 - 00001050 (0x9 bytes), align: 0
  Segment part 14.            Intra module refs:   ST7579_Read
                                                   ST7579_Write
           LOCAL                   ADDRESS         
           =====                   =======         
           ?Subroutine7            00001048 
    -------------------------------------------------------------------------
CODE
  Relative segment, address: 00001051 - 000010EA (0x9a bytes), align: 0
  Segment part 15.            Intra module refs:   ST7579_Config
                                                   ST7579_Write
                                                   Segment part 34
           ENTRY                   ADDRESS         REF BY
           =====                   =======         ======
           ST7579_SetSystemBiasBooster
                                   00001051 
               calls indirect
               CSTACK = 00000000 ( 00000008 )
    -------------------------------------------------------------------------
CODE
  Relative segment, address: 000010EB - 000010EF (0x5 bytes), align: 0
  Segment part 16.            Intra module refs:   ST7579_Config
                                                   ST7579_SetSystemBiasBooster
           LOCAL                   ADDRESS         
           =====                   =======         
           ?Subroutine1            000010EB 
    -------------------------------------------------------------------------
CODE
  Relative segment, address: 000010F0 - 00001166 (0x77 bytes), align: 0
  Segment part 17.            Intra module refs:   ST7579_Config
                                                   ST7579_Write
           ENTRY                   ADDRESS         REF BY
           =====                   =======         ======
           ST7579_SetVO_Range      000010F0 
               calls indirect
               CSTACK = 00000000 ( 00000006 )
    -------------------------------------------------------------------------
CODE
  Relative segment, address: 00001167 - 000011A8 (0x42 bytes), align: 0
  Segment part 18.            Intra module refs:   ST7579_Open
           ENTRY                   ADDRESS         REF BY
           =====                   =======         ======
           ST7579_Config           00001167 
               calls direct
               CSTACK = 00000000 ( 00000006 )
    -------------------------------------------------------------------------
CODE
  Relative segment, address: 000011A9 - 000011C1 (0x19 bytes), align: 0
  Segment part 19.            Intra module refs:   ST7579_Write
           ENTRY                   ADDRESS         REF BY
           =====                   =======         ======
           ST7579_Send16bitsCommand
                                   000011A9 
               calls indirect
               CSTACK = 00000000 ( 00000004 )
    -------------------------------------------------------------------------
CODE
  Relative segment, address: 000011C2 - 000011C7 (0x6 bytes), align: 0
  Segment part 20.            Intra module refs:   ST7579_Send16bitsCommand
                                                   ST7579_SetFrameRate
           LOCAL                   ADDRESS         
           =====                   =======         
           ?Subroutine0            000011C2 
    -------------------------------------------------------------------------
CODE
  Relative segment, address: 000011C8 - 00001235 (0x6e bytes), align: 0
  Segment part 22.            Intra module refs:   ST7579_Config
                                                   ST7579_Write
           ENTRY                   ADDRESS         REF BY
           =====                   =======         ======
           ST7579_SetFrameRate     000011C8 
               calls indirect
               CSTACK = 00000000 ( 00000004 )
    -------------------------------------------------------------------------
CODE
  Relative segment, address: 00001236 - 0000123E (0x9 bytes), align: 0
  Segment part 23.            Intra module refs:   ST7579_Send16bitsCommand
                                                   ST7579_SetFrameRate
           LOCAL                   ADDRESS         
           =====                   =======         
           ?Subroutine13           00001236 
    -------------------------------------------------------------------------
CODE
  Relative segment, address: 0000123F - 00001267 (0x29 bytes), align: 0
  Segment part 24.            Intra module refs:   ST7579_Config
                                                   ST7579_Write
           ENTRY                   ADDRESS         REF BY
           =====                   =======         ======
           ST7579_SetPage          0000123F 
               calls indirect
               CSTACK = 00000000 ( 00000004 )
    -------------------------------------------------------------------------
CODE
  Relative segment, address: 00001268 - 0000126D (0x6 bytes), align: 0
  Segment part 25.            Intra module refs:   ST7579_SetChar
                                                   ST7579_SetPage
                                                   ST7579_SetSystemBiasBooster
                                                   ST7579_SetVO_Range
           LOCAL                   ADDRESS         
           =====                   =======         
           ?Subroutine11           00001268 
    -------------------------------------------------------------------------
CODE
  Relative segment, address: 0000126E - 00001273 (0x6 bytes), align: 0
  Segment part 26.            Intra module refs:   ST7579_SetChar
                                                   ST7579_SetPage
                                                   ST7579_SetSystemBiasBooster
                                                   ST7579_SetVO_Range
           LOCAL                   ADDRESS         
           =====                   =======         
           ?Subroutine9            0000126E 
    -------------------------------------------------------------------------
CODE
  Relative segment, address: 00001274 - 0000127F (0xc bytes), align: 0
  Segment part 27.            Intra module refs:   ST7579_SetChar
                                                   ST7579_SetLine
                                                   ST7579_SetPage
                                                   ST7579_SetSystemBiasBooster
                                                   ST7579_SetVO_Range
           LOCAL                   ADDRESS         
           =====                   =======         
           ?Subroutine2            00001274 
    -------------------------------------------------------------------------
CODE
  Relative segment, address: 00001280 - 000012A6 (0x27 bytes), align: 0
  Segment part 28.            Intra module refs:   ST7579_Config
                                                   ST7579_Write
           ENTRY                   ADDRESS         REF BY
           =====                   =======         ======
           ST7579_SetChar          00001280 
               calls indirect
               CSTACK = 00000000 ( 00000004 )
    -------------------------------------------------------------------------
CODE
  Relative segment, address: 000012A7 - 00001315 (0x6f bytes), align: 0
  Segment part 29.            Intra module refs:   ST7579_Write
           ENTRY                   ADDRESS         REF BY
           =====                   =======         ======
           ST7579_SetLine          000012A7 
               calls indirect
               CSTACK = 00000000 ( 00000008 )
    -------------------------------------------------------------------------
CODE
  Relative segment, address: 00001316 - 00001316 (0x1 bytes), align: 0
  Segment part 30.            Intra module refs:   ST7579_SetFrameRate
           LOCAL                   ADDRESS         
           =====                   =======         
           ?Subroutine3            00001316 
    -------------------------------------------------------------------------
CODE
  Relative segment, address: 00001317 - 0000131E (0x8 bytes), align: 0
  Segment part 31.            Intra module refs:   ?Subroutine3
                                                   ST7579_Send16bitsCommand
                                                   ST7579_SetLine
                                                   ST7579_SetSystemBiasBooster
    -------------------------------------------------------------------------
SWITCH
  Relative segment, address: 00002DEC - 00002E1B (0x30 bytes), align: 1
  Segment part 32.            Intra module refs:   ST7579_Write
    -------------------------------------------------------------------------
SWITCH
  Relative segment, address: 00002E1C - 00002E4D (0x32 bytes), align: 1
  Segment part 33.            Intra module refs:   ST7579_Read
    -------------------------------------------------------------------------
SWITCH
  Relative segment, address: 00002E4E - 00002E77 (0x2a bytes), align: 1
  Segment part 34.            Intra module refs:   ST7579_SetSystemBiasBooster

    *************************************************************************

  FILE NAME : C:\Users\Suddenlink\Dropbox\git_files\embedded_design\LCDDemo-G14\LCDDemo\LCDDemo-G14\Debug\Obj\YRDKRL78_LCD.r87
  PROGRAM MODULE, NAME : YRDKRL78_LCD

  SEGMENTS IN THE MODULE
  ======================
CODE
  Relative segment, address: 0000131F - 00001323 (0x5 bytes), align: 0
  Segment part 3.
           ENTRY                   ADDRESS         REF BY
           =====                   =======         ======
           YRDKRL78_RSPIOpen       0000131F        GlyphCommOpen (glyph_register)
               calls direct
    -------------------------------------------------------------------------
CODE
  Relative segment, address: 00001324 - 00001327 (0x4 bytes), align: 0
  Segment part 4.             Intra module refs:   ?Subroutine0
                                                   YRDKRL78_DataSend
           LOCAL                   ADDRESS         
           =====                   =======         
           SetSendData             00001324 
    -------------------------------------------------------------------------
CODE
  Relative segment, address: 00001328 - 0000132C (0x5 bytes), align: 0
  Segment part 5.
           ENTRY                   ADDRESS         REF BY
           =====                   =======         ======
           YRDKRL78_CommandSend    00001328        GlyphCommOpen (glyph_register)
               calls direct
               CSTACK = 00000000 ( 00000008 )
    -------------------------------------------------------------------------
CODE
  Relative segment, address: 0000132D - 00001341 (0x15 bytes), align: 0
  Segment part 6.             Intra module refs:   YRDKRL78_CommandSend
                                                   YRDKRL78_DataSend
           LOCAL                   ADDRESS         
           =====                   =======         
           ?Subroutine0            0000132D 
    -------------------------------------------------------------------------
CODE
  Relative segment, address: 00001342 - 00001349 (0x8 bytes), align: 0
  Segment part 7.
           ENTRY                   ADDRESS         REF BY
           =====                   =======         ======
           YRDKRL78_DataSend       00001342        GlyphCommOpen (glyph_register)
               calls direct
               CSTACK = 00000000 ( 00000008 )

    *************************************************************************

  FILE NAME : C:\Users\Suddenlink\Dropbox\git_files\embedded_design\LCDDemo-G14\LCDDemo\LCDDemo-G14\Debug\Obj\bitmap_font.r87
    *************************************************************************

  FILE NAME : C:\Users\Suddenlink\Dropbox\git_files\embedded_design\LCDDemo-G14\LCDDemo\LCDDemo-G14\Debug\Obj\font_8x16.r87
    *************************************************************************

  FILE NAME : C:\Users\Suddenlink\Dropbox\git_files\embedded_design\LCDDemo-G14\LCDDemo\LCDDemo-G14\Debug\Obj\font_8x8.r87
  PROGRAM MODULE, NAME : font_8x8

  SEGMENTS IN THE MODULE
  ======================
NEAR_CONST
  Relative segment, address: 00003000 - 00003009 (0xa bytes), align: 1
  Segment part 2.             Intra module refs:   Font8x8_table
           ENTRY                   ADDRESS         REF BY
           =====                   =======         ======
           Font8x8_char_0          00003000 
    -------------------------------------------------------------------------
NEAR_CONST
  Relative segment, address: 0000300A - 00003013 (0xa bytes), align: 1
  Segment part 3.             Intra module refs:   Font8x8_table
           ENTRY                   ADDRESS         REF BY
           =====                   =======         ======
           Font8x8_char_1          0000300A 
    -------------------------------------------------------------------------
NEAR_CONST
  Relative segment, address: 00003014 - 0000301D (0xa bytes), align: 1
  Segment part 4.             Intra module refs:   Font8x8_table
           ENTRY                   ADDRESS         REF BY
           =====                   =======         ======
           Font8x8_char_2          00003014 
    -------------------------------------------------------------------------
NEAR_CONST
  Relative segment, address: 0000301E - 00003027 (0xa bytes), align: 1
  Segment part 5.             Intra module refs:   Font8x8_table
           ENTRY                   ADDRESS         REF BY
           =====                   =======         ======
           Font8x8_char_3          0000301E 
    -------------------------------------------------------------------------
NEAR_CONST
  Relative segment, address: 00003028 - 00003031 (0xa bytes), align: 1
  Segment part 6.             Intra module refs:   Font8x8_table
           ENTRY                   ADDRESS         REF BY
           =====                   =======         ======
           Font8x8_char_4          00003028 
    -------------------------------------------------------------------------
NEAR_CONST
  Relative segment, address: 00003032 - 0000303B (0xa bytes), align: 1
  Segment part 7.             Intra module refs:   Font8x8_table
           ENTRY                   ADDRESS         REF BY
           =====                   =======         ======
           Font8x8_char_5          00003032 
    -------------------------------------------------------------------------
NEAR_CONST
  Relative segment, address: 0000303C - 00003045 (0xa bytes), align: 1
  Segment part 8.             Intra module refs:   Font8x8_table
           ENTRY                   ADDRESS         REF BY
           =====                   =======         ======
           Font8x8_char_6          0000303C 
    -------------------------------------------------------------------------
NEAR_CONST
  Relative segment, address: 00003046 - 0000304F (0xa bytes), align: 1
  Segment part 9.             Intra module refs:   Font8x8_table
           ENTRY                   ADDRESS         REF BY
           =====                   =======         ======
           Font8x8_char_7          00003046 
    -------------------------------------------------------------------------
NEAR_CONST
  Relative segment, address: 00003050 - 00003059 (0xa bytes), align: 1
  Segment part 10.            Intra module refs:   Font8x8_table
           ENTRY                   ADDRESS         REF BY
           =====                   =======         ======
           Font8x8_char_8          00003050 
    -------------------------------------------------------------------------
NEAR_CONST
  Relative segment, address: 0000305A - 00003063 (0xa bytes), align: 1
  Segment part 11.            Intra module refs:   Font8x8_table
           ENTRY                   ADDRESS         REF BY
           =====                   =======         ======
           Font8x8_char_9          0000305A 
    -------------------------------------------------------------------------
NEAR_CONST
  Relative segment, address: 00003064 - 0000306D (0xa bytes), align: 1
  Segment part 12.            Intra module refs:   Font8x8_table
           ENTRY                   ADDRESS         REF BY
           =====                   =======         ======
           Font8x8_char_10         00003064 
    -------------------------------------------------------------------------
NEAR_CONST
  Relative segment, address: 0000306E - 00003077 (0xa bytes), align: 1
  Segment part 13.            Intra module refs:   Font8x8_table
           ENTRY                   ADDRESS         REF BY
           =====                   =======         ======
           Font8x8_char_11         0000306E 
    -------------------------------------------------------------------------
NEAR_CONST
  Relative segment, address: 00003078 - 00003081 (0xa bytes), align: 1
  Segment part 14.            Intra module refs:   Font8x8_table
           ENTRY                   ADDRESS         REF BY
           =====                   =======         ======
           Font8x8_char_12         00003078 
    -------------------------------------------------------------------------
NEAR_CONST
  Relative segment, address: 00003082 - 0000308B (0xa bytes), align: 1
  Segment part 15.            Intra module refs:   Font8x8_table
           ENTRY                   ADDRESS         REF BY
           =====                   =======         ======
           Font8x8_char_13         00003082 
    -------------------------------------------------------------------------
NEAR_CONST
  Relative segment, address: 0000308C - 00003095 (0xa bytes), align: 1
  Segment part 16.            Intra module refs:   Font8x8_table
           ENTRY                   ADDRESS         REF BY
           =====                   =======         ======
           Font8x8_char_14         0000308C 
    -------------------------------------------------------------------------
NEAR_CONST
  Relative segment, address: 00003096 - 0000309F (0xa bytes), align: 1
  Segment part 17.            Intra module refs:   Font8x8_table
           ENTRY                   ADDRESS         REF BY
           =====                   =======         ======
           Font8x8_char_15         00003096 
    -------------------------------------------------------------------------
NEAR_CONST
  Relative segment, address: 000030A0 - 000030A9 (0xa bytes), align: 1
  Segment part 18.            Intra module refs:   Font8x8_table
           ENTRY                   ADDRESS         REF BY
           =====                   =======         ======
           Font8x8_char_16         000030A0 
    -------------------------------------------------------------------------
NEAR_CONST
  Relative segment, address: 000030AA - 000030B3 (0xa bytes), align: 1
  Segment part 19.            Intra module refs:   Font8x8_table
           ENTRY                   ADDRESS         REF BY
           =====                   =======         ======
           Font8x8_char_17         000030AA 
    -------------------------------------------------------------------------
NEAR_CONST
  Relative segment, address: 000030B4 - 000030BD (0xa bytes), align: 1
  Segment part 20.            Intra module refs:   Font8x8_table
           ENTRY                   ADDRESS         REF BY
           =====                   =======         ======
           Font8x8_char_18         000030B4 
    -------------------------------------------------------------------------
NEAR_CONST
  Relative segment, address: 000030BE - 000030C7 (0xa bytes), align: 1
  Segment part 21.            Intra module refs:   Font8x8_table
           ENTRY                   ADDRESS         REF BY
           =====                   =======         ======
           Font8x8_char_19         000030BE 
    -------------------------------------------------------------------------
NEAR_CONST
  Relative segment, address: 000030C8 - 000030D1 (0xa bytes), align: 1
  Segment part 22.            Intra module refs:   Font8x8_table
           ENTRY                   ADDRESS         REF BY
           =====                   =======         ======
           Font8x8_char_20         000030C8 
    -------------------------------------------------------------------------
NEAR_CONST
  Relative segment, address: 000030D2 - 000030DB (0xa bytes), align: 1
  Segment part 23.            Intra module refs:   Font8x8_table
           ENTRY                   ADDRESS         REF BY
           =====                   =======         ======
           Font8x8_char_21         000030D2 
    -------------------------------------------------------------------------
NEAR_CONST
  Relative segment, address: 000030DC - 000030E5 (0xa bytes), align: 1
  Segment part 24.            Intra module refs:   Font8x8_table
           ENTRY                   ADDRESS         REF BY
           =====                   =======         ======
           Font8x8_char_22         000030DC 
    -------------------------------------------------------------------------
NEAR_CONST
  Relative segment, address: 000030E6 - 000030EF (0xa bytes), align: 1
  Segment part 25.            Intra module refs:   Font8x8_table
           ENTRY                   ADDRESS         REF BY
           =====                   =======         ======
           Font8x8_char_23         000030E6 
    -------------------------------------------------------------------------
NEAR_CONST
  Relative segment, address: 000030F0 - 000030F9 (0xa bytes), align: 1
  Segment part 26.            Intra module refs:   Font8x8_table
           ENTRY                   ADDRESS         REF BY
           =====                   =======         ======
           Font8x8_char_24         000030F0 
    -------------------------------------------------------------------------
NEAR_CONST
  Relative segment, address: 000030FA - 00003103 (0xa bytes), align: 1
  Segment part 27.            Intra module refs:   Font8x8_table
           ENTRY                   ADDRESS         REF BY
           =====                   =======         ======
           Font8x8_char_25         000030FA 
    -------------------------------------------------------------------------
NEAR_CONST
  Relative segment, address: 00003104 - 0000310D (0xa bytes), align: 1
  Segment part 28.            Intra module refs:   Font8x8_table
           ENTRY                   ADDRESS         REF BY
           =====                   =======         ======
           Font8x8_char_26         00003104 
    -------------------------------------------------------------------------
NEAR_CONST
  Relative segment, address: 0000310E - 00003117 (0xa bytes), align: 1
  Segment part 29.            Intra module refs:   Font8x8_table
           ENTRY                   ADDRESS         REF BY
           =====                   =======         ======
           Font8x8_char_27         0000310E 
    -------------------------------------------------------------------------
NEAR_CONST
  Relative segment, address: 00003118 - 00003121 (0xa bytes), align: 1
  Segment part 30.            Intra module refs:   Font8x8_table
           ENTRY                   ADDRESS         REF BY
           =====                   =======         ======
           Font8x8_char_28         00003118 
    -------------------------------------------------------------------------
NEAR_CONST
  Relative segment, address: 00003122 - 0000312B (0xa bytes), align: 1
  Segment part 31.            Intra module refs:   Font8x8_table
           ENTRY                   ADDRESS         REF BY
           =====                   =======         ======
           Font8x8_char_29         00003122 
    -------------------------------------------------------------------------
NEAR_CONST
  Relative segment, address: 0000312C - 00003135 (0xa bytes), align: 1
  Segment part 32.            Intra module refs:   Font8x8_table
           ENTRY                   ADDRESS         REF BY
           =====                   =======         ======
           Font8x8_char_30         0000312C 
    -------------------------------------------------------------------------
NEAR_CONST
  Relative segment, address: 00003136 - 0000313F (0xa bytes), align: 1
  Segment part 33.            Intra module refs:   Font8x8_table
           ENTRY                   ADDRESS         REF BY
           =====                   =======         ======
           Font8x8_char_31         00003136 
    -------------------------------------------------------------------------
NEAR_CONST
  Relative segment, address: 00003140 - 00003149 (0xa bytes), align: 1
  Segment part 34.            Intra module refs:   Font8x8_table
           ENTRY                   ADDRESS         REF BY
           =====                   =======         ======
           Font8x8_char_32         00003140 
    -------------------------------------------------------------------------
NEAR_CONST
  Relative segment, address: 0000314A - 00003153 (0xa bytes), align: 1
  Segment part 35.            Intra module refs:   Font8x8_table
           ENTRY                   ADDRESS         REF BY
           =====                   =======         ======
           Font8x8_char_33         0000314A 
    -------------------------------------------------------------------------
NEAR_CONST
  Relative segment, address: 00003154 - 0000315D (0xa bytes), align: 1
  Segment part 36.            Intra module refs:   Font8x8_table
           ENTRY                   ADDRESS         REF BY
           =====                   =======         ======
           Font8x8_char_34         00003154 
    -------------------------------------------------------------------------
NEAR_CONST
  Relative segment, address: 0000315E - 00003167 (0xa bytes), align: 1
  Segment part 37.            Intra module refs:   Font8x8_table
           ENTRY                   ADDRESS         REF BY
           =====                   =======         ======
           Font8x8_char_35         0000315E 
    -------------------------------------------------------------------------
NEAR_CONST
  Relative segment, address: 00003168 - 00003171 (0xa bytes), align: 1
  Segment part 38.            Intra module refs:   Font8x8_table
           ENTRY                   ADDRESS         REF BY
           =====                   =======         ======
           Font8x8_char_36         00003168 
    -------------------------------------------------------------------------
NEAR_CONST
  Relative segment, address: 00003172 - 0000317B (0xa bytes), align: 1
  Segment part 39.            Intra module refs:   Font8x8_table
           ENTRY                   ADDRESS         REF BY
           =====                   =======         ======
           Font8x8_char_37         00003172 
    -------------------------------------------------------------------------
NEAR_CONST
  Relative segment, address: 0000317C - 00003185 (0xa bytes), align: 1
  Segment part 40.            Intra module refs:   Font8x8_table
           ENTRY                   ADDRESS         REF BY
           =====                   =======         ======
           Font8x8_char_38         0000317C 
    -------------------------------------------------------------------------
NEAR_CONST
  Relative segment, address: 00003186 - 0000318F (0xa bytes), align: 1
  Segment part 41.            Intra module refs:   Font8x8_table
           ENTRY                   ADDRESS         REF BY
           =====                   =======         ======
           Font8x8_char_39         00003186 
    -------------------------------------------------------------------------
NEAR_CONST
  Relative segment, address: 00003190 - 00003199 (0xa bytes), align: 1
  Segment part 42.            Intra module refs:   Font8x8_table
           ENTRY                   ADDRESS         REF BY
           =====                   =======         ======
           Font8x8_char_40         00003190 
    -------------------------------------------------------------------------
NEAR_CONST
  Relative segment, address: 0000319A - 000031A3 (0xa bytes), align: 1
  Segment part 43.            Intra module refs:   Font8x8_table
           ENTRY                   ADDRESS         REF BY
           =====                   =======         ======
           Font8x8_char_41         0000319A 
    -------------------------------------------------------------------------
NEAR_CONST
  Relative segment, address: 000031A4 - 000031AD (0xa bytes), align: 1
  Segment part 44.            Intra module refs:   Font8x8_table
           ENTRY                   ADDRESS         REF BY
           =====                   =======         ======
           Font8x8_char_42         000031A4 
    -------------------------------------------------------------------------
NEAR_CONST
  Relative segment, address: 000031AE - 000031B7 (0xa bytes), align: 1
  Segment part 45.            Intra module refs:   Font8x8_table
           ENTRY                   ADDRESS         REF BY
           =====                   =======         ======
           Font8x8_char_43         000031AE 
    -------------------------------------------------------------------------
NEAR_CONST
  Relative segment, address: 000031B8 - 000031C1 (0xa bytes), align: 1
  Segment part 46.            Intra module refs:   Font8x8_table
           ENTRY                   ADDRESS         REF BY
           =====                   =======         ======
           Font8x8_char_44         000031B8 
    -------------------------------------------------------------------------
NEAR_CONST
  Relative segment, address: 000031C2 - 000031CB (0xa bytes), align: 1
  Segment part 47.            Intra module refs:   Font8x8_table
           ENTRY                   ADDRESS         REF BY
           =====                   =======         ======
           Font8x8_char_45         000031C2 
    -------------------------------------------------------------------------
NEAR_CONST
  Relative segment, address: 000031CC - 000031D5 (0xa bytes), align: 1
  Segment part 48.            Intra module refs:   Font8x8_table
           ENTRY                   ADDRESS         REF BY
           =====                   =======         ======
           Font8x8_char_46         000031CC 
    -------------------------------------------------------------------------
NEAR_CONST
  Relative segment, address: 000031D6 - 000031DF (0xa bytes), align: 1
  Segment part 49.            Intra module refs:   Font8x8_table
           ENTRY                   ADDRESS         REF BY
           =====                   =======         ======
           Font8x8_char_47         000031D6 
    -------------------------------------------------------------------------
NEAR_CONST
  Relative segment, address: 000031E0 - 000031E9 (0xa bytes), align: 1
  Segment part 50.            Intra module refs:   Font8x8_table
           ENTRY                   ADDRESS         REF BY
           =====                   =======         ======
           Font8x8_char_48         000031E0 
    -------------------------------------------------------------------------
NEAR_CONST
  Relative segment, address: 000031EA - 000031F3 (0xa bytes), align: 1
  Segment part 51.            Intra module refs:   Font8x8_table
           ENTRY                   ADDRESS         REF BY
           =====                   =======         ======
           Font8x8_char_49         000031EA 
    -------------------------------------------------------------------------
NEAR_CONST
  Relative segment, address: 000031F4 - 000031FD (0xa bytes), align: 1
  Segment part 52.            Intra module refs:   Font8x8_table
           ENTRY                   ADDRESS         REF BY
           =====                   =======         ======
           Font8x8_char_50         000031F4 
    -------------------------------------------------------------------------
NEAR_CONST
  Relative segment, address: 000031FE - 00003207 (0xa bytes), align: 1
  Segment part 53.            Intra module refs:   Font8x8_table
           ENTRY                   ADDRESS         REF BY
           =====                   =======         ======
           Font8x8_char_51         000031FE 
    -------------------------------------------------------------------------
NEAR_CONST
  Relative segment, address: 00003208 - 00003211 (0xa bytes), align: 1
  Segment part 54.            Intra module refs:   Font8x8_table
           ENTRY                   ADDRESS         REF BY
           =====                   =======         ======
           Font8x8_char_52         00003208 
    -------------------------------------------------------------------------
NEAR_CONST
  Relative segment, address: 00003212 - 0000321B (0xa bytes), align: 1
  Segment part 55.            Intra module refs:   Font8x8_table
           ENTRY                   ADDRESS         REF BY
           =====                   =======         ======
           Font8x8_char_53         00003212 
    -------------------------------------------------------------------------
NEAR_CONST
  Relative segment, address: 0000321C - 00003225 (0xa bytes), align: 1
  Segment part 56.            Intra module refs:   Font8x8_table
           ENTRY                   ADDRESS         REF BY
           =====                   =======         ======
           Font8x8_char_54         0000321C 
    -------------------------------------------------------------------------
NEAR_CONST
  Relative segment, address: 00003226 - 0000322F (0xa bytes), align: 1
  Segment part 57.            Intra module refs:   Font8x8_table
           ENTRY                   ADDRESS         REF BY
           =====                   =======         ======
           Font8x8_char_55         00003226 
    -------------------------------------------------------------------------
NEAR_CONST
  Relative segment, address: 00003230 - 00003239 (0xa bytes), align: 1
  Segment part 58.            Intra module refs:   Font8x8_table
           ENTRY                   ADDRESS         REF BY
           =====                   =======         ======
           Font8x8_char_56         00003230 
    -------------------------------------------------------------------------
NEAR_CONST
  Relative segment, address: 0000323A - 00003243 (0xa bytes), align: 1
  Segment part 59.            Intra module refs:   Font8x8_table
           ENTRY                   ADDRESS         REF BY
           =====                   =======         ======
           Font8x8_char_57         0000323A 
    -------------------------------------------------------------------------
NEAR_CONST
  Relative segment, address: 00003244 - 0000324D (0xa bytes), align: 1
  Segment part 60.            Intra module refs:   Font8x8_table
           ENTRY                   ADDRESS         REF BY
           =====                   =======         ======
           Font8x8_char_58         00003244 
    -------------------------------------------------------------------------
NEAR_CONST
  Relative segment, address: 0000324E - 00003257 (0xa bytes), align: 1
  Segment part 61.            Intra module refs:   Font8x8_table
           ENTRY                   ADDRESS         REF BY
           =====                   =======         ======
           Font8x8_char_59         0000324E 
    -------------------------------------------------------------------------
NEAR_CONST
  Relative segment, address: 00003258 - 00003261 (0xa bytes), align: 1
  Segment part 62.            Intra module refs:   Font8x8_table
           ENTRY                   ADDRESS         REF BY
           =====                   =======         ======
           Font8x8_char_60         00003258 
    -------------------------------------------------------------------------
NEAR_CONST
  Relative segment, address: 00003262 - 0000326B (0xa bytes), align: 1
  Segment part 63.            Intra module refs:   Font8x8_table
           ENTRY                   ADDRESS         REF BY
           =====                   =======         ======
           Font8x8_char_61         00003262 
    -------------------------------------------------------------------------
NEAR_CONST
  Relative segment, address: 0000326C - 00003275 (0xa bytes), align: 1
  Segment part 64.            Intra module refs:   Font8x8_table
           ENTRY                   ADDRESS         REF BY
           =====                   =======         ======
           Font8x8_char_62         0000326C 
    -------------------------------------------------------------------------
NEAR_CONST
  Relative segment, address: 00003276 - 0000327F (0xa bytes), align: 1
  Segment part 65.            Intra module refs:   Font8x8_table
           ENTRY                   ADDRESS         REF BY
           =====                   =======         ======
           Font8x8_char_63         00003276 
    -------------------------------------------------------------------------
NEAR_CONST
  Relative segment, address: 00003280 - 00003289 (0xa bytes), align: 1
  Segment part 66.            Intra module refs:   Font8x8_table
           ENTRY                   ADDRESS         REF BY
           =====                   =======         ======
           Font8x8_char_64         00003280 
    -------------------------------------------------------------------------
NEAR_CONST
  Relative segment, address: 0000328A - 00003293 (0xa bytes), align: 1
  Segment part 67.            Intra module refs:   Font8x8_table
           ENTRY                   ADDRESS         REF BY
           =====                   =======         ======
           Font8x8_char_65         0000328A 
    -------------------------------------------------------------------------
NEAR_CONST
  Relative segment, address: 00003294 - 0000329D (0xa bytes), align: 1
  Segment part 68.            Intra module refs:   Font8x8_table
           ENTRY                   ADDRESS         REF BY
           =====                   =======         ======
           Font8x8_char_66         00003294 
    -------------------------------------------------------------------------
NEAR_CONST
  Relative segment, address: 0000329E - 000032A7 (0xa bytes), align: 1
  Segment part 69.            Intra module refs:   Font8x8_table
           ENTRY                   ADDRESS         REF BY
           =====                   =======         ======
           Font8x8_char_67         0000329E 
    -------------------------------------------------------------------------
NEAR_CONST
  Relative segment, address: 000032A8 - 000032B1 (0xa bytes), align: 1
  Segment part 70.            Intra module refs:   Font8x8_table
           ENTRY                   ADDRESS         REF BY
           =====                   =======         ======
           Font8x8_char_68         000032A8 
    -------------------------------------------------------------------------
NEAR_CONST
  Relative segment, address: 000032B2 - 000032BB (0xa bytes), align: 1
  Segment part 71.            Intra module refs:   Font8x8_table
           ENTRY                   ADDRESS         REF BY
           =====                   =======         ======
           Font8x8_char_69         000032B2 
    -------------------------------------------------------------------------
NEAR_CONST
  Relative segment, address: 000032BC - 000032C5 (0xa bytes), align: 1
  Segment part 72.            Intra module refs:   Font8x8_table
           ENTRY                   ADDRESS         REF BY
           =====                   =======         ======
           Font8x8_char_70         000032BC 
    -------------------------------------------------------------------------
NEAR_CONST
  Relative segment, address: 000032C6 - 000032CF (0xa bytes), align: 1
  Segment part 73.            Intra module refs:   Font8x8_table
           ENTRY                   ADDRESS         REF BY
           =====                   =======         ======
           Font8x8_char_71         000032C6 
    -------------------------------------------------------------------------
NEAR_CONST
  Relative segment, address: 000032D0 - 000032D9 (0xa bytes), align: 1
  Segment part 74.            Intra module refs:   Font8x8_table
           ENTRY                   ADDRESS         REF BY
           =====                   =======         ======
           Font8x8_char_72         000032D0 
    -------------------------------------------------------------------------
NEAR_CONST
  Relative segment, address: 000032DA - 000032E3 (0xa bytes), align: 1
  Segment part 75.            Intra module refs:   Font8x8_table
           ENTRY                   ADDRESS         REF BY
           =====                   =======         ======
           Font8x8_char_73         000032DA 
    -------------------------------------------------------------------------
NEAR_CONST
  Relative segment, address: 000032E4 - 000032ED (0xa bytes), align: 1
  Segment part 76.            Intra module refs:   Font8x8_table
           ENTRY                   ADDRESS         REF BY
           =====                   =======         ======
           Font8x8_char_74         000032E4 
    -------------------------------------------------------------------------
NEAR_CONST
  Relative segment, address: 000032EE - 000032F7 (0xa bytes), align: 1
  Segment part 77.            Intra module refs:   Font8x8_table
           ENTRY                   ADDRESS         REF BY
           =====                   =======         ======
           Font8x8_char_75         000032EE 
    -------------------------------------------------------------------------
NEAR_CONST
  Relative segment, address: 000032F8 - 00003301 (0xa bytes), align: 1
  Segment part 78.            Intra module refs:   Font8x8_table
           ENTRY                   ADDRESS         REF BY
           =====                   =======         ======
           Font8x8_char_76         000032F8 
    -------------------------------------------------------------------------
NEAR_CONST
  Relative segment, address: 00003302 - 0000330B (0xa bytes), align: 1
  Segment part 79.            Intra module refs:   Font8x8_table
           ENTRY                   ADDRESS         REF BY
           =====                   =======         ======
           Font8x8_char_77         00003302 
    -------------------------------------------------------------------------
NEAR_CONST
  Relative segment, address: 0000330C - 00003315 (0xa bytes), align: 1
  Segment part 80.            Intra module refs:   Font8x8_table
           ENTRY                   ADDRESS         REF BY
           =====                   =======         ======
           Font8x8_char_78         0000330C 
    -------------------------------------------------------------------------
NEAR_CONST
  Relative segment, address: 00003316 - 0000331F (0xa bytes), align: 1
  Segment part 81.            Intra module refs:   Font8x8_table
           ENTRY                   ADDRESS         REF BY
           =====                   =======         ======
           Font8x8_char_79         00003316 
    -------------------------------------------------------------------------
NEAR_CONST
  Relative segment, address: 00003320 - 00003329 (0xa bytes), align: 1
  Segment part 82.            Intra module refs:   Font8x8_table
           ENTRY                   ADDRESS         REF BY
           =====                   =======         ======
           Font8x8_char_80         00003320 
    -------------------------------------------------------------------------
NEAR_CONST
  Relative segment, address: 0000332A - 00003333 (0xa bytes), align: 1
  Segment part 83.            Intra module refs:   Font8x8_table
           ENTRY                   ADDRESS         REF BY
           =====                   =======         ======
           Font8x8_char_81         0000332A 
    -------------------------------------------------------------------------
NEAR_CONST
  Relative segment, address: 00003334 - 0000333D (0xa bytes), align: 1
  Segment part 84.            Intra module refs:   Font8x8_table
           ENTRY                   ADDRESS         REF BY
           =====                   =======         ======
           Font8x8_char_82         00003334 
    -------------------------------------------------------------------------
NEAR_CONST
  Relative segment, address: 0000333E - 00003347 (0xa bytes), align: 1
  Segment part 85.            Intra module refs:   Font8x8_table
           ENTRY                   ADDRESS         REF BY
           =====                   =======         ======
           Font8x8_char_83         0000333E 
    -------------------------------------------------------------------------
NEAR_CONST
  Relative segment, address: 00003348 - 00003351 (0xa bytes), align: 1
  Segment part 86.            Intra module refs:   Font8x8_table
           ENTRY                   ADDRESS         REF BY
           =====                   =======         ======
           Font8x8_char_84         00003348 
    -------------------------------------------------------------------------
NEAR_CONST
  Relative segment, address: 00003352 - 0000335B (0xa bytes), align: 1
  Segment part 87.            Intra module refs:   Font8x8_table
           ENTRY                   ADDRESS         REF BY
           =====                   =======         ======
           Font8x8_char_85         00003352 
    -------------------------------------------------------------------------
NEAR_CONST
  Relative segment, address: 0000335C - 00003365 (0xa bytes), align: 1
  Segment part 88.            Intra module refs:   Font8x8_table
           ENTRY                   ADDRESS         REF BY
           =====                   =======         ======
           Font8x8_char_86         0000335C 
    -------------------------------------------------------------------------
NEAR_CONST
  Relative segment, address: 00003366 - 0000336F (0xa bytes), align: 1
  Segment part 89.            Intra module refs:   Font8x8_table
           ENTRY                   ADDRESS         REF BY
           =====                   =======         ======
           Font8x8_char_87         00003366 
    -------------------------------------------------------------------------
NEAR_CONST
  Relative segment, address: 00003370 - 00003379 (0xa bytes), align: 1
  Segment part 90.            Intra module refs:   Font8x8_table
           ENTRY                   ADDRESS         REF BY
           =====                   =======         ======
           Font8x8_char_88         00003370 
    -------------------------------------------------------------------------
NEAR_CONST
  Relative segment, address: 0000337A - 00003383 (0xa bytes), align: 1
  Segment part 91.            Intra module refs:   Font8x8_table
           ENTRY                   ADDRESS         REF BY
           =====                   =======         ======
           Font8x8_char_89         0000337A 
    -------------------------------------------------------------------------
NEAR_CONST
  Relative segment, address: 00003384 - 0000338D (0xa bytes), align: 1
  Segment part 92.            Intra module refs:   Font8x8_table
           ENTRY                   ADDRESS         REF BY
           =====                   =======         ======
           Font8x8_char_90         00003384 
    -------------------------------------------------------------------------
NEAR_CONST
  Relative segment, address: 0000338E - 00003397 (0xa bytes), align: 1
  Segment part 93.            Intra module refs:   Font8x8_table
           ENTRY                   ADDRESS         REF BY
           =====                   =======         ======
           Font8x8_char_91         0000338E 
    -------------------------------------------------------------------------
NEAR_CONST
  Relative segment, address: 00003398 - 000033A1 (0xa bytes), align: 1
  Segment part 94.            Intra module refs:   Font8x8_table
           ENTRY                   ADDRESS         REF BY
           =====                   =======         ======
           Font8x8_char_92         00003398 
    -------------------------------------------------------------------------
NEAR_CONST
  Relative segment, address: 000033A2 - 000033AB (0xa bytes), align: 1
  Segment part 95.            Intra module refs:   Font8x8_table
           ENTRY                   ADDRESS         REF BY
           =====                   =======         ======
           Font8x8_char_93         000033A2 
    -------------------------------------------------------------------------
NEAR_CONST
  Relative segment, address: 000033AC - 000033B5 (0xa bytes), align: 1
  Segment part 96.            Intra module refs:   Font8x8_table
           ENTRY                   ADDRESS         REF BY
           =====                   =======         ======
           Font8x8_char_94         000033AC 
    -------------------------------------------------------------------------
NEAR_CONST
  Relative segment, address: 000033B6 - 000033BF (0xa bytes), align: 1
  Segment part 97.            Intra module refs:   Font8x8_table
           ENTRY                   ADDRESS         REF BY
           =====                   =======         ======
           Font8x8_char_95         000033B6 
    -------------------------------------------------------------------------
NEAR_CONST
  Relative segment, address: 000033C0 - 000033C9 (0xa bytes), align: 1
  Segment part 98.            Intra module refs:   Font8x8_table
[...]
  LIBRARY MODULE, NAME : ?xprintflarge_nomb

  SEGMENTS IN THE MODULE
  ======================
CODE
  Relative segment, address: 00001C50 - 0000216C (0x51d bytes), align: 0
  Segment part 14.
           ENTRY                   ADDRESS         REF BY
           =====                   =======         ======
           _PrintfLargeNoMb        00001C50        vsprintf (?vsprintf)
               calls direct
               CSTACK = 00000002 ( 0000006A )
    -------------------------------------------------------------------------
CODE
  Relative segment, address: 0000216D - 00002171 (0x5 bytes), align: 0
  Segment part 15.            Intra module refs:   _PrintfLargeNoMb
                                                   _PutcharsLargeNoMb
                                                   pad
    -------------------------------------------------------------------------
CODE
  Relative segment, address: 00002172 - 00002177 (0x6 bytes), align: 0
  Segment part 16.            Intra module refs:   _PrintfLargeNoMb
    -------------------------------------------------------------------------
CODE
  Relative segment, address: 00002178 - 0000217D (0x6 bytes), align: 0
  Segment part 17.            Intra module refs:   _PrintfLargeNoMb
    -------------------------------------------------------------------------
CODE
  Relative segment, address: 0000217E - 000021C1 (0x44 bytes), align: 0
  Segment part 18.            Intra module refs:   _PrintfLargeNoMb
           LOCAL                   ADDRESS         
           =====                   =======         
           LoadInt                 0000217E 
               CSTACK = 00000000 ( 00000002 )
    -------------------------------------------------------------------------
CODE
  Relative segment, address: 000021C2 - 000021C8 (0x7 bytes), align: 0
  Segment part 19.            Intra module refs:   LoadInt
    -------------------------------------------------------------------------
CODE
  Relative segment, address: 000021C9 - 000021F8 (0x30 bytes), align: 0
  Segment part 20.            Intra module refs:   _PrintfLargeNoMb
           LOCAL                   ADDRESS         
           =====                   =======         
           pad                     000021C9 
               calls direct
               CSTACK = 00000002 ( 0000000A )
    -------------------------------------------------------------------------
CODE
  Relative segment, address: 000021F9 - 00002375 (0x17d bytes), align: 0
  Segment part 21.            Intra module refs:   _PrintfLargeNoMb
           LOCAL                   ADDRESS         
           =====                   =======         
           _LitobLargeNoMb         000021F9 
               CSTACK = 00000000 ( 0000001A )
    -------------------------------------------------------------------------
CODE
  Relative segment, address: 00002376 - 00002376 (0x1 bytes), align: 0
  Segment part 22.            Intra module refs:   _GenldLargeNoMb
                                                   _LitobLargeNoMb
    -------------------------------------------------------------------------
CODE
  Relative segment, address: 00002377 - 0000237B (0x5 bytes), align: 0
  Segment part 23.            Intra module refs:   Segment part 22
                                                   _GenldLargeNoMb
                                                   _LitobLargeNoMb
                                                   _PrintfLargeNoMb
    -------------------------------------------------------------------------
CODE
  Relative segment, address: 0000237C - 000023CF (0x54 bytes), align: 0
  Segment part 24.            Intra module refs:   _LdtobLargeNoMb
           LOCAL                   ADDRESS         
           =====                   =======         
           scale                   0000237C 
               CSTACK = 00000000 ( 0000000E )
    -------------------------------------------------------------------------
CODE
  Relative segment, address: 000023D0 - 00002636 (0x267 bytes), align: 0
  Segment part 25.            Intra module refs:   _PrintfLargeNoMb
           LOCAL                   ADDRESS         
           =====                   =======         
           _LdtobLargeNoMb         000023D0 
               calls direct
               CSTACK = 00000000 ( 0000004C )
    -------------------------------------------------------------------------
CODE
  Relative segment, address: 00002637 - 0000263C (0x6 bytes), align: 0
  Segment part 26.            Intra module refs:   _GenldLargeNoMb
                                                   _LdtobLargeNoMb
                                                   _LitobLargeNoMb
    -------------------------------------------------------------------------
CODE
  Relative segment, address: 0000263D - 00002643 (0x7 bytes), align: 0
  Segment part 27.            Intra module refs:   _GenldLargeNoMb
                                                   _LdtobLargeNoMb
                                                   _PrintfLargeNoMb
    -------------------------------------------------------------------------
CODE
  Relative segment, address: 00002644 - 000029E3 (0x3a0 bytes), align: 0
  Segment part 28.            Intra module refs:   _LdtobLargeNoMb
           LOCAL                   ADDRESS         
           =====                   =======         
           _GenldLargeNoMb         00002644 
               calls direct
               CSTACK = 00000004 ( 00000020 )
    -------------------------------------------------------------------------
CODE
  Relative segment, address: 000029E4 - 000029EC (0x9 bytes), align: 0
  Segment part 29.            Intra module refs:   _GenldLargeNoMb
    -------------------------------------------------------------------------
CODE
  Relative segment, address: 000029ED - 000029F5 (0x9 bytes), align: 0
  Segment part 30.            Intra module refs:   _GenldLargeNoMb
    -------------------------------------------------------------------------
CODE
  Relative segment, address: 000029F6 - 00002A19 (0x24 bytes), align: 0
  Segment part 31.            Intra module refs:   _PrintfLargeNoMb
                                                   _PutcharsLargeNoMb
           LOCAL                   ADDRESS         
           =====                   =======         
           _PutcharLargeNoMb       000029F6 
               calls indirect
               CSTACK = 00000000 ( 00000004 )
    -------------------------------------------------------------------------
CODE
  Relative segment, address: 00002A1A - 00002A47 (0x2e bytes), align: 0
  Segment part 32.            Intra module refs:   _PrintfLargeNoMb
                                                   pad
           LOCAL                   ADDRESS         
           =====                   =======         
           _PutcharsLargeNoMb      00002A1A 
               calls direct
               CSTACK = 00000002 ( 00000006 )
    -------------------------------------------------------------------------
NEAR_ID
  Relative segment, address: 00002DD0 - 00002DD7 (0x8 bytes), align: 1
  Segment part 3.             Intra module refs:   Segment part 2
    -------------------------------------------------------------------------
NEAR_ID
  Relative segment, address: 00002DD8 - 00002DDB (0x4 bytes), align: 1
  Segment part 5.             Intra module refs:   Segment part 4
    -------------------------------------------------------------------------
NEAR_ID
  Relative segment, address: 00002DDC - 00002DDF (0x4 bytes), align: 1
  Segment part 7.             Intra module refs:   Segment part 6
    -------------------------------------------------------------------------
NEAR_ID
  Relative segment, address: 00002DE0 - 00002DE3 (0x4 bytes), align: 1
  Segment part 9.             Intra module refs:   Segment part 8
    -------------------------------------------------------------------------
NEAR_ID
  Relative segment, address: 00002DE4 - 00002DE7 (0x4 bytes), align: 1
  Segment part 11.            Intra module refs:   Segment part 10
    -------------------------------------------------------------------------
NEAR_ID
  Relative segment, address: 00002DE8 - 00002DE9 (0x2 bytes), align: 1
  Segment part 13.            Intra module refs:   Segment part 12
    -------------------------------------------------------------------------
NEAR_I
  Relative segment, address: 000FAF06 - 000FAF0D (0x8 bytes), align: 1
  Segment part 2.             Intra module refs:   _PrintfLargeNoMb
    -------------------------------------------------------------------------
NEAR_I
  Relative segment, address: 000FAF0E - 000FAF11 (0x4 bytes), align: 1
  Segment part 4.             Intra module refs:   _LdtobLargeNoMb
    -------------------------------------------------------------------------
NEAR_I
  Relative segment, address: 000FAF12 - 000FAF15 (0x4 bytes), align: 1
  Segment part 6.             Intra module refs:   _LdtobLargeNoMb
    -------------------------------------------------------------------------
NEAR_I
  Relative segment, address: 000FAF16 - 000FAF19 (0x4 bytes), align: 1
  Segment part 8.             Intra module refs:   _LdtobLargeNoMb
    -------------------------------------------------------------------------
NEAR_I
  Relative segment, address: 000FAF1A - 000FAF1D (0x4 bytes), align: 1
  Segment part 10.            Intra module refs:   _LdtobLargeNoMb
    -------------------------------------------------------------------------
NEAR_I
  Relative segment, address: 000FAF1E - 000FAF1F (0x2 bytes), align: 1
  Segment part 12.            Intra module refs:   _GenldLargeNoMb

    -------------------------------------------------------------------------
  LIBRARY MODULE, NAME : ?xsin_small

  SEGMENTS IN THE MODULE
  ======================
CODE
  Relative segment, address: 00002A48 - 00002C0F (0x1c8 bytes), align: 0
  Segment part 2.
           ENTRY                   ADDRESS         REF BY
           =====                   =======         ======
           __iar_Sin_small         00002A48        LCDTest2 (lcd)
               calls direct
               CSTACK = 00000000 ( 00000036 )

    -------------------------------------------------------------------------
  LIBRARY MODULE, NAME : ?xsprout

  SEGMENTS IN THE MODULE
  ======================
CODE
  Relative segment, address: 00002C10 - 00002C1B (0xc bytes), align: 0
  Segment part 2.
           ENTRY                   ADDRESS         REF BY
           =====                   =======         ======
           _SProut                 00002C10        vsprintf (?vsprintf)
               CSTACK = 00000000 ( 00000002 )

    -------------------------------------------------------------------------
  LIBRARY MODULE, NAME : ?xxmemxfree

  SEGMENTS IN THE MODULE
  ======================
CODE
  Relative segment, address: 00002C1C - 00002CDA (0xbf bytes), align: 0
  Segment part 2.
           ENTRY                   ADDRESS         REF BY
           =====                   =======         ======
           __near_free             00002C1C        __near_findmem (?xxmemxmalloc)
               CSTACK = 00000000 ( 0000000A )

    -------------------------------------------------------------------------
  LIBRARY MODULE, NAME : ?xxmemxmalloc

  SEGMENTS IN THE MODULE
  ======================
NEAR_Z
  Relative segment, address: 000FAF2E - 000FAF31 (0x4 bytes), align: 1
  Segment part 2.             Intra module refs:   __near_findmem
                                                   __near_malloc
           ENTRY                   ADDRESS         REF BY
           =====                   =======         ======
           __near_Aldata           000FAF2E        __near_free (?xxmemxfree)
    -------------------------------------------------------------------------
CODE
  Relative segment, address: 00002CDB - 00002D3D (0x63 bytes), align: 0
  Segment part 4.             Intra module refs:   __near_malloc
           LOCAL                   ADDRESS         
           =====                   =======         
           __near_findmem          00002CDB 
               calls direct
               CSTACK = 00000000 ( 00000006 )
    -------------------------------------------------------------------------
CODE
  Relative segment, address: 00002D3E - 00002DBF (0x82 bytes), align: 0
  Segment part 8.
           ENTRY                   ADDRESS         REF BY
           =====                   =======         ======
           __near_malloc           00002D3E        malloc (glyph)
               calls direct
               CSTACK = 00000000 ( 00000008 )
    -------------------------------------------------------------------------
CODE
  Relative segment, address: 00002DC0 - 00002DC8 (0x9 bytes), align: 0
  Segment part 12.            Intra module refs:   __near_malloc




                ****************************************
                *                                      *
                *            MODULE SUMMARY            *
                *                                      *
                ****************************************

Module                     CODE      DATA      CONST
------                     ----      ----      -----
                          (Rel)  (Rel)  (Abs)  (Rel)
?CHAR_SSWITCH_L10            23
?CSTARTUP                    47
  + common                    2
?FCMP_GE                     72
?FCMP_LT                     77
?FLOAT_2_SIGNED_LONG        107
?FLOAT_ADD_SUB              604
?FLOAT_DIV                  376
?FLOAT_MUL                  341
?FLOAT_NEG_L04               41
?FUNCTION_LEAVE_L06          50
?INT_LSH_L02                 12
?INT_SSWITCH_L10             33
?LONG_FLOAT_DEALLOC_L06      23
?LONG_NEG_L03                31
?MEMCPY_NEAR                 12
?MEMCPY_SMALL_NEAR            8
?MOVE_LONG_OBJECT_L06        50
?SIGNED_LONG_2_FLOAT         85
?SINT_CMP_L02                12
?SINT_RSH_L02                13
?SLONG_CMP_L03               51
?SUBN_ARG                    11
?WRKSEG_DEFINE_L09                   9
?__INIT_NEAR_I               26
?__INIT_NEAR_Z               19
?__INIT_WRKSEG               11
?__MAIN_CALL                  6
?__dbg_break                  3
?__exit                      16
?_exit                        5
?div                         28
?errno                               2
?exit                         3
?fabs                        58
?memchr                      21
?modf                        61
?strchr                      16
?strlen                      14
?vsprintf                    42
?xdint                      175
?xdnorm                      90
?xdtest                      49
?xdunscal                    86
?xgetmemchunk                30      2
?xprintflarge_nomb        3 576     26            26
?xsin_small                 456
?xsprout                     12
?xxmemxfree                 191
?xxmemxmalloc               238      4
RDKRL78_spi                 168      6             6
  + shared                                  2
ST7579_LCD                2 086                  140
YRDKRL78_LCD                 43
__HWDIV_8_8_8                16
__HWSDIV_16_16_16            65
__HWSDIV_32_32_32           173
__HWSxxx_32_32_32            23
font_8x8                                       3 072
glyph                       346
glyph_register              100
lcd                         779      4            90
r_cg_cgc                     42             4
r_cg_it                      26            10
  + shared                                  1
r_cg_it_user                  2
  + common                   58
r_cg_port                    44            13
  + shared                                  1
r_cg_serial                 158      6     23
  + shared                                  4
r_cg_serial_user             69      2      2
  + common                   24
r_main                       25         1 024
r_systeminit                 41             5
N/A (command line)                 768
N/A (alignment)               2
----------               ------    ---  -----  -----
Total:                   11 519    829  1 089  3 334
  + common                   58


                ****************************************
                *                                      *
                *      SEGMENTS IN ADDRESS ORDER       *
                *                                      *
                ****************************************


SEGMENT              SPACE    START ADDRESS   END ADDRESS     SIZE  TYPE  ALIGN
=======              =====    =============   ===========     ====  ====  =====
__aseg                                  00000000                     rel    0
INTVEC                             00000000 - 00000039          3A   com    1
OPTBYTE                            000000C0 - 000000C3           4   rel    0
SECUID                             000000C4 - 000000CD           A   rel    1
RCODE                              000000D8 - 00000A50         979   rel    1
CODE                               00000A51 - 00002DC8        2378   rel    0
NEAR_ID                            00002DCA - 00002DEB          22   rel    1
SWITCH                             00002DEC - 00002E77          8C   rel    1
NEAR_CONST                         00003000 - 00003C57         C58   rel    1
NEAR_A                             000F0076 - 000F0079           4   rel    0
                                   000F007B - 000F007B           1 
                                   000F00F0 - 000F00F0           1 
                                   000F00F3 - 000F00F3           1 
                                   000F0142 - 000F0143           2 
                                   000F014A - 000F014B           2 
                                   000F0152 - 000F0153           2 
                                   000F015A - 000F015B           2 
                                   000F0162 - 000F016B           A 
                                   000F02F0 - 000F02F0           1 
                                   000FA300 - 000FA6FF         400 
NEAR_I                             000FAF00 - 000FAF21          22   rel    1
NEAR_Z                             000FAF22 - 000FAF33          12   rel    1
FAR_Z                                   000FAF34                     rel    0
NEAR_HEAP                          000FAF34 - 000FB033         100   rel    1
CSTACK                             000FB034 - 000FB233         200   rel    1
WRKSEG                             000FFE20 - 000FFE28           9   rel    1
SADDR_A                            000FFF00 - 000FFF01           2   rel    0
                                   000FFF06 - 000FFF07           2 
                                   000FFF0A - 000FFF0A           1 
                                   000FFF0D - 000FFF0F           3 
NEAR_A                             000FFF20 - 000FFF21           2   rel    0
                                   000FFF24 - 000FFF24           1 
                                   000FFF26 - 000FFF27           2 
                                   000FFF2A - 000FFF2A           1 
                                   000FFF2E - 000FFF2F           2 
                                   000FFF4A - 000FFF4B           2 
                                   000FFF90 - 000FFF91           2 
                                   000FFFA0 - 000FFFA1           2 
                                   000FFFA4 - 000FFFA4           1 
NEAR_A                             000FFFE0 - 000FFFEF          10   rel    0

                ****************************************
                *                                      *
                *        END OF CROSS REFERENCE        *
                *                                      *
                ****************************************

 11 577 bytes of CODE  memory
    829 bytes of DATA  memory (+ 1 089 absolute )
  3 334 bytes of CONST memory

Errors: none
Warnings: none

