Error[e46]: Undefined external "R_CSI10_Create" referred in RDKRL78_spi ( C:\Users\Suddenlink\Dropbox\git_files\embedded_design\project1\GPSSim-G14\Debug\Obj\RDKRL78_spi.r87 )
Error[e46]: Undefined external "R_CSI10_Start" referred in RDKRL78_spi ( C:\Users\Suddenlink\Dropbox\git_files\embedded_design\project1\GPSSim-G14\Debug\Obj\RDKRL78_spi.r87 )
Error[e46]: Undefined external "R_CSI10_Send_Receive" referred in RDKRL78_spi ( C:\Users\Suddenlink\Dropbox\git_files\embedded_design\project1\GPSSim-G14\Debug\Obj\RDKRL78_spi.r87 )
################################################################################
#                                                                              #
#      IAR Universal Linker V5.7.1.40                                          #
#                                                                              #
#           Link time     =  19/Feb/2014  19:39:58                             #
#           Target CPU    =  RL78                                              #
#           List file     =  C:\Users\Suddenlink\Dropbox\git_files\embedded_de #
#                            sign\project1\GPSSim-G14\Debug\List\LCDDemo.map   #
#           Output file 1 =  C:\Users\Suddenlink\Dropbox\git_files\embedded_de #
#                            sign\project1\GPSSim-G14\Debug\Exe\LCDDemo.d87    #
#                            Format: debug                                     #
#                            UBROF version 10.0.6                              #
#                            Using library modules for C-SPY (-rt)             #
#           Command line  =  C:\Users\Suddenlink\Dropbox\git_files\embedded_de #
#                            sign\project1\GPSSim-G14\Debug\Obj\LibReplacement #
#                            .r87                                              #
#                            C:\Users\Suddenlink\Dropbox\git_files\embedded_de #
#                            sign\project1\GPSSim-G14\Debug\Obj\RDKRL78_spi.r8 #
#                            7                                                 #
#                            C:\Users\Suddenlink\Dropbox\git_files\embedded_de #
#                            sign\project1\GPSSim-G14\Debug\Obj\ST7579_LCD.r87 #
#                            C:\Users\Suddenlink\Dropbox\git_files\embedded_de #
#                            sign\project1\GPSSim-G14\Debug\Obj\YRDKRL78_LCD.r #
#                            87                                                #
#                            C:\Users\Suddenlink\Dropbox\git_files\embedded_de #
#                            sign\project1\GPSSim-G14\Debug\Obj\bitmap_font.r8 #
#                            7                                                 #
#                            C:\Users\Suddenlink\Dropbox\git_files\embedded_de #
#                            sign\project1\GPSSim-G14\Debug\Obj\font_8x16.r87  #
#                            C:\Users\Suddenlink\Dropbox\git_files\embedded_de #
#                            sign\project1\GPSSim-G14\Debug\Obj\font_8x8.r87   #
#                            C:\Users\Suddenlink\Dropbox\git_files\embedded_de #
#                            sign\project1\GPSSim-G14\Debug\Obj\font_helvr10.r #
#                            87                                                #
#                            C:\Users\Suddenlink\Dropbox\git_files\embedded_de #
#                            sign\project1\GPSSim-G14\Debug\Obj\font_logos.r87 #
#                            C:\Users\Suddenlink\Dropbox\git_files\embedded_de #
#                            sign\project1\GPSSim-G14\Debug\Obj\font_winfreesy #
#                            stem14x16.r87                                     #
#                            C:\Users\Suddenlink\Dropbox\git_files\embedded_de #
#                            sign\project1\GPSSim-G14\Debug\Obj\font_x5x7.r87  #
#                            C:\Users\Suddenlink\Dropbox\git_files\embedded_de #
#                            sign\project1\GPSSim-G14\Debug\Obj\font_x6x13.r87 #
#                            C:\Users\Suddenlink\Dropbox\git_files\embedded_de #
#                            sign\project1\GPSSim-G14\Debug\Obj\glyph.r87      #
#                            C:\Users\Suddenlink\Dropbox\git_files\embedded_de #
#                            sign\project1\GPSSim-G14\Debug\Obj\glyph_register #
#                            .r87                                              #
#                            C:\Users\Suddenlink\Dropbox\git_files\embedded_de #
#                            sign\project1\GPSSim-G14\Debug\Obj\gpssim.r87     #
#                            C:\Users\Suddenlink\Dropbox\git_files\embedded_de #
#                            sign\project1\GPSSim-G14\Debug\Obj\lcd.r87        #
#                            C:\Users\Suddenlink\Dropbox\git_files\embedded_de #
#                            sign\project1\GPSSim-G14\Debug\Obj\r_cg_adc.r87   #
#                            C:\Users\Suddenlink\Dropbox\git_files\embedded_de #
#                            sign\project1\GPSSim-G14\Debug\Obj\r_cg_adc_user. #
#                            r87                                               #
#                            C:\Users\Suddenlink\Dropbox\git_files\embedded_de #
#                            sign\project1\GPSSim-G14\Debug\Obj\r_cg_cgc.r87   #
#                            C:\Users\Suddenlink\Dropbox\git_files\embedded_de #
#                            sign\project1\GPSSim-G14\Debug\Obj\r_cg_cgc_user. #
#                            r87                                               #
#                            C:\Users\Suddenlink\Dropbox\git_files\embedded_de #
#                            sign\project1\GPSSim-G14\Debug\Obj\r_cg_it.r87    #
#                            C:\Users\Suddenlink\Dropbox\git_files\embedded_de #
#                            sign\project1\GPSSim-G14\Debug\Obj\r_cg_it_user.r #
#                            87                                                #
#                            C:\Users\Suddenlink\Dropbox\git_files\embedded_de #
#                            sign\project1\GPSSim-G14\Debug\Obj\r_cg_port.r87  #
#                            C:\Users\Suddenlink\Dropbox\git_files\embedded_de #
#                            sign\project1\GPSSim-G14\Debug\Obj\r_cg_port_user #
#                            .r87                                              #
#                            C:\Users\Suddenlink\Dropbox\git_files\embedded_de #
#                            sign\project1\GPSSim-G14\Debug\Obj\r_cg_serial.r8 #
#                            7                                                 #
#                            C:\Users\Suddenlink\Dropbox\git_files\embedded_de #
#                            sign\project1\GPSSim-G14\Debug\Obj\r_cg_serial_us #
#                            er.r87                                            #
#                            C:\Users\Suddenlink\Dropbox\git_files\embedded_de #
#                            sign\project1\GPSSim-G14\Debug\Obj\r_main.r87     #
#                            C:\Users\Suddenlink\Dropbox\git_files\embedded_de #
#                            sign\project1\GPSSim-G14\Debug\Obj\r_systeminit.r #
#                            87                                                #
#                            C:\Users\Suddenlink\Dropbox\git_files\embedded_de #
#                            sign\project1\GPSSim-G14\Debug\Obj\rtc_sched.r87  #
#                            C:\Users\Suddenlink\Dropbox\git_files\embedded_de #
#                            sign\project1\GPSSim-G14\Debug\Obj\tasks.r87      #
#                            -o                                                #
#                            C:\Users\Suddenlink\Dropbox\git_files\embedded_de #
#                            sign\project1\GPSSim-G14\Debug\Exe\LCDDemo.d87    #
#                            -l                                                #
#                            C:\Users\Suddenlink\Dropbox\git_files\embedded_de #
#                            sign\project1\GPSSim-G14\Debug\List\LCDDemo.map   #
#                            -xmsn                                             #
#                            "-IC:\Program Files\IAR Systems\Embedded Workbenc #
#                            h 6.5\rl78\LIB\"                                  #
#                            -f                                                #
#                            C:\Users\Suddenlink\Dropbox\git_files\embedded_de #
#                            sign\project1\GPSSim-G14\applilet3_src\md_lnkr5f1 #
#                            04pj.xcl                                          #
#                            (-cRL78 -Z(CODE)INTVEC=00000-0007F                #
#                            -Z(CODE)CLTVEC=00080-000BF                        #
#                            -Z(CODE)OPTBYTE=000C0-000C3                       #
#                            -Z(CODE)SECUID=000C4-000CD                        #
#                            -Z(CODE)OCNIROM1=000CE-000D7                      #
#                            -Z(CODE)OCNIROM2=3FE00-3FFFF --segment_mirror     #
#                            @NEAR_CONST=NEAR_CONST_ID                         #
#                            -Z(CONST)NEAR_CONST_ID=_NEAR_CONST_LOCATION_START #
#                            -_NEAR_CONST_LOCATION_END                         #
#                            -Z(DATA)NEAR_CONST=(_NEAR_CONST_LOCATION_START+F0 #
#                            000)-(_NEAR_CONST_LOCATION_END+F0000)             #
#                            -Z(CODE)RCODE,CODE=000D8-0FFFF                    #
#                            -Z(CONST)SWITCH=000D8-0FDFF                       #
#                            -Z(CONST)NEAR_ID=[000D8-0FDFF]/10000              #
#                            -Z(CONST)SADDR_ID=[000D8-0FDFF]/10000             #
#                            -Z(CONST)DIFUNCT=[000D8-0FDFF]/10000              #
#                            -Z(CONST)FAR_ID=[09F00-3FDFF]/10000               #
#                            -Z(DATA)FAR_I=[F9F00-FFE1F]/10000                 #
#                            -P(CONST)FAR_CONST,FSWITCH=[000D8-3FDFF]/10000    #
#                            -P(CODE)XCODE=[000D8-3FDFF]/10000                 #
#                            -Z(DATA)EEPROM=F1000-F2FFF                        #
#                            -Z(DATA)WRKSEG=FFE20-FFEDF                        #
#                            -Z(DATA)SADDR_I,SADDR_Z,SADDR_N=FFE20-FFEDF       #
#                            -Z(DATA)NEAR_I,NEAR_Z,NEAR_N=F9F00-FFE1F          #
#                            -Z(DATA)FAR_Z=[F9F00-FFE1F]/10000                 #
#                            -P(DATA)FAR_N=[F9F00-FFE1F]/10000                 #
#                            -Z(DATA)NEAR_HEAP+_NEAR_HEAP_SIZE=F9F00-FFE1F     #
#                            -Z(DATA)FAR_HEAP+_FAR_HEAP_SIZE=[F9F00-FFE1F]/100 #
#                            00                                                #
#                            -Z(DATA)CSTACK+_CSTACK_SIZE=F9F00-FFE1F) -rt -s   #
#                            __program_start -D_NEAR_CONST_LOCATION=0          #
#                            -D_NEAR_CONST_LOCATION_START=3000                 #
#                            -D_NEAR_CONST_LOCATION_END=9EFF                   #
#                            "C:\Program Files\IAR Systems\Embedded Workbench  #
#                            6.5\rl78\LIB\dlrl78nn2n.r87"                      #
#                            -eHWDIV_8_8_8=?UC_DIV_L01                         #
#                            -eHWMOD_8_8_8=?UC_MOD_L01                         #
#                            -eHWSDIV_8_8_8=?SC_DIV_L01                        #
#                            -eHWSMOD_8_8_8=?SC_MOD_L01                        #
#                            -eHWSDIV_16_16_16=?SI_DIV_L02                     #
#                            -eHWSMOD_16_16_16=?SI_MOD_L02                     #
#                            -eHWSDIV_32_32_32=?SL_DIV_L03                     #
#                            -eHWSMOD_32_32_32=?SL_MOD_L03                     #
#                            -e_PrintfLargeNoMb=_Printf                        #
#                            -e__iar_sin_small=sin -e__iar_cos_small=cos       #
#                            -e__iar_tan_small=tan -e__iar_log_small=log       #
#                            -e__iar_log10_small=log10 -e__iar_exp_small=exp   #
#                            -e__iar_pow_small=pow                             #
#                            -e__iar_Sin_small=__iar_Sin                       #
#                            -e__iar_sin_smallf=sinf -e__iar_cos_smallf=cosf   #
#                            -e__iar_tan_smallf=tanf -e__iar_log_smallf=logf   #
#                            -e__iar_log10_smallf=log10f                       #
#                            -e__iar_exp_smallf=expf -e__iar_pow_smallf=powf   #
#                            -e__iar_Sin_smallf=__iar_Sinf                     #
#                            -e__iar_sin_smalll=sinl -e__iar_cos_smalll=cosl   #
#                            -e__iar_tan_smalll=tanl -e__iar_log_smalll=logl   #
#                            -e__iar_log10_smalll=log10l                       #
#                            -e__iar_exp_smalll=expl -e__iar_pow_smalll=powl   #
#                            -e__iar_Sin_smalll=__iar_Sinl                     #
#                            -D_CSTACK_SIZE=200 -D_NEAR_HEAP_SIZE=100          #
#                            -D_FAR_HEAP_SIZE=1000                             #
#                                                                              #
#                           Copyright (C) 1987-2013 IAR Systems AB.            #
################################################################################





                ****************************************
                *                                      *
                *           CROSS REFERENCE            *
                *                                      *
                ****************************************

       Program entry at :           000001F4  Relocatable, from module : ?CSTARTUP




                ****************************************
                *                                      *
                *            RUNTIME MODEL             *
                *                                      *
                ****************************************

  __Heap_Handler             = Basic
  __SystemLibrary            = DLib
  __code_model               = near
  __core                     = rl78_2
  __data_model               = near
  __dlib_file_descriptor     = 0
  __dlib_full_locale_support = 0
  __far_rt_calls             = false
  __rt_version               = 1

                ****************************************
                *                                      *
                *    AUTOMATIC SYMBOL REDIRECTIONS     *
                *                                      *
                ****************************************

                  There are no automatic symbol redirections.



                ****************************************
                *                                      *
                *              MODULE MAP              *
                *                                      *
                ****************************************


  DEFINED ABSOLUTE ENTRIES
    *************************************************************************

  DEFINED ABSOLUTE ENTRIES
  PROGRAM MODULE, NAME : ?ABS_ENTRY_MOD

Absolute parts
           ENTRY                   ADDRESS         REF BY
           =====                   =======         ======
           _FAR_HEAP_SIZE          00001000 
           _NEAR_HEAP_SIZE         00000100 
           _CSTACK_SIZE            00000200 
           _NEAR_CONST_LOCATION_END
                                   00009EFF 
           _NEAR_CONST_LOCATION_START
                                   00003000 
           _NEAR_CONST_LOCATION    00000000        Segment part 3 (?CSTARTUP)
    *************************************************************************

  FILE NAME : C:\Users\Suddenlink\Dropbox\git_files\embedded_design\project1\GPSSim-G14\Debug\Obj\LibReplacement.r87
  LIBRARY MODULE, NAME : __HWDIV_8_8_8

  SEGMENTS IN THE MODULE
  ======================
__aseg
  Relative segment, address: 00000000, align: 0
  Segment part 1. ROOT.
    -------------------------------------------------------------------------
RCODE
  Relative segment, address: 000000D8 - 000000E7 (0x10 bytes), align: 1
  Segment part 2. ROOT.
           ENTRY                   ADDRESS         REF BY
           =====                   =======         ======
           HWDIV_8_8_8             000000D8 
           LOCAL                   ADDRESS         
           =====                   =======         
           LABEL2                  000000E5 

    -------------------------------------------------------------------------
  LIBRARY MODULE, NAME : __HWSDIV_16_16_16

  SEGMENTS IN THE MODULE
  ======================
__aseg
  Relative segment, address: 00000000, align: 0
  Segment part 1. ROOT.
    -------------------------------------------------------------------------
RCODE
  Relative segment, address: 000000E8 - 00000128 (0x41 bytes), align: 1
  Segment part 2. ROOT.
           ENTRY                   ADDRESS         REF BY
           =====                   =======         ======
           HWSDIV_16_16_16         000000E8        div (?div)
           LOCAL                   ADDRESS         
           =====                   =======         
           LABEL1                  000000FC 
           LABEL2                  00000109 
           LABEL3                  00000123 

    -------------------------------------------------------------------------
  LIBRARY MODULE, NAME : __HWSDIV_32_32_32

  SEGMENTS IN THE MODULE
  ======================
__aseg
  Relative segment, address: 00000000, align: 0
  Segment part 1. ROOT.
    -------------------------------------------------------------------------
RCODE
  Relative segment, address: 0000012A - 000001D6 (0xad bytes), align: 1
  Segment part 2. ROOT.
           ENTRY                   ADDRESS         REF BY
           =====                   =======         ======
           HWSDIV_32_32_32         0000012A        _LdtobLargeNoMb (?xprintflarge_nomb)
           LOCAL                   ADDRESS         
           =====                   =======         
           LABEL1                  000001D2 
           LABEL2                  000001D3 
           LABEL3                  0000015F 
           LABEL4                  00000191 
           LABEL5                  00000141 
           LABEL6                  00000159 
           Label8                  000001A6 

    -------------------------------------------------------------------------
  LIBRARY MODULE, NAME : __HWSxxx_32_32_32

  SEGMENTS IN THE MODULE
  ======================
__aseg
  Relative segment, address: 00000000, align: 0
  Segment part 1. ROOT.
    -------------------------------------------------------------------------
RCODE
  Relative segment, address: 000001D8 - 000001EE (0x17 bytes), align: 1
  Segment part 2. ROOT.
           ENTRY                   ADDRESS         REF BY
           =====                   =======         ======
           CHGSIGN_32              000001D8        HWSDIV_32_32_32 (__HWSDIV_32_32_32)

    *************************************************************************

  FILE NAME : C:\Users\Suddenlink\Dropbox\git_files\embedded_design\project1\GPSSim-G14\Debug\Obj\RDKRL78_spi.r87
  PROGRAM MODULE, NAME : RDKRL78_spi

  SEGMENTS IN THE MODULE
  ======================
SADDR_A
  Relative segment, address: 000FFF01 - 000FFF01 (0x1 bytes), align: 0
  Segment part 1. ROOT.       Intra module refs:   R_PORT_Create (r_cg_port)
                                                   Segment part 7
                                                   SetSendData (YRDKRL78_LCD)
                                                   YRDKRL78_CommandSend (YRDKRL78_LCD)
           ENTRY                   ADDRESS         REF BY
           =====                   =======         ======
           _A_P1                   000FFF01 
           LOCAL                   ADDRESS         
           =====                   =======         
           P1                      000FFF01 
           P1_bit                  000FFF01 
    -------------------------------------------------------------------------
SADDR_A
  Relative segment, address: 000FFF03 - 000FFF03 (0x1 bytes), align: 0
  Segment part 2. ROOT.       Intra module refs:   Segment part 7
           ENTRY                   ADDRESS         REF BY
           =====                   =======         ======
           _A_P3                   000FFF03 
           LOCAL                   ADDRESS         
           =====                   =======         
           P3                      000FFF03 
           P3_bit                  000FFF03 
    -------------------------------------------------------------------------
SADDR_A
  Relative segment, address: 000FFF07 - 000FFF07 (0x1 bytes), align: 0
  Segment part 3. ROOT.       Intra module refs:   R_CSI21_Create (r_cg_serial)
                                                   Segment part 7
           ENTRY                   ADDRESS         REF BY
           =====                   =======         ======
           _A_P7                   000FFF07 
           LOCAL                   ADDRESS         
           =====                   =======         
           P7                      000FFF07 
           P7_bit                  000FFF07 
    -------------------------------------------------------------------------
SADDR_A
  Relative segment, address: 000FFF0D - 000FFF0D (0x1 bytes), align: 0
  Segment part 4. ROOT.       Intra module refs:   IO_Reset
                                                   R_PORT_Create (r_cg_port)
           ENTRY                   ADDRESS         REF BY
           =====                   =======         ======
           _A_P13                  000FFF0D 
           LOCAL                   ADDRESS         
           =====                   =======         
           P13                     000FFF0D 
           P13_bit                 000FFF0D 
    -------------------------------------------------------------------------
NEAR_I
  Relative segment, address: 000F9F00 - 000F9F07 (0x8 bytes), align: 1
  Segment part 6.             Intra module refs:   ?Subroutine2
           ENTRY                   ADDRESS         REF BY
           =====                   =======         ======
           SPI_CS_Port             000F9F00 
    -------------------------------------------------------------------------
NEAR_I
  Relative segment, address: 000F9F08 - 000F9F0B (0x4 bytes), align: 1
  Segment part 8.             Intra module refs:   ?Subroutine1
           ENTRY                   ADDRESS         REF BY
           =====                   =======         ======
           SPI_CS_Pin              000F9F08 
    -------------------------------------------------------------------------
CODE
  Relative segment, address: 00000A09 - 00000A11 (0x9 bytes), align: 0
  Segment part 10.
           ENTRY                   ADDRESS         REF BY
           =====                   =======         ======
           SPI_Init                00000A09        YRDKRL78_RSPIOpen (YRDKRL78_LCD)
                                                   main (r_main)
               calls direct
    -------------------------------------------------------------------------
CODE
  Relative segment, address: 00000A12 - 00000A40 (0x2f bytes), align: 0
  Segment part 11.            Intra module refs:   SPI_Init
           ENTRY                   ADDRESS         REF BY
           =====                   =======         ======
           IO_Reset                00000A12 
               CSTACK = 00000000 ( 00000002 )
    -------------------------------------------------------------------------
CODE
  Relative segment, address: 00000A41 - 00000A4D (0xd bytes), align: 0
  Segment part 12.            Intra module refs:   SPI_Send
           ENTRY                   ADDRESS         REF BY
           =====                   =======         ======
           SPI_CS_Start            00000A41 
               CSTACK = 00000000 ( 00000002 )
    -------------------------------------------------------------------------
CODE
  Relative segment, address: 00000A4E - 00000A58 (0xb bytes), align: 0
  Segment part 13.            Intra module refs:   SPI_Send
           ENTRY                   ADDRESS         REF BY
           =====                   =======         ======
           SPI_CS_End              00000A4E 
               CSTACK = 00000000 ( 00000002 )
    -------------------------------------------------------------------------
CODE
  Relative segment, address: 00000A59 - 00000A63 (0xb bytes), align: 0
  Segment part 14.            Intra module refs:   SPI_CS_End
                                                   SPI_CS_Start
           LOCAL                   ADDRESS         
           =====                   =======         
           ?Subroutine2            00000A59 
    -------------------------------------------------------------------------
CODE
  Relative segment, address: 00000A64 - 00000A73 (0x10 bytes), align: 0
  Segment part 15.            Intra module refs:   SPI_CS_End
                                                   SPI_CS_Start
           LOCAL                   ADDRESS         
           =====                   =======         
           ?Subroutine1            00000A64 
    -------------------------------------------------------------------------
CODE
  Relative segment, address: 00000A74 - 00000AAF (0x3c bytes), align: 0
  Segment part 16.
           ENTRY                   ADDRESS         REF BY
           =====                   =======         ======
           SPI_Send                00000A74        ?Subroutine0 (YRDKRL78_LCD)
               calls direct
               CSTACK = 00000004 ( 0000000C )
    -------------------------------------------------------------------------
CODE
  Relative segment, address: 00000AB0 - 00000AB4 (0x5 bytes), align: 0
  Segment part 17.            Intra module refs:   SPI_Send
           LOCAL                   ADDRESS         
           =====                   =======         
           ?Subroutine0            00000AB0 
    -------------------------------------------------------------------------
NEAR_ID
  Relative segment, address: 00002D06 - 00002D0D (0x8 bytes), align: 1
  Segment part 7.             Intra module refs:   SPI_CS_Port
    -------------------------------------------------------------------------
NEAR_ID
  Relative segment, address: 00002D0E - 00002D11 (0x4 bytes), align: 1
  Segment part 9.             Intra module refs:   SPI_CS_Pin

    *************************************************************************

  FILE NAME : C:\Users\Suddenlink\Dropbox\git_files\embedded_design\project1\GPSSim-G14\Debug\Obj\ST7579_LCD.r87
  PROGRAM MODULE, NAME : ST7579_LCD

  SEGMENTS IN THE MODULE
  ======================
CODE
  Relative segment, address: 00000AB5 - 00000B07 (0x53 bytes), align: 0
  Segment part 2.
           ENTRY                   ADDRESS         REF BY
           =====                   =======         ======
           ST7579_Open             00000AB5        GlyphLCDOpen (glyph_register)
               calls direct
               CSTACK = 00000000 ( 00000002 )
    -------------------------------------------------------------------------
CODE
  Relative segment, address: 00000B08 - 00000B09 (0x2 bytes), align: 0
  Segment part 3.
           ENTRY                   ADDRESS         REF BY
           =====                   =======         ======
           ST7579_Close            00000B08        GlyphLCDOpen (glyph_register)
    -------------------------------------------------------------------------
CODE
  Relative segment, address: 00000B0A - 00000F29 (0x420 bytes), align: 0
  Segment part 4.             Intra module refs:   Segment part 32
           ENTRY                   ADDRESS         REF BY
           =====                   =======         ======
           ST7579_Write            00000B0A        GlyphLCDOpen (glyph_register)
               calls direct and indirect
               CSTACK = 00000000 ( 0000000C )
    -------------------------------------------------------------------------
CODE
  Relative segment, address: 00000F2A - 00000F2E (0x5 bytes), align: 0
  Segment part 5.             Intra module refs:   ST7579_Write
           LOCAL                   ADDRESS         
           =====                   =======         
           ?Subroutine12           00000F2A 
    -------------------------------------------------------------------------
CODE
  Relative segment, address: 00000F2F - 00000F39 (0xb bytes), align: 0
  Segment part 6.             Intra module refs:   ST7579_Write
           LOCAL                   ADDRESS         
           =====                   =======         
           ?Subroutine10           00000F2F 
    -------------------------------------------------------------------------
CODE
  Relative segment, address: 00000F3A - 00000F3C (0x3 bytes), align: 0
  Segment part 7.             Intra module refs:   ST7579_Write
           LOCAL                   ADDRESS         
           =====                   =======         
           ?Subroutine8            00000F3A 
    -------------------------------------------------------------------------
CODE
  Relative segment, address: 00000F3D - 00000F41 (0x5 bytes), align: 0
  Segment part 8.             Intra module refs:   ?Subroutine8
                                                   ?Subroutine9
           LOCAL                   ADDRESS         
           =====                   =======         
           ?Subroutine15           00000F3D 
    -------------------------------------------------------------------------
CODE
  Relative segment, address: 00000F42 - 00000F53 (0x12 bytes), align: 0
  Segment part 9.             Intra module refs:   ST7579_Write
           LOCAL                   ADDRESS         
           =====                   =======         
           ?Subroutine6            00000F42 
    -------------------------------------------------------------------------
CODE
  Relative segment, address: 00000F54 - 00000F5D (0xa bytes), align: 0
  Segment part 10.            Intra module refs:   ST7579_Write
           LOCAL                   ADDRESS         
           =====                   =======         
           ?Subroutine5            00000F54 
    -------------------------------------------------------------------------
CODE
  Relative segment, address: 00000F5E - 00000F63 (0x6 bytes), align: 0
  Segment part 11.            Intra module refs:   ST7579_Write
           LOCAL                   ADDRESS         
           =====                   =======         
           ?Subroutine4            00000F5E 
    -------------------------------------------------------------------------
CODE
  Relative segment, address: 00000F64 - 00000F69 (0x6 bytes), align: 0
  Segment part 12.            Intra module refs:   ?Subroutine4
                                                   ST7579_Read
                                                   ST7579_Write
           LOCAL                   ADDRESS         
           =====                   =======         
           ?Subroutine14           00000F64 
    -------------------------------------------------------------------------
CODE
  Relative segment, address: 00000F6A - 00001010 (0xa7 bytes), align: 0
  Segment part 13.            Intra module refs:   Segment part 33
           ENTRY                   ADDRESS         REF BY
           =====                   =======         ======
           ST7579_Read             00000F6A        GlyphLCDOpen (glyph_register)
               CSTACK = 00000000 ( 00000004 )
    -------------------------------------------------------------------------
CODE
  Relative segment, address: 00001011 - 00001019 (0x9 bytes), align: 0
  Segment part 14.            Intra module refs:   ST7579_Read
                                                   ST7579_Write
           LOCAL                   ADDRESS         
           =====                   =======         
           ?Subroutine7            00001011 
    -------------------------------------------------------------------------
CODE
  Relative segment, address: 0000101A - 000010B3 (0x9a bytes), align: 0
  Segment part 15.            Intra module refs:   ST7579_Config
                                                   ST7579_Write
                                                   Segment part 34
           ENTRY                   ADDRESS         REF BY
           =====                   =======         ======
           ST7579_SetSystemBiasBooster
                                   0000101A 
               calls indirect
               CSTACK = 00000000 ( 00000008 )
    -------------------------------------------------------------------------
CODE
  Relative segment, address: 000010B4 - 000010B8 (0x5 bytes), align: 0
  Segment part 16.            Intra module refs:   ST7579_Config
                                                   ST7579_SetSystemBiasBooster
           LOCAL                   ADDRESS         
           =====                   =======         
           ?Subroutine1            000010B4 
    -------------------------------------------------------------------------
CODE
  Relative segment, address: 000010B9 - 0000112F (0x77 bytes), align: 0
  Segment part 17.            Intra module refs:   ST7579_Config
                                                   ST7579_Write
           ENTRY                   ADDRESS         REF BY
           =====                   =======         ======
           ST7579_SetVO_Range      000010B9 
               calls indirect
               CSTACK = 00000000 ( 00000006 )
    -------------------------------------------------------------------------
CODE
  Relative segment, address: 00001130 - 00001171 (0x42 bytes), align: 0
  Segment part 18.            Intra module refs:   ST7579_Open
           ENTRY                   ADDRESS         REF BY
           =====                   =======         ======
           ST7579_Config           00001130 
               calls direct
               CSTACK = 00000000 ( 00000006 )
    -------------------------------------------------------------------------
CODE
  Relative segment, address: 00001172 - 0000118A (0x19 bytes), align: 0
  Segment part 19.            Intra module refs:   ST7579_Write
           ENTRY                   ADDRESS         REF BY
           =====                   =======         ======
           ST7579_Send16bitsCommand
                                   00001172 
               calls indirect
               CSTACK = 00000000 ( 00000004 )
    -------------------------------------------------------------------------
CODE
  Relative segment, address: 0000118B - 00001190 (0x6 bytes), align: 0
  Segment part 20.            Intra module refs:   ST7579_Send16bitsCommand
                                                   ST7579_SetFrameRate
           LOCAL                   ADDRESS         
           =====                   =======         
           ?Subroutine0            0000118B 
    -------------------------------------------------------------------------
CODE
  Relative segment, address: 00001191 - 000011FE (0x6e bytes), align: 0
  Segment part 22.            Intra module refs:   ST7579_Config
                                                   ST7579_Write
           ENTRY                   ADDRESS         REF BY
           =====                   =======         ======
           ST7579_SetFrameRate     00001191 
               calls indirect
               CSTACK = 00000000 ( 00000004 )
    -------------------------------------------------------------------------
CODE
  Relative segment, address: 000011FF - 00001207 (0x9 bytes), align: 0
  Segment part 23.            Intra module refs:   ST7579_Send16bitsCommand
                                                   ST7579_SetFrameRate
           LOCAL                   ADDRESS         
           =====                   =======         
           ?Subroutine13           000011FF 
    -------------------------------------------------------------------------
CODE
  Relative segment, address: 00001208 - 00001230 (0x29 bytes), align: 0
  Segment part 24.            Intra module refs:   ST7579_Config
                                                   ST7579_Write
           ENTRY                   ADDRESS         REF BY
           =====                   =======         ======
           ST7579_SetPage          00001208 
               calls indirect
               CSTACK = 00000000 ( 00000004 )
    -------------------------------------------------------------------------
CODE
  Relative segment, address: 00001231 - 00001236 (0x6 bytes), align: 0
  Segment part 25.            Intra module refs:   ST7579_SetChar
                                                   ST7579_SetPage
                                                   ST7579_SetSystemBiasBooster
                                                   ST7579_SetVO_Range
           LOCAL                   ADDRESS         
           =====                   =======         
           ?Subroutine11           00001231 
    -------------------------------------------------------------------------
CODE
  Relative segment, address: 00001237 - 0000123C (0x6 bytes), align: 0
  Segment part 26.            Intra module refs:   ST7579_SetChar
                                                   ST7579_SetPage
                                                   ST7579_SetSystemBiasBooster
                                                   ST7579_SetVO_Range
           LOCAL                   ADDRESS         
           =====                   =======         
           ?Subroutine9            00001237 
    -------------------------------------------------------------------------
CODE
  Relative segment, address: 0000123D - 00001248 (0xc bytes), align: 0
  Segment part 27.            Intra module refs:   ST7579_SetChar
                                                   ST7579_SetLine
                                                   ST7579_SetPage
                                                   ST7579_SetSystemBiasBooster
                                                   ST7579_SetVO_Range
           LOCAL                   ADDRESS         
           =====                   =======         
           ?Subroutine2            0000123D 
    -------------------------------------------------------------------------
CODE
  Relative segment, address: 00001249 - 0000126F (0x27 bytes), align: 0
  Segment part 28.            Intra module refs:   ST7579_Config
                                                   ST7579_Write
           ENTRY                   ADDRESS         REF BY
           =====                   =======         ======
           ST7579_SetChar          00001249 
               calls indirect
               CSTACK = 00000000 ( 00000004 )
    -------------------------------------------------------------------------
CODE
  Relative segment, address: 00001270 - 000012DE (0x6f bytes), align: 0
  Segment part 29.            Intra module refs:   ST7579_Write
           ENTRY                   ADDRESS         REF BY
           =====                   =======         ======
           ST7579_SetLine          00001270 
               calls indirect
               CSTACK = 00000000 ( 00000008 )
    -------------------------------------------------------------------------
CODE
  Relative segment, address: 000012DF - 000012DF (0x1 bytes), align: 0
  Segment part 30.            Intra module refs:   ST7579_SetFrameRate
           LOCAL                   ADDRESS         
           =====                   =======         
           ?Subroutine3            000012DF 
    -------------------------------------------------------------------------
CODE
  Relative segment, address: 000012E0 - 000012E7 (0x8 bytes), align: 0
  Segment part 31.            Intra module refs:   ?Subroutine3
                                                   ST7579_Send16bitsCommand
                                                   ST7579_SetLine
                                                   ST7579_SetSystemBiasBooster
    -------------------------------------------------------------------------
SWITCH
  Relative segment, address: 00002C7A - 00002CA9 (0x30 bytes), align: 1
  Segment part 32.            Intra module refs:   ST7579_Write
    -------------------------------------------------------------------------
SWITCH
  Relative segment, address: 00002CAA - 00002CDB (0x32 bytes), align: 1
  Segment part 33.            Intra module refs:   ST7579_Read
    -------------------------------------------------------------------------
SWITCH
  Relative segment, address: 00002CDC - 00002D05 (0x2a bytes), align: 1
  Segment part 34.            Intra module refs:   ST7579_SetSystemBiasBooster

    *************************************************************************

  FILE NAME : C:\Users\Suddenlink\Dropbox\git_files\embedded_design\project1\GPSSim-G14\Debug\Obj\YRDKRL78_LCD.r87
  PROGRAM MODULE, NAME : YRDKRL78_LCD

  SEGMENTS IN THE MODULE
  ======================
CODE
  Relative segment, address: 000012E8 - 000012EC (0x5 bytes), align: 0
  Segment part 3.
           ENTRY                   ADDRESS         REF BY
           =====                   =======         ======
           YRDKRL78_RSPIOpen       000012E8        GlyphCommOpen (glyph_register)
               calls direct
    -------------------------------------------------------------------------
CODE
  Relative segment, address: 000012ED - 000012F0 (0x4 bytes), align: 0
  Segment part 4.             Intra module refs:   ?Subroutine0
                                                   YRDKRL78_DataSend
           LOCAL                   ADDRESS         
           =====                   =======         
           SetSendData             000012ED 
    -------------------------------------------------------------------------
CODE
  Relative segment, address: 000012F1 - 000012F5 (0x5 bytes), align: 0
  Segment part 5.
           ENTRY                   ADDRESS         REF BY
           =====                   =======         ======
           YRDKRL78_CommandSend    000012F1        GlyphCommOpen (glyph_register)
               calls direct
               CSTACK = 00000000 ( 00000008 )
    -------------------------------------------------------------------------
CODE
  Relative segment, address: 000012F6 - 0000130A (0x15 bytes), align: 0
  Segment part 6.             Intra module refs:   YRDKRL78_CommandSend
                                                   YRDKRL78_DataSend
           LOCAL                   ADDRESS         
           =====                   =======         
           ?Subroutine0            000012F6 
    -------------------------------------------------------------------------
CODE
  Relative segment, address: 0000130B - 00001312 (0x8 bytes), align: 0
  Segment part 7.
           ENTRY                   ADDRESS         REF BY
           =====                   =======         ======
           YRDKRL78_DataSend       0000130B        GlyphCommOpen (glyph_register)
               calls direct
               CSTACK = 00000000 ( 00000008 )

    *************************************************************************

  FILE NAME : C:\Users\Suddenlink\Dropbox\git_files\embedded_design\project1\GPSSim-G14\Debug\Obj\bitmap_font.r87
    *************************************************************************

  FILE NAME : C:\Users\Suddenlink\Dropbox\git_files\embedded_design\project1\GPSSim-G14\Debug\Obj\font_8x16.r87
    *************************************************************************

  FILE NAME : C:\Users\Suddenlink\Dropbox\git_files\embedded_design\project1\GPSSim-G14\Debug\Obj\font_8x8.r87
  PROGRAM MODULE, NAME : font_8x8

  SEGMENTS IN THE MODULE
  ======================
NEAR_CONST
  Relative segment, address: 000F3000 - 000F3009 (0xa bytes), align: 1
  Segment part 2.             Intra module refs:   Font8x8_table
           ENTRY                   ADDRESS         REF BY
           =====                   =======         ======
           Font8x8_char_0          000F3000 
    -------------------------------------------------------------------------
NEAR_CONST
  Relative segment, address: 000F300A - 000F3013 (0xa bytes), align: 1
  Segment part 3.             Intra module refs:   Font8x8_table
           ENTRY                   ADDRESS         REF BY
           =====                   =======         ======
           Font8x8_char_1          000F300A 
    -------------------------------------------------------------------------
NEAR_CONST
  Relative segment, address: 000F3014 - 000F301D (0xa bytes), align: 1
  Segment part 4.             Intra module refs:   Font8x8_table
           ENTRY                   ADDRESS         REF BY
           =====                   =======         ======
           Font8x8_char_2          000F3014 
    -------------------------------------------------------------------------
NEAR_CONST
  Relative segment, address: 000F301E - 000F3027 (0xa bytes), align: 1
  Segment part 5.             Intra module refs:   Font8x8_table
           ENTRY                   ADDRESS         REF BY
           =====                   =======         ======
           Font8x8_char_3          000F301E 
    -------------------------------------------------------------------------
NEAR_CONST
  Relative segment, address: 000F3028 - 000F3031 (0xa bytes), align: 1
  Segment part 6.             Intra module refs:   Font8x8_table
           ENTRY                   ADDRESS         REF BY
           =====                   =======         ======
           Font8x8_char_4          000F3028 
    -------------------------------------------------------------------------
NEAR_CONST
  Relative segment, address: 000F3032 - 000F303B (0xa bytes), align: 1
  Segment part 7.             Intra module refs:   Font8x8_table
           ENTRY                   ADDRESS         REF BY
           =====                   =======         ======
           Font8x8_char_5          000F3032 
    -------------------------------------------------------------------------
NEAR_CONST
  Relative segment, address: 000F303C - 000F3045 (0xa bytes), align: 1
  Segment part 8.             Intra module refs:   Font8x8_table
           ENTRY                   ADDRESS         REF BY
           =====                   =======         ======
           Font8x8_char_6          000F303C 
    -------------------------------------------------------------------------
NEAR_CONST
  Relative segment, address: 000F3046 - 000F304F (0xa bytes), align: 1
  Segment part 9.             Intra module refs:   Font8x8_table
           ENTRY                   ADDRESS         REF BY
           =====                   =======         ======
           Font8x8_char_7          000F3046 
    -------------------------------------------------------------------------
NEAR_CONST
  Relative segment, address: 000F3050 - 000F3059 (0xa bytes), align: 1
  Segment part 10.            Intra module refs:   Font8x8_table
           ENTRY                   ADDRESS         REF BY
           =====                   =======         ======
           Font8x8_char_8          000F3050 
    -------------------------------------------------------------------------
NEAR_CONST
  Relative segment, address: 000F305A - 000F3063 (0xa bytes), align: 1
  Segment part 11.            Intra module refs:   Font8x8_table
           ENTRY                   ADDRESS         REF BY
           =====                   =======         ======
           Font8x8_char_9          000F305A 
    -------------------------------------------------------------------------
NEAR_CONST
  Relative segment, address: 000F3064 - 000F306D (0xa bytes), align: 1
  Segment part 12.            Intra module refs:   Font8x8_table
           ENTRY                   ADDRESS         REF BY
           =====                   =======         ======
           Font8x8_char_10         000F3064 
    -------------------------------------------------------------------------
NEAR_CONST
  Relative segment, address: 000F306E - 000F3077 (0xa bytes), align: 1
  Segment part 13.            Intra module refs:   Font8x8_table
           ENTRY                   ADDRESS         REF BY
           =====                   =======         ======
           Font8x8_char_11         000F306E 
    -------------------------------------------------------------------------
NEAR_CONST
  Relative segment, address: 000F3078 - 000F3081 (0xa bytes), align: 1
  Segment part 14.            Intra module refs:   Font8x8_table
           ENTRY                   ADDRESS         REF BY
           =====                   =======         ======
           Font8x8_char_12         000F3078 
    -------------------------------------------------------------------------
NEAR_CONST
  Relative segment, address: 000F3082 - 000F308B (0xa bytes), align: 1
  Segment part 15.            Intra module refs:   Font8x8_table
           ENTRY                   ADDRESS         REF BY
           =====                   =======         ======
           Font8x8_char_13         000F3082 
    -------------------------------------------------------------------------
NEAR_CONST
  Relative segment, address: 000F308C - 000F3095 (0xa bytes), align: 1
  Segment part 16.            Intra module refs:   Font8x8_table
           ENTRY                   ADDRESS         REF BY
           =====                   =======         ======
           Font8x8_char_14         000F308C 
    -------------------------------------------------------------------------
NEAR_CONST
  Relative segment, address: 000F3096 - 000F309F (0xa bytes), align: 1
  Segment part 17.            Intra module refs:   Font8x8_table
           ENTRY                   ADDRESS         REF BY
           =====                   =======         ======
           Font8x8_char_15         000F3096 
    -------------------------------------------------------------------------
NEAR_CONST
  Relative segment, address: 000F30A0 - 000F30A9 (0xa bytes), align: 1
  Segment part 18.            Intra module refs:   Font8x8_table
           ENTRY                   ADDRESS         REF BY
           =====                   =======         ======
           Font8x8_char_16         000F30A0 
    -------------------------------------------------------------------------
NEAR_CONST
  Relative segment, address: 000F30AA - 000F30B3 (0xa bytes), align: 1
  Segment part 19.            Intra module refs:   Font8x8_table
           ENTRY                   ADDRESS         REF BY
           =====                   =======         ======
           Font8x8_char_17         000F30AA 
    -------------------------------------------------------------------------
NEAR_CONST
  Relative segment, address: 000F30B4 - 000F30BD (0xa bytes), align: 1
  Segment part 20.            Intra module refs:   Font8x8_table
           ENTRY                   ADDRESS         REF BY
           =====                   =======         ======
           Font8x8_char_18         000F30B4 
    -------------------------------------------------------------------------
NEAR_CONST
  Relative segment, address: 000F30BE - 000F30C7 (0xa bytes), align: 1
  Segment part 21.            Intra module refs:   Font8x8_table
           ENTRY                   ADDRESS         REF BY
           =====                   =======         ======
           Font8x8_char_19         000F30BE 
    -------------------------------------------------------------------------
NEAR_CONST
  Relative segment, address: 000F30C8 - 000F30D1 (0xa bytes), align: 1
  Segment part 22.            Intra module refs:   Font8x8_table
           ENTRY                   ADDRESS         REF BY
           =====                   =======         ======
           Font8x8_char_20         000F30C8 
    -------------------------------------------------------------------------
NEAR_CONST
  Relative segment, address: 000F30D2 - 000F30DB (0xa bytes), align: 1
  Segment part 23.            Intra module refs:   Font8x8_table
           ENTRY                   ADDRESS         REF BY
           =====                   =======         ======
           Font8x8_char_21         000F30D2 
    -------------------------------------------------------------------------
NEAR_CONST
  Relative segment, address: 000F30DC - 000F30E5 (0xa bytes), align: 1
  Segment part 24.            Intra module refs:   Font8x8_table
           ENTRY                   ADDRESS         REF BY
           =====                   =======         ======
           Font8x8_char_22         000F30DC 
    -------------------------------------------------------------------------
NEAR_CONST
  Relative segment, address: 000F30E6 - 000F30EF (0xa bytes), align: 1
  Segment part 25.            Intra module refs:   Font8x8_table
           ENTRY                   ADDRESS         REF BY
           =====                   =======         ======
           Font8x8_char_23         000F30E6 
    -------------------------------------------------------------------------
NEAR_CONST
  Relative segment, address: 000F30F0 - 000F30F9 (0xa bytes), align: 1
  Segment part 26.            Intra module refs:   Font8x8_table
           ENTRY                   ADDRESS         REF BY
           =====                   =======         ======
           Font8x8_char_24         000F30F0 
    -------------------------------------------------------------------------
NEAR_CONST
  Relative segment, address: 000F30FA - 000F3103 (0xa bytes), align: 1
  Segment part 27.            Intra module refs:   Font8x8_table
           ENTRY                   ADDRESS         REF BY
           =====                   =======         ======
           Font8x8_char_25         000F30FA 
    -------------------------------------------------------------------------
NEAR_CONST
  Relative segment, address: 000F3104 - 000F310D (0xa bytes), align: 1
  Segment part 28.            Intra module refs:   Font8x8_table
           ENTRY                   ADDRESS         REF BY
           =====                   =======         ======
           Font8x8_char_26         000F3104 
    -------------------------------------------------------------------------
NEAR_CONST
  Relative segment, address: 000F310E - 000F3117 (0xa bytes), align: 1
  Segment part 29.            Intra module refs:   Font8x8_table
           ENTRY                   ADDRESS         REF BY
           =====                   =======         ======
           Font8x8_char_27         000F310E 
    -------------------------------------------------------------------------
NEAR_CONST
  Relative segment, address: 000F3118 - 000F3121 (0xa bytes), align: 1
  Segment part 30.            Intra module refs:   Font8x8_table
           ENTRY                   ADDRESS         REF BY
           =====                   =======         ======
           Font8x8_char_28         000F3118 
    -------------------------------------------------------------------------
NEAR_CONST
  Relative segment, address: 000F3122 - 000F312B (0xa bytes), align: 1
  Segment part 31.            Intra module refs:   Font8x8_table
           ENTRY                   ADDRESS         REF BY
           =====                   =======         ======
           Font8x8_char_29         000F3122 
    -------------------------------------------------------------------------
NEAR_CONST
  Relative segment, address: 000F312C - 000F3135 (0xa bytes), align: 1
  Segment part 32.            Intra module refs:   Font8x8_table
           ENTRY                   ADDRESS         REF BY
           =====                   =======         ======
           Font8x8_char_30         000F312C 
    -------------------------------------------------------------------------
NEAR_CONST
  Relative segment, address: 000F3136 - 000F313F (0xa bytes), align: 1
  Segment part 33.            Intra module refs:   Font8x8_table
           ENTRY                   ADDRESS         REF BY
           =====                   =======         ======
           Font8x8_char_31         000F3136 
    -------------------------------------------------------------------------
NEAR_CONST
  Relative segment, address: 000F3140 - 000F3149 (0xa bytes), align: 1
  Segment part 34.            Intra module refs:   Font8x8_table
           ENTRY                   ADDRESS         REF BY
           =====                   =======         ======
           Font8x8_char_32         000F3140 
    -------------------------------------------------------------------------
NEAR_CONST
  Relative segment, address: 000F314A - 000F3153 (0xa bytes), align: 1
  Segment part 35.            Intra module refs:   Font8x8_table
           ENTRY                   ADDRESS         REF BY
           =====                   =======         ======
           Font8x8_char_33         000F314A 
    -------------------------------------------------------------------------
NEAR_CONST
  Relative segment, address: 000F3154 - 000F315D (0xa bytes), align: 1
  Segment part 36.            Intra module refs:   Font8x8_table
           ENTRY                   ADDRESS         REF BY
           =====                   =======         ======
           Font8x8_char_34         000F3154 
    -------------------------------------------------------------------------
NEAR_CONST
  Relative segment, address: 000F315E - 000F3167 (0xa bytes), align: 1
  Segment part 37.            Intra module refs:   Font8x8_table
           ENTRY                   ADDRESS         REF BY
           =====                   =======         ======
           Font8x8_char_35         000F315E 
    -------------------------------------------------------------------------
NEAR_CONST
  Relative segment, address: 000F3168 - 000F3171 (0xa bytes), align: 1
  Segment part 38.            Intra module refs:   Font8x8_table
           ENTRY                   ADDRESS         REF BY
           =====                   =======         ======
           Font8x8_char_36         000F3168 
    -------------------------------------------------------------------------
NEAR_CONST
  Relative segment, address: 000F3172 - 000F317B (0xa bytes), align: 1
  Segment part 39.            Intra module refs:   Font8x8_table
           ENTRY                   ADDRESS         REF BY
           =====                   =======         ======
           Font8x8_char_37         000F3172 
    -------------------------------------------------------------------------
NEAR_CONST
  Relative segment, address: 000F317C - 000F3185 (0xa bytes), align: 1
  Segment part 40.            Intra module refs:   Font8x8_table
           ENTRY                   ADDRESS         REF BY
           =====                   =======         ======
           Font8x8_char_38         000F317C 
    -------------------------------------------------------------------------
NEAR_CONST
  Relative segment, address: 000F3186 - 000F318F (0xa bytes), align: 1
  Segment part 41.            Intra module refs:   Font8x8_table
           ENTRY                   ADDRESS         REF BY
           =====                   =======         ======
           Font8x8_char_39         000F3186 
    -------------------------------------------------------------------------
NEAR_CONST
  Relative segment, address: 000F3190 - 000F3199 (0xa bytes), align: 1
  Segment part 42.            Intra module refs:   Font8x8_table
           ENTRY                   ADDRESS         REF BY
           =====                   =======         ======
           Font8x8_char_40         000F3190 
    -------------------------------------------------------------------------
NEAR_CONST
  Relative segment, address: 000F319A - 000F31A3 (0xa bytes), align: 1
  Segment part 43.            Intra module refs:   Font8x8_table
           ENTRY                   ADDRESS         REF BY
           =====                   =======         ======
           Font8x8_char_41         000F319A 
    -------------------------------------------------------------------------
NEAR_CONST
  Relative segment, address: 000F31A4 - 000F31AD (0xa bytes), align: 1
  Segment part 44.            Intra module refs:   Font8x8_table
           ENTRY                   ADDRESS         REF BY
           =====                   =======         ======
           Font8x8_char_42         000F31A4 
    -------------------------------------------------------------------------
NEAR_CONST
  Relative segment, address: 000F31AE - 000F31B7 (0xa bytes), align: 1
  Segment part 45.            Intra module refs:   Font8x8_table
           ENTRY                   ADDRESS         REF BY
           =====                   =======         ======
           Font8x8_char_43         000F31AE 
    -------------------------------------------------------------------------
NEAR_CONST
  Relative segment, address: 000F31B8 - 000F31C1 (0xa bytes), align: 1
  Segment part 46.            Intra module refs:   Font8x8_table
           ENTRY                   ADDRESS         REF BY
           =====                   =======         ======
           Font8x8_char_44         000F31B8 
    -------------------------------------------------------------------------
NEAR_CONST
  Relative segment, address: 000F31C2 - 000F31CB (0xa bytes), align: 1
  Segment part 47.            Intra module refs:   Font8x8_table
           ENTRY                   ADDRESS         REF BY
           =====                   =======         ======
           Font8x8_char_45         000F31C2 
    -------------------------------------------------------------------------
NEAR_CONST
  Relative segment, address: 000F31CC - 000F31D5 (0xa bytes), align: 1
  Segment part 48.            Intra module refs:   Font8x8_table
           ENTRY                   ADDRESS         REF BY
           =====                   =======         ======
           Font8x8_char_46         000F31CC 
    -------------------------------------------------------------------------
NEAR_CONST
  Relative segment, address: 000F31D6 - 000F31DF (0xa bytes), align: 1
  Segment part 49.            Intra module refs:   Font8x8_table
           ENTRY                   ADDRESS         REF BY
           =====                   =======         ======
           Font8x8_char_47         000F31D6 
    -------------------------------------------------------------------------
NEAR_CONST
  Relative segment, address: 000F31E0 - 000F31E9 (0xa bytes), align: 1
  Segment part 50.            Intra module refs:   Font8x8_table
           ENTRY                   ADDRESS         REF BY
           =====                   =======         ======
           Font8x8_char_48         000F31E0 
    -------------------------------------------------------------------------
NEAR_CONST
  Relative segment, address: 000F31EA - 000F31F3 (0xa bytes), align: 1
  Segment part 51.            Intra module refs:   Font8x8_table
           ENTRY                   ADDRESS         REF BY
           =====                   =======         ======
           Font8x8_char_49         000F31EA 
    -------------------------------------------------------------------------
NEAR_CONST
  Relative segment, address: 000F31F4 - 000F31FD (0xa bytes), align: 1
  Segment part 52.            Intra module refs:   Font8x8_table
           ENTRY                   ADDRESS         REF BY
           =====                   =======         ======
           Font8x8_char_50         000F31F4 
    -------------------------------------------------------------------------
NEAR_CONST
  Relative segment, address: 000F31FE - 000F3207 (0xa bytes), align: 1
  Segment part 53.            Intra module refs:   Font8x8_table
           ENTRY                   ADDRESS         REF BY
           =====                   =======         ======
           Font8x8_char_51         000F31FE 
    -------------------------------------------------------------------------
NEAR_CONST
  Relative segment, address: 000F3208 - 000F3211 (0xa bytes), align: 1
  Segment part 54.            Intra module refs:   Font8x8_table
           ENTRY                   ADDRESS         REF BY
           =====                   =======         ======
           Font8x8_char_52         000F3208 
    -------------------------------------------------------------------------
NEAR_CONST
  Relative segment, address: 000F3212 - 000F321B (0xa bytes), align: 1
  Segment part 55.            Intra module refs:   Font8x8_table
           ENTRY                   ADDRESS         REF BY
           =====                   =======         ======
           Font8x8_char_53         000F3212 
    -------------------------------------------------------------------------
NEAR_CONST
  Relative segment, address: 000F321C - 000F3225 (0xa bytes), align: 1
  Segment part 56.            Intra module refs:   Font8x8_table
           ENTRY                   ADDRESS         REF BY
           =====                   =======         ======
           Font8x8_char_54         000F321C 
    -------------------------------------------------------------------------
NEAR_CONST
  Relative segment, address: 000F3226 - 000F322F (0xa bytes), align: 1
  Segment part 57.            Intra module refs:   Font8x8_table
           ENTRY                   ADDRESS         REF BY
           =====                   =======         ======
           Font8x8_char_55         000F3226 
    -------------------------------------------------------------------------
NEAR_CONST
  Relative segment, address: 000F3230 - 000F3239 (0xa bytes), align: 1
  Segment part 58.            Intra module refs:   Font8x8_table
           ENTRY                   ADDRESS         REF BY
           =====                   =======         ======
           Font8x8_char_56         000F3230 
    -------------------------------------------------------------------------
NEAR_CONST
  Relative segment, address: 000F323A - 000F3243 (0xa bytes), align: 1
  Segment part 59.            Intra module refs:   Font8x8_table
           ENTRY                   ADDRESS         REF BY
           =====                   =======         ======
           Font8x8_char_57         000F323A 
    -------------------------------------------------------------------------
NEAR_CONST
  Relative segment, address: 000F3244 - 000F324D (0xa bytes), align: 1
  Segment part 60.            Intra module refs:   Font8x8_table
           ENTRY                   ADDRESS         REF BY
           =====                   =======         ======
           Font8x8_char_58         000F3244 
    -------------------------------------------------------------------------
NEAR_CONST
  Relative segment, address: 000F324E - 000F3257 (0xa bytes), align: 1
  Segment part 61.            Intra module refs:   Font8x8_table
           ENTRY                   ADDRESS         REF BY
           =====                   =======         ======
           Font8x8_char_59         000F324E 
    -------------------------------------------------------------------------
NEAR_CONST
  Relative segment, address: 000F3258 - 000F3261 (0xa bytes), align: 1
  Segment part 62.            Intra module refs:   Font8x8_table
           ENTRY                   ADDRESS         REF BY
           =====                   =======         ======
           Font8x8_char_60         000F3258 
    -------------------------------------------------------------------------
NEAR_CONST
  Relative segment, address: 000F3262 - 000F326B (0xa bytes), align: 1
  Segment part 63.            Intra module refs:   Font8x8_table
           ENTRY                   ADDRESS         REF BY
           =====                   =======         ======
           Font8x8_char_61         000F3262 
    -------------------------------------------------------------------------
NEAR_CONST
  Relative segment, address: 000F326C - 000F3275 (0xa bytes), align: 1
  Segment part 64.            Intra module refs:   Font8x8_table
           ENTRY                   ADDRESS         REF BY
           =====                   =======         ======
           Font8x8_char_62         000F326C 
    -------------------------------------------------------------------------
NEAR_CONST
  Relative segment, address: 000F3276 - 000F327F (0xa bytes), align: 1
  Segment part 65.            Intra module refs:   Font8x8_table
           ENTRY                   ADDRESS         REF BY
           =====                   =======         ======
           Font8x8_char_63         000F3276 
    -------------------------------------------------------------------------
NEAR_CONST
  Relative segment, address: 000F3280 - 000F3289 (0xa bytes), align: 1
  Segment part 66.            Intra module refs:   Font8x8_table
           ENTRY                   ADDRESS         REF BY
           =====                   =======         ======
           Font8x8_char_64         000F3280 
    -------------------------------------------------------------------------
NEAR_CONST
  Relative segment, address: 000F328A - 000F3293 (0xa bytes), align: 1
  Segment part 67.            Intra module refs:   Font8x8_table
           ENTRY                   ADDRESS         REF BY
           =====                   =======         ======
           Font8x8_char_65         000F328A 
    -------------------------------------------------------------------------
NEAR_CONST
  Relative segment, address: 000F3294 - 000F329D (0xa bytes), align: 1
  Segment part 68.            Intra module refs:   Font8x8_table
           ENTRY                   ADDRESS         REF BY
           =====                   =======         ======
           Font8x8_char_66         000F3294 
    -------------------------------------------------------------------------
NEAR_CONST
  Relative segment, address: 000F329E - 000F32A7 (0xa bytes), align: 1
  Segment part 69.            Intra module refs:   Font8x8_table
           ENTRY                   ADDRESS         REF BY
           =====                   =======         ======
           Font8x8_char_67         000F329E 
    -------------------------------------------------------------------------
NEAR_CONST
  Relative segment, address: 000F32A8 - 000F32B1 (0xa bytes), align: 1
  Segment part 70.            Intra module refs:   Font8x8_table
           ENTRY                   ADDRESS         REF BY
           =====                   =======         ======
           Font8x8_char_68         000F32A8 
    -------------------------------------------------------------------------
NEAR_CONST
  Relative segment, address: 000F32B2 - 000F32BB (0xa bytes), align: 1
  Segment part 71.            Intra module refs:   Font8x8_table
           ENTRY                   ADDRESS         REF BY
           =====                   =======         ======
           Font8x8_char_69         000F32B2 
    -------------------------------------------------------------------------
NEAR_CONST
  Relative segment, address: 000F32BC - 000F32C5 (0xa bytes), align: 1
  Segment part 72.            Intra module refs:   Font8x8_table
           ENTRY                   ADDRESS         REF BY
           =====                   =======         ======
           Font8x8_char_70         000F32BC 
    -------------------------------------------------------------------------
NEAR_CONST
  Relative segment, address: 000F32C6 - 000F32CF (0xa bytes), align: 1
  Segment part 73.            Intra module refs:   Font8x8_table
           ENTRY                   ADDRESS         REF BY
           =====                   =======         ======
           Font8x8_char_71         000F32C6 
    -------------------------------------------------------------------------
NEAR_CONST
  Relative segment, address: 000F32D0 - 000F32D9 (0xa bytes), align: 1
  Segment part 74.            Intra module refs:   Font8x8_table
           ENTRY                   ADDRESS         REF BY
           =====                   =======         ======
           Font8x8_char_72         000F32D0 
    -------------------------------------------------------------------------
NEAR_CONST
  Relative segment, address: 000F32DA - 000F32E3 (0xa bytes), align: 1
  Segment part 75.            Intra module refs:   Font8x8_table
           ENTRY                   ADDRESS         REF BY
           =====                   =======         ======
           Font8x8_char_73         000F32DA 
    -------------------------------------------------------------------------
NEAR_CONST
  Relative segment, address: 000F32E4 - 000F32ED (0xa bytes), align: 1
  Segment part 76.            Intra module refs:   Font8x8_table
           ENTRY                   ADDRESS         REF BY
           =====                   =======         ======
           Font8x8_char_74         000F32E4 
    -------------------------------------------------------------------------
NEAR_CONST
  Relative segment, address: 000F32EE - 000F32F7 (0xa bytes), align: 1
  Segment part 77.            Intra module refs:   Font8x8_table
           ENTRY                   ADDRESS         REF BY
           =====                   =======         ======
           Font8x8_char_75         000F32EE 
    -------------------------------------------------------------------------
NEAR_CONST
  Relative segment, address: 000F32F8 - 000F3301 (0xa bytes), align: 1
  Segment part 78.            Intra module refs:   Font8x8_table
           ENTRY                   ADDRESS         REF BY
           =====                   =======         ======
           Font8x8_char_76         000F32F8 
    -------------------------------------------------------------------------
NEAR_CONST
  Relative segment, address: 000F3302 - 000F330B (0xa bytes), align: 1
  Segment part 79.            Intra module refs:   Font8x8_table
           ENTRY                   ADDRESS         REF BY
           =====                   =======         ======
           Font8x8_char_77         000F3302 
    -------------------------------------------------------------------------
NEAR_CONST
  Relative segment, address: 000F330C - 000F3315 (0xa bytes), align: 1
  Segment part 80.            Intra module refs:   Font8x8_table
           ENTRY                   ADDRESS         REF BY
           =====                   =======         ======
           Font8x8_char_78         000F330C 
    -------------------------------------------------------------------------
NEAR_CONST
  Relative segment, address: 000F3316 - 000F331F (0xa bytes), align: 1
  Segment part 81.            Intra module refs:   Font8x8_table
           ENTRY                   ADDRESS         REF BY
           =====                   =======         ======
           Font8x8_char_79         000F3316 
    -------------------------------------------------------------------------
NEAR_CONST
  Relative segment, address: 000F3320 - 000F3329 (0xa bytes), align: 1
  Segment part 82.            Intra module refs:   Font8x8_table
           ENTRY                   ADDRESS         REF BY
           =====                   =======         ======
           Font8x8_char_80         000F3320 
    -------------------------------------------------------------------------
NEAR_CONST
  Relative segment, address: 000F332A - 000F3333 (0xa bytes), align: 1
  Segment part 83.            Intra module refs:   Font8x8_table
           ENTRY                   ADDRESS         REF BY
           =====                   =======         ======
           Font8x8_char_81         000F332A 
    -------------------------------------------------------------------------
NEAR_CONST
  Relative segment, address: 000F3334 - 000F333D (0xa bytes), align: 1
  Segment part 84.            Intra module refs:   Font8x8_table
           ENTRY                   ADDRESS         REF BY
           =====                   =======         ======
           Font8x8_char_82         000F3334 
    -------------------------------------------------------------------------
NEAR_CONST
  Relative segment, address: 000F333E - 000F3347 (0xa bytes), align: 1
  Segment part 85.            Intra module refs:   Font8x8_table
           ENTRY                   ADDRESS         REF BY
           =====                   =======         ======
           Font8x8_char_83         000F333E 
    -------------------------------------------------------------------------
NEAR_CONST
  Relative segment, address: 000F3348 - 000F3351 (0xa bytes), align: 1
  Segment part 86.            Intra module refs:   Font8x8_table
           ENTRY                   ADDRESS         REF BY
           =====                   =======         ======
           Font8x8_char_84         000F3348 
    -------------------------------------------------------------------------
NEAR_CONST
  Relative segment, address: 000F3352 - 000F335B (0xa bytes), align: 1
  Segment part 87.            Intra module refs:   Font8x8_table
           ENTRY                   ADDRESS         REF BY
           =====                   =======         ======
           Font8x8_char_85         000F3352 
    -------------------------------------------------------------------------
NEAR_CONST
  Relative segment, address: 000F335C - 000F3365 (0xa bytes), align: 1
  Segment part 88.            Intra module refs:   Font8x8_table
           ENTRY                   ADDRESS         REF BY
           =====                   =======         ======
           Font8x8_char_86         000F335C 
    -------------------------------------------------------------------------
NEAR_CONST
  Relative segment, address: 000F3366 - 000F336F (0xa bytes), align: 1
  Segment part 89.            Intra module refs:   Font8x8_table
           ENTRY                   ADDRESS         REF BY
           =====                   =======         ======
           Font8x8_char_87         000F3366 
    -------------------------------------------------------------------------
NEAR_CONST
  Relative segment, address: 000F3370 - 000F3379 (0xa bytes), align: 1
  Segment part 90.            Intra module refs:   Font8x8_table
           ENTRY                   ADDRESS         REF BY
           =====                   =======         ======
           Font8x8_char_88         000F3370 
    -------------------------------------------------------------------------
NEAR_CONST
  Relative segment, address: 000F337A - 000F3383 (0xa bytes), align: 1
  Segment part 91.            Intra module refs:   Font8x8_table
           ENTRY                   ADDRESS         REF BY
           =====                   =======         ======
           Font8x8_char_89         000F337A 
    -------------------------------------------------------------------------
NEAR_CONST
  Relative segment, address: 000F3384 - 000F338D (0xa bytes), align: 1
  Segment part 92.            Intra module refs:   Font8x8_table
           ENTRY                   ADDRESS         REF BY
           =====                   =======         ======
           Font8x8_char_90         000F3384 
    -------------------------------------------------------------------------
NEAR_CONST
  Relative segment, address: 000F338E - 000F3397 (0xa bytes), align: 1
  Segment part 93.            Intra module refs:   Font8x8_table
           ENTRY                   ADDRESS         REF BY
           =====                   =======         ======
           Font8x8_char_91         000F338E 
    -------------------------------------------------------------------------
NEAR_CONST
  Relative segment, address: 000F3398 - 000F33A1 (0xa bytes), align: 1
[...]
    -------------------------------------------------------------------------
CODE
  Relative segment, address: 000021EA - 000021EF (0x6 bytes), align: 0
  Segment part 16.            Intra module refs:   _PrintfLargeNoMb
    -------------------------------------------------------------------------
CODE
  Relative segment, address: 000021F0 - 000021F5 (0x6 bytes), align: 0
  Segment part 17.            Intra module refs:   _PrintfLargeNoMb
    -------------------------------------------------------------------------
CODE
  Relative segment, address: 000021F6 - 00002239 (0x44 bytes), align: 0
  Segment part 18.            Intra module refs:   _PrintfLargeNoMb
           LOCAL                   ADDRESS         
           =====                   =======         
           LoadInt                 000021F6 
               CSTACK = 00000000 ( 00000002 )
    -------------------------------------------------------------------------
CODE
  Relative segment, address: 0000223A - 00002240 (0x7 bytes), align: 0
  Segment part 19.            Intra module refs:   LoadInt
    -------------------------------------------------------------------------
CODE
  Relative segment, address: 00002241 - 00002270 (0x30 bytes), align: 0
  Segment part 20.            Intra module refs:   _PrintfLargeNoMb
           LOCAL                   ADDRESS         
           =====                   =======         
           pad                     00002241 
               calls direct
               CSTACK = 00000002 ( 0000000A )
    -------------------------------------------------------------------------
CODE
  Relative segment, address: 00002271 - 000023ED (0x17d bytes), align: 0
  Segment part 21.            Intra module refs:   _PrintfLargeNoMb
           LOCAL                   ADDRESS         
           =====                   =======         
           _LitobLargeNoMb         00002271 
               CSTACK = 00000000 ( 0000001A )
    -------------------------------------------------------------------------
CODE
  Relative segment, address: 000023EE - 000023EE (0x1 bytes), align: 0
  Segment part 22.            Intra module refs:   _GenldLargeNoMb
                                                   _LitobLargeNoMb
    -------------------------------------------------------------------------
CODE
  Relative segment, address: 000023EF - 000023F3 (0x5 bytes), align: 0
  Segment part 23.            Intra module refs:   Segment part 22
                                                   _GenldLargeNoMb
                                                   _LitobLargeNoMb
                                                   _PrintfLargeNoMb
    -------------------------------------------------------------------------
CODE
  Relative segment, address: 000023F4 - 00002447 (0x54 bytes), align: 0
  Segment part 24.            Intra module refs:   _LdtobLargeNoMb
           LOCAL                   ADDRESS         
           =====                   =======         
           scale                   000023F4 
               CSTACK = 00000000 ( 0000000E )
    -------------------------------------------------------------------------
CODE
  Relative segment, address: 00002448 - 000026AE (0x267 bytes), align: 0
  Segment part 25.            Intra module refs:   _PrintfLargeNoMb
           LOCAL                   ADDRESS         
           =====                   =======         
           _LdtobLargeNoMb         00002448 
               calls direct
               CSTACK = 00000000 ( 0000004C )
    -------------------------------------------------------------------------
CODE
  Relative segment, address: 000026AF - 000026B4 (0x6 bytes), align: 0
  Segment part 26.            Intra module refs:   _GenldLargeNoMb
                                                   _LdtobLargeNoMb
                                                   _LitobLargeNoMb
    -------------------------------------------------------------------------
CODE
  Relative segment, address: 000026B5 - 000026BB (0x7 bytes), align: 0
  Segment part 27.            Intra module refs:   _GenldLargeNoMb
                                                   _LdtobLargeNoMb
                                                   _PrintfLargeNoMb
    -------------------------------------------------------------------------
CODE
  Relative segment, address: 000026BC - 00002A5B (0x3a0 bytes), align: 0
  Segment part 28.            Intra module refs:   _LdtobLargeNoMb
           LOCAL                   ADDRESS         
           =====                   =======         
           _GenldLargeNoMb         000026BC 
               calls direct
               CSTACK = 00000004 ( 00000020 )
    -------------------------------------------------------------------------
CODE
  Relative segment, address: 00002A5C - 00002A64 (0x9 bytes), align: 0
  Segment part 29.            Intra module refs:   _GenldLargeNoMb
    -------------------------------------------------------------------------
CODE
  Relative segment, address: 00002A65 - 00002A6D (0x9 bytes), align: 0
  Segment part 30.            Intra module refs:   _GenldLargeNoMb
    -------------------------------------------------------------------------
CODE
  Relative segment, address: 00002A6E - 00002A91 (0x24 bytes), align: 0
  Segment part 31.            Intra module refs:   _PrintfLargeNoMb
                                                   _PutcharsLargeNoMb
           LOCAL                   ADDRESS         
           =====                   =======         
           _PutcharLargeNoMb       00002A6E 
               calls indirect
               CSTACK = 00000000 ( 00000004 )
    -------------------------------------------------------------------------
CODE
  Relative segment, address: 00002A92 - 00002ABF (0x2e bytes), align: 0
  Segment part 32.            Intra module refs:   _PrintfLargeNoMb
                                                   pad
           LOCAL                   ADDRESS         
           =====                   =======         
           _PutcharsLargeNoMb      00002A92 
               calls direct
               CSTACK = 00000002 ( 00000006 )
    -------------------------------------------------------------------------
NEAR_ID
  Relative segment, address: 00002D32 - 00002D39 (0x8 bytes), align: 1
  Segment part 3.             Intra module refs:   Segment part 2
    -------------------------------------------------------------------------
NEAR_ID
  Relative segment, address: 00002D3A - 00002D3D (0x4 bytes), align: 1
  Segment part 5.             Intra module refs:   Segment part 4
    -------------------------------------------------------------------------
NEAR_ID
  Relative segment, address: 00002D3E - 00002D41 (0x4 bytes), align: 1
  Segment part 7.             Intra module refs:   Segment part 6
    -------------------------------------------------------------------------
NEAR_ID
  Relative segment, address: 00002D42 - 00002D45 (0x4 bytes), align: 1
  Segment part 9.             Intra module refs:   Segment part 8
    -------------------------------------------------------------------------
NEAR_ID
  Relative segment, address: 00002D46 - 00002D49 (0x4 bytes), align: 1
  Segment part 11.            Intra module refs:   Segment part 10
    -------------------------------------------------------------------------
NEAR_ID
  Relative segment, address: 00002D4A - 00002D4B (0x2 bytes), align: 1
  Segment part 13.            Intra module refs:   Segment part 12
    -------------------------------------------------------------------------
NEAR_I
  Relative segment, address: 000F9F2C - 000F9F33 (0x8 bytes), align: 1
  Segment part 2.             Intra module refs:   _PrintfLargeNoMb
    -------------------------------------------------------------------------
NEAR_I
  Relative segment, address: 000F9F34 - 000F9F37 (0x4 bytes), align: 1
  Segment part 4.             Intra module refs:   _LdtobLargeNoMb
    -------------------------------------------------------------------------
NEAR_I
  Relative segment, address: 000F9F38 - 000F9F3B (0x4 bytes), align: 1
  Segment part 6.             Intra module refs:   _LdtobLargeNoMb
    -------------------------------------------------------------------------
NEAR_I
  Relative segment, address: 000F9F3C - 000F9F3F (0x4 bytes), align: 1
  Segment part 8.             Intra module refs:   _LdtobLargeNoMb
    -------------------------------------------------------------------------
NEAR_I
  Relative segment, address: 000F9F40 - 000F9F43 (0x4 bytes), align: 1
  Segment part 10.            Intra module refs:   _LdtobLargeNoMb
    -------------------------------------------------------------------------
NEAR_I
  Relative segment, address: 000F9F44 - 000F9F45 (0x2 bytes), align: 1
  Segment part 12.            Intra module refs:   _GenldLargeNoMb

    -------------------------------------------------------------------------
  LIBRARY MODULE, NAME : ?xsprout

  SEGMENTS IN THE MODULE
  ======================
CODE
  Relative segment, address: 00002AC0 - 00002ACB (0xc bytes), align: 0
  Segment part 2.
           ENTRY                   ADDRESS         REF BY
           =====                   =======         ======
           _SProut                 00002AC0        sprintf (?sprintf)
                                                   vsprintf (?vsprintf)
               CSTACK = 00000000 ( 00000002 )

    -------------------------------------------------------------------------
  LIBRARY MODULE, NAME : ?xxmemxfree

  SEGMENTS IN THE MODULE
  ======================
CODE
  Relative segment, address: 00002ACC - 00002B8A (0xbf bytes), align: 0
  Segment part 2.
           ENTRY                   ADDRESS         REF BY
           =====                   =======         ======
           __near_free             00002ACC        __near_findmem (?xxmemxmalloc)
               CSTACK = 00000000 ( 0000000A )

    -------------------------------------------------------------------------
  LIBRARY MODULE, NAME : ?xxmemxmalloc

  SEGMENTS IN THE MODULE
  ======================
NEAR_Z
  Relative segment, address: 000FA052 - 000FA055 (0x4 bytes), align: 1
  Segment part 2.             Intra module refs:   __near_findmem
                                                   __near_malloc
           ENTRY                   ADDRESS         REF BY
           =====                   =======         ======
           __near_Aldata           000FA052        __near_free (?xxmemxfree)
    -------------------------------------------------------------------------
CODE
  Relative segment, address: 00002B8B - 00002BED (0x63 bytes), align: 0
  Segment part 4.             Intra module refs:   __near_malloc
           LOCAL                   ADDRESS         
           =====                   =======         
           __near_findmem          00002B8B 
               calls direct
               CSTACK = 00000000 ( 00000006 )
    -------------------------------------------------------------------------
CODE
  Relative segment, address: 00002BEE - 00002C6F (0x82 bytes), align: 0
  Segment part 8.
           ENTRY                   ADDRESS         REF BY
           =====                   =======         ======
           __near_malloc           00002BEE        malloc (glyph)
               calls direct
               CSTACK = 00000000 ( 00000008 )
    -------------------------------------------------------------------------
CODE
  Relative segment, address: 00002C70 - 00002C78 (0x9 bytes), align: 0
  Segment part 12.            Intra module refs:   __near_malloc




                ****************************************
                *                                      *
                *            MODULE SUMMARY            *
                *                                      *
                ****************************************

Module                     CODE      DATA       CONST
------                     ----      ----       -----
                          (Rel)   (Rel)  (Abs)  (Rel)
?CHAR_SSWITCH_L10            23
?CSTARTUP                    47
  + common                    2
?FCMP_LT                     77
?FLOAT_2_SIGNED_LONG        107
?FLOAT_ADD_SUB              604
?FLOAT_DIV                  376
?FLOAT_MUL                  341
?FLOAT_NEG_L04               41
?FUNCTION_LEAVE_L06          50
?INT_LSH_L02                 12
?INT_SSWITCH_L10             33
?LONG_FLOAT_DEALLOC_L06      23
?LONG_NEG_L03                31
?MEMCPY_NEAR                 12
?MEMCPY_SMALL_NEAR            8
?MOVE_LONG_OBJECT_L06        50
?SIGNED_LONG_2_FLOAT         85
?SINT_CMP_L02                12
?SINT_RSH_L02                13
?SLONG_CMP_L03               51
?SUBN_ARG                    11
?WRKSEG_DEFINE_L09                    9
?__INIT_NEAR_I               26
?__INIT_NEAR_Z               19
?__INIT_WRKSEG               11
?__MAIN_CALL                  6
?__dbg_break                  3
?__exit                      16
?_exit                        5
?div                         28
?exit                         3
?memchr                      21
?sprintf                     55
?strcat                      27
?strchr                      16
?strlen                      14
?vsprintf                    42
?xdnorm                      90
?xdunscal                    86
?xgetmemchunk                30       2
?xprintflarge_nomb        3 576      26            26
?xsprout                     12
?xxmemxfree                 191
?xxmemxmalloc               238       4
RDKRL78_spi                 172      12      1     12
  + shared                                   3
ST7579_LCD                2 099                   140
YRDKRL78_LCD                 43
__HWDIV_8_8_8                16
__HWSDIV_16_16_16            65
__HWSDIV_32_32_32           173
__HWSxxx_32_32_32            23
font_8x8                          3 072         3 072
font_x5x7                         1 528         1 528
glyph                       260
glyph_register              100
gpssim                      482     324           182
lcd                         185       4             2
r_cg_adc                     77             13
  + shared                                  12
r_cg_adc_user                 2
  + common                   54
r_cg_cgc                     42              4
r_cg_it                      39              2
r_cg_it_user                 15
  + common                   58
r_cg_port                    51              7
  + shared                                   5
r_cg_serial                 320      16     44
  + shared                                  10
r_cg_serial_user            141       3      4
  + common                   40
r_main                       54          1 024
r_systeminit                 47              5
rtc_sched                   253     105
N/A (command line)                  768
N/A (alignment)               2  -4 750
----------               ------   -----  -----  -----
Total:                   11 183   1 123  1 134  4 962
  + common                   58


                ****************************************
                *                                      *
                *      SEGMENTS IN ADDRESS ORDER       *
                *                                      *
                ****************************************


SEGMENT              SPACE    START ADDRESS   END ADDRESS     SIZE  TYPE  ALIGN
=======              =====    =============   ===========     ====  ====  =====
__aseg                                  00000000                     rel    0
INTVEC                             00000000 - 00000039          3A   com    1
OPTBYTE                            000000C0 - 000000C3           4   rel    0
SECUID                             000000C4 - 000000CD           A   rel    1
RCODE                              000000D8 - 00000A08         931   rel    1
CODE                               00000A09 - 00002C78        2270   rel    0
SWITCH                             00002C7A - 00002D05          8C   rel    1
NEAR_ID                            00002D06 - 00002D4D          48   rel    1
NEAR_CONST_ID                      00003000 - 0000428D        128E   rel    1
NEAR_A                             000F0010 - 000F0012           3   rel    0
                                   000F0060 - 000F0060           1 
                                   000F006A - 000F006A           1 
                                   000F006C - 000F006C           1 
                                   000F006E - 000F006E           1 
                                   000F0070 - 000F0070           1 
                                   000F0076 - 000F0079           4 
                                   000F007B - 000F007B           1 
                                   000F00F0 - 000F00F0           1 
                                   000F00F3 - 000F00F3           1 
                                   000F0106 - 000F0107           2 
                                   000F010E - 000F010F           2 
                                   000F0114 - 000F0117           4 
                                   000F011C - 000F011F           4 
                                   000F0122 - 000F012B           A 
                                   000F0134 - 000F0135           2 
                                   000F0142 - 000F0143           2 
                                   000F014A - 000F014B           2 
                                   000F0152 - 000F0153           2 
                                   000F015A - 000F015B           2 
                                   000F0162 - 000F016B           A 
                                   000F02F0 - 000F02F0           1 
NEAR_CONST                         000F3000 - 000F428D        128E   rel    1
NEAR_I                             000F9F00 - 000F9F47          48   rel    1
NEAR_Z                             000F9F48 - 000FA059         112   rel    1
FAR_Z                                   000FA05A                     rel    0
NEAR_HEAP                          000FA05A - 000FA159         100   rel    1
NEAR_A                             000FA300 - 000FA6FF         400   rel    0
CSTACK                             000FA700 - 000FA8FF         200   rel    1
WRKSEG                             000FFE20 - 000FFE28           9   rel    1
SADDR_A                            000FFF00 - 000FFF01           2   rel    0
                                   000FFF03 - 000FFF04           2 
                                   000FFF06 - 000FFF07           2 
                                   000FFF0A - 000FFF0A           1 
                                   000FFF0D - 000FFF0F           3 
                                   000FFF1E - 000FFF1F           2 
NEAR_A                             000FFF20 - 000FFF22           3   rel    0
                                   000FFF24 - 000FFF24           1 
                                   000FFF26 - 000FFF27           2 
                                   000FFF2A - 000FFF2A           1 
                                   000FFF2C - 000FFF2C           1 
                                   000FFF2E - 000FFF32           5 
                                   000FFF44 - 000FFF47           4 
                                   000FFF4A - 000FFF4B           2 
                                   000FFF90 - 000FFF91           2 
                                   000FFFA0 - 000FFFA1           2 
                                   000FFFA4 - 000FFFA4           1 
NEAR_A                             000FFFE0 - 000FFFEF          10   rel    0

                ****************************************
                *                                      *
                *        END OF CROSS REFERENCE        *
                *                                      *
                ****************************************

 11 241 bytes of CODE  memory
  1 123 bytes of DATA  memory (+ 1 134 absolute )
  4 962 bytes of CONST memory

Errors: 3
Warnings: none

